Java HotSpot(TM) 64-Bit Server VM (25.151-b12) for windows-amd64 JRE (1.8.0_151-b12), built on Sep  5 2017 19:33:46 by "java_re" with MS VC++ 10.0 (VS2010)
Memory: 4k page, physical 8295652k(2296580k free), swap 14587108k(4004848k free)
CommandLine flags: -XX:InitialHeapSize=536870912 -XX:MaxHeapSize=536870912 -XX:+PrintGC -XX:+PrintGCDateStamps -XX:+PrintGCDetails -XX:+PrintGCTimeStamps -XX:+UseCompressedClassPointers -XX:+UseCompressedOops -XX:+UseG1GC -XX:-UseLargePagesIndividualAllocation 
2021-11-13T16:31:53.050+0800: 0.249: [GC pause (G1 Evacuation Pause) (young), 0.0030640 secs]
   [Parallel Time: 2.3 ms, GC Workers: 8]
      [GC Worker Start (ms): Min: 248.7, Avg: 248.8, Max: 248.9, Diff: 0.1]
      [Ext Root Scanning (ms): Min: 0.1, Avg: 0.3, Max: 0.7, Diff: 0.5, Sum: 2.2]
      [Update RS (ms): Min: 0.0, Avg: 0.0, Max: 0.0, Diff: 0.0, Sum: 0.0]
         [Processed Buffers: Min: 0, Avg: 0.0, Max: 0, Diff: 0, Sum: 0]
      [Scan RS (ms): Min: 0.0, Avg: 0.0, Max: 0.0, Diff: 0.0, Sum: 0.0]
      [Code Root Scanning (ms): Min: 0.0, Avg: 0.0, Max: 0.0, Diff: 0.0, Sum: 0.0]
      [Object Copy (ms): Min: 1.1, Avg: 1.6, Max: 1.9, Diff: 0.8, Sum: 12.5]
      [Termination (ms): Min: 0.0, Avg: 0.2, Max: 0.3, Diff: 0.3, Sum: 1.7]
         [Termination Attempts: Min: 1, Avg: 3.1, Max: 8, Diff: 7, Sum: 25]
      [GC Worker Other (ms): Min: 0.0, Avg: 0.0, Max: 0.1, Diff: 0.0, Sum: 0.3]
      [GC Worker Total (ms): Min: 2.1, Avg: 2.1, Max: 2.2, Diff: 0.1, Sum: 16.8]
      [GC Worker End (ms): Min: 250.9, Avg: 250.9, Max: 250.9, Diff: 0.0]
   [Code Root Fixup: 0.0 ms]
   [Code Root Purge: 0.0 ms]
   [Clear CT: 0.2 ms]
   [Other: 0.6 ms]
      [Choose CSet: 0.0 ms]
      [Ref Proc: 0.3 ms]
      [Ref Enq: 0.0 ms]
      [Redirty Cards: 0.1 ms]
      [Humongous Register: 0.0 ms]
      [Humongous Reclaim: 0.0 ms]
      [Free CSet: 0.0 ms]
   [Eden: 25.0M(25.0M)->0.0B(21.0M) Survivors: 0.0B->4096.0K Heap: 31.1M(512.0M)->14.1M(512.0M)]
 [Times: user=0.00 sys=0.00, real=0.00 secs] 
2021-11-13T16:31:53.065+0800: 0.263: [GC pause (G1 Evacuation Pause) (young), 0.0022836 secs]
   [Parallel Time: 1.7 ms, GC Workers: 8]
      [GC Worker Start (ms): Min: 263.1, Avg: 263.3, Max: 264.4, Diff: 1.4]
      [Ext Root Scanning (ms): Min: 0.0, Avg: 0.1, Max: 0.3, Diff: 0.3, Sum: 1.0]
      [Update RS (ms): Min: 0.0, Avg: 0.0, Max: 0.2, Diff: 0.2, Sum: 0.3]
         [Processed Buffers: Min: 0, Avg: 1.1, Max: 5, Diff: 5, Sum: 9]
      [Scan RS (ms): Min: 0.0, Avg: 0.0, Max: 0.0, Diff: 0.0, Sum: 0.0]
      [Code Root Scanning (ms): Min: 0.0, Avg: 0.0, Max: 0.0, Diff: 0.0, Sum: 0.0]
      [Object Copy (ms): Min: 0.0, Avg: 1.0, Max: 1.3, Diff: 1.3, Sum: 8.3]
      [Termination (ms): Min: 0.0, Avg: 0.1, Max: 0.2, Diff: 0.2, Sum: 1.0]
         [Termination Attempts: Min: 1, Avg: 1.0, Max: 1, Diff: 0, Sum: 8]
      [GC Worker Other (ms): Min: 0.0, Avg: 0.0, Max: 0.0, Diff: 0.0, Sum: 0.0]
      [GC Worker Total (ms): Min: 0.2, Avg: 1.3, Max: 1.5, Diff: 1.4, Sum: 10.7]
      [GC Worker End (ms): Min: 264.6, Avg: 264.6, Max: 264.6, Diff: 0.0]
   [Code Root Fixup: 0.0 ms]
   [Code Root Purge: 0.0 ms]
   [Clear CT: 0.2 ms]
   [Other: 0.4 ms]
      [Choose CSet: 0.0 ms]
      [Ref Proc: 0.2 ms]
      [Ref Enq: 0.0 ms]
      [Redirty Cards: 0.1 ms]
      [Humongous Register: 0.0 ms]
      [Humongous Reclaim: 0.0 ms]
      [Free CSet: 0.0 ms]
   [Eden: 21.0M(21.0M)->0.0B(38.0M) Survivors: 4096.0K->4096.0K Heap: 44.6M(512.0M)->25.5M(512.0M)]
 [Times: user=0.00 sys=0.00, real=0.00 secs] 
2021-11-13T16:31:53.089+0800: 0.287: [GC pause (G1 Evacuation Pause) (young), 0.0046331 secs]
   [Parallel Time: 3.7 ms, GC Workers: 8]
      [GC Worker Start (ms): Min: 287.0, Avg: 287.1, Max: 287.2, Diff: 0.2]
      [Ext Root Scanning (ms): Min: 0.0, Avg: 0.1, Max: 0.2, Diff: 0.2, Sum: 0.8]
      [Update RS (ms): Min: 0.0, Avg: 0.6, Max: 3.3, Diff: 3.3, Sum: 4.4]
         [Processed Buffers: Min: 1, Avg: 1.0, Max: 1, Diff: 0, Sum: 8]
      [Scan RS (ms): Min: 0.0, Avg: 0.0, Max: 0.0, Diff: 0.0, Sum: 0.0]
      [Code Root Scanning (ms): Min: 0.0, Avg: 0.0, Max: 0.0, Diff: 0.0, Sum: 0.0]
      [Object Copy (ms): Min: 0.0, Avg: 2.6, Max: 3.4, Diff: 3.4, Sum: 21.1]
      [Termination (ms): Min: 0.0, Avg: 0.2, Max: 0.4, Diff: 0.4, Sum: 1.8]
         [Termination Attempts: Min: 1, Avg: 1.0, Max: 1, Diff: 0, Sum: 8]
      [GC Worker Other (ms): Min: 0.0, Avg: 0.0, Max: 0.0, Diff: 0.0, Sum: 0.1]
      [GC Worker Total (ms): Min: 3.4, Avg: 3.5, Max: 3.6, Diff: 0.2, Sum: 28.2]
      [GC Worker End (ms): Min: 290.6, Avg: 290.6, Max: 290.6, Diff: 0.0]
   [Code Root Fixup: 0.0 ms]
   [Code Root Purge: 0.0 ms]
   [Clear CT: 0.1 ms]
   [Other: 0.9 ms]
      [Choose CSet: 0.0 ms]
      [Ref Proc: 0.2 ms]
      [Ref Enq: 0.0 ms]
      [Redirty Cards: 0.2 ms]
      [Humongous Register: 0.0 ms]
      [Humongous Reclaim: 0.1 ms]
      [Free CSet: 0.1 ms]
   [Eden: 38.0M(38.0M)->0.0B(62.0M) Survivors: 4096.0K->6144.0K Heap: 79.0M(512.0M)->48.8M(512.0M)]
 [Times: user=0.03 sys=0.06, real=0.01 secs] 
2021-11-13T16:31:53.116+0800: 0.314: [GC pause (G1 Evacuation Pause) (young), 0.0046395 secs]
   [Parallel Time: 3.9 ms, GC Workers: 8]
      [GC Worker Start (ms): Min: 313.9, Avg: 314.0, Max: 314.1, Diff: 0.2]
      [Ext Root Scanning (ms): Min: 0.0, Avg: 0.1, Max: 0.2, Diff: 0.2, Sum: 0.8]
      [Update RS (ms): Min: 0.1, Avg: 0.1, Max: 0.1, Diff: 0.1, Sum: 0.7]
         [Processed Buffers: Min: 1, Avg: 1.5, Max: 2, Diff: 1, Sum: 12]
      [Scan RS (ms): Min: 0.0, Avg: 0.0, Max: 0.0, Diff: 0.0, Sum: 0.1]
      [Code Root Scanning (ms): Min: 0.0, Avg: 0.0, Max: 0.0, Diff: 0.0, Sum: 0.0]
      [Object Copy (ms): Min: 3.3, Avg: 3.4, Max: 3.5, Diff: 0.2, Sum: 27.0]
      [Termination (ms): Min: 0.0, Avg: 0.1, Max: 0.2, Diff: 0.2, Sum: 0.9]
         [Termination Attempts: Min: 1, Avg: 1.0, Max: 1, Diff: 0, Sum: 8]
      [GC Worker Other (ms): Min: 0.0, Avg: 0.0, Max: 0.0, Diff: 0.0, Sum: 0.1]
      [GC Worker Total (ms): Min: 3.6, Avg: 3.7, Max: 3.8, Diff: 0.2, Sum: 29.6]
      [GC Worker End (ms): Min: 317.7, Avg: 317.7, Max: 317.7, Diff: 0.0]
   [Code Root Fixup: 0.0 ms]
   [Code Root Purge: 0.0 ms]
   [Clear CT: 0.2 ms]
   [Other: 0.6 ms]
      [Choose CSet: 0.0 ms]
      [Ref Proc: 0.2 ms]
      [Ref Enq: 0.0 ms]
      [Redirty Cards: 0.1 ms]
      [Humongous Register: 0.0 ms]
      [Humongous Reclaim: 0.1 ms]
      [Free CSet: 0.1 ms]
   [Eden: 62.0M(62.0M)->0.0B(91.0M) Survivors: 6144.0K->9216.0K Heap: 123.6M(512.0M)->74.1M(512.0M)]
 [Times: user=0.00 sys=0.00, real=0.01 secs] 
2021-11-13T16:31:53.157+0800: 0.355: [GC pause (G1 Evacuation Pause) (young), 0.0080268 secs]
   [Parallel Time: 7.4 ms, GC Workers: 8]
      [GC Worker Start (ms): Min: 354.6, Avg: 355.2, Max: 356.8, Diff: 2.1]
      [Ext Root Scanning (ms): Min: 0.0, Avg: 0.1, Max: 0.2, Diff: 0.2, Sum: 0.7]
      [Update RS (ms): Min: 0.0, Avg: 0.1, Max: 0.2, Diff: 0.2, Sum: 0.8]
         [Processed Buffers: Min: 0, Avg: 1.5, Max: 3, Diff: 3, Sum: 12]
      [Scan RS (ms): Min: 0.0, Avg: 0.0, Max: 0.0, Diff: 0.0, Sum: 0.1]
      [Code Root Scanning (ms): Min: 0.0, Avg: 0.0, Max: 0.0, Diff: 0.0, Sum: 0.0]
      [Object Copy (ms): Min: 5.0, Avg: 6.4, Max: 6.8, Diff: 1.9, Sum: 50.9]
      [Termination (ms): Min: 0.0, Avg: 0.1, Max: 0.2, Diff: 0.2, Sum: 1.1]
         [Termination Attempts: Min: 1, Avg: 1.0, Max: 1, Diff: 0, Sum: 8]
      [GC Worker Other (ms): Min: 0.0, Avg: 0.0, Max: 0.0, Diff: 0.0, Sum: 0.1]
      [GC Worker Total (ms): Min: 5.1, Avg: 6.7, Max: 7.2, Diff: 2.1, Sum: 53.7]
      [GC Worker End (ms): Min: 361.9, Avg: 361.9, Max: 361.9, Diff: 0.0]
   [Code Root Fixup: 0.0 ms]
   [Code Root Purge: 0.0 ms]
   [Clear CT: 0.1 ms]
   [Other: 0.5 ms]
      [Choose CSet: 0.0 ms]
      [Ref Proc: 0.2 ms]
      [Ref Enq: 0.0 ms]
      [Redirty Cards: 0.2 ms]
      [Humongous Register: 0.0 ms]
      [Humongous Reclaim: 0.0 ms]
      [Free CSet: 0.0 ms]
   [Eden: 91.0M(91.0M)->0.0B(101.0M) Survivors: 9216.0K->13.0M Heap: 187.4M(512.0M)->108.8M(512.0M)]
 [Times: user=0.00 sys=0.00, real=0.01 secs] 
2021-11-13T16:31:53.196+0800: 0.394: [GC pause (G1 Evacuation Pause) (young), 0.0079115 secs]
   [Parallel Time: 7.2 ms, GC Workers: 8]
      [GC Worker Start (ms): Min: 394.6, Avg: 395.2, Max: 395.9, Diff: 1.2]
      [Ext Root Scanning (ms): Min: 0.0, Avg: 0.1, Max: 0.2, Diff: 0.2, Sum: 0.7]
      [Update RS (ms): Min: 0.0, Avg: 0.1, Max: 0.3, Diff: 0.3, Sum: 1.0]
         [Processed Buffers: Min: 0, Avg: 1.6, Max: 5, Diff: 5, Sum: 13]
      [Scan RS (ms): Min: 0.0, Avg: 0.0, Max: 0.0, Diff: 0.0, Sum: 0.1]
      [Code Root Scanning (ms): Min: 0.0, Avg: 0.0, Max: 0.0, Diff: 0.0, Sum: 0.0]
      [Object Copy (ms): Min: 5.7, Avg: 6.3, Max: 6.6, Diff: 0.9, Sum: 50.0]
      [Termination (ms): Min: 0.0, Avg: 0.1, Max: 0.2, Diff: 0.2, Sum: 0.6]
         [Termination Attempts: Min: 1, Avg: 1.3, Max: 3, Diff: 2, Sum: 10]
      [GC Worker Other (ms): Min: 0.0, Avg: 0.0, Max: 0.0, Diff: 0.0, Sum: 0.1]
      [GC Worker Total (ms): Min: 5.9, Avg: 6.6, Max: 7.1, Diff: 1.3, Sum: 52.6]
      [GC Worker End (ms): Min: 401.7, Avg: 401.7, Max: 401.8, Diff: 0.0]
   [Code Root Fixup: 0.0 ms]
   [Code Root Purge: 0.0 ms]
   [Clear CT: 0.2 ms]
   [Other: 0.5 ms]
      [Choose CSet: 0.0 ms]
      [Ref Proc: 0.1 ms]
      [Ref Enq: 0.0 ms]
      [Redirty Cards: 0.2 ms]
      [Humongous Register: 0.1 ms]
      [Humongous Reclaim: 0.0 ms]
      [Free CSet: 0.0 ms]
   [Eden: 101.0M(101.0M)->0.0B(149.0M) Survivors: 13.0M->15.0M Heap: 234.3M(512.0M)->147.7M(512.0M)]
 [Times: user=0.02 sys=0.09, real=0.01 secs] 
2021-11-13T16:31:53.268+0800: 0.467: [GC pause (G1 Evacuation Pause) (young), 0.0134336 secs]
   [Parallel Time: 12.7 ms, GC Workers: 8]
      [GC Worker Start (ms): Min: 467.1, Avg: 467.9, Max: 470.3, Diff: 3.2]
      [Ext Root Scanning (ms): Min: 0.0, Avg: 0.1, Max: 0.2, Diff: 0.2, Sum: 0.8]
      [Update RS (ms): Min: 0.0, Avg: 0.1, Max: 0.3, Diff: 0.3, Sum: 1.1]
         [Processed Buffers: Min: 0, Avg: 1.8, Max: 5, Diff: 5, Sum: 14]
      [Scan RS (ms): Min: 0.0, Avg: 0.0, Max: 0.0, Diff: 0.0, Sum: 0.2]
      [Code Root Scanning (ms): Min: 0.0, Avg: 0.0, Max: 0.0, Diff: 0.0, Sum: 0.0]
      [Object Copy (ms): Min: 9.2, Avg: 11.2, Max: 11.9, Diff: 2.6, Sum: 89.6]
      [Termination (ms): Min: 0.0, Avg: 0.2, Max: 0.4, Diff: 0.4, Sum: 1.7]
         [Termination Attempts: Min: 1, Avg: 1.3, Max: 3, Diff: 2, Sum: 10]
      [GC Worker Other (ms): Min: 0.0, Avg: 0.0, Max: 0.0, Diff: 0.0, Sum: 0.1]
      [GC Worker Total (ms): Min: 9.4, Avg: 11.7, Max: 12.6, Diff: 3.2, Sum: 93.5]
      [GC Worker End (ms): Min: 479.6, Avg: 479.6, Max: 479.6, Diff: 0.0]
   [Code Root Fixup: 0.0 ms]
   [Code Root Purge: 0.0 ms]
   [Clear CT: 0.1 ms]
   [Other: 0.6 ms]
      [Choose CSet: 0.0 ms]
      [Ref Proc: 0.1 ms]
      [Ref Enq: 0.0 ms]
      [Redirty Cards: 0.1 ms]
      [Humongous Register: 0.1 ms]
      [Humongous Reclaim: 0.1 ms]
      [Free CSet: 0.1 ms]
   [Eden: 149.0M(149.0M)->0.0B(164.0M) Survivors: 15.0M->21.0M Heap: 337.9M(512.0M)->199.4M(512.0M)]
 [Times: user=0.03 sys=0.05, real=0.01 secs] 
2021-11-13T16:31:53.295+0800: 0.494: [GC pause (G1 Humongous Allocation) (young) (initial-mark), 0.0055681 secs]
   [Parallel Time: 5.0 ms, GC Workers: 8]
      [GC Worker Start (ms): Min: 493.9, Avg: 494.0, Max: 494.1, Diff: 0.2]
      [Ext Root Scanning (ms): Min: 0.0, Avg: 1.8, Max: 4.8, Diff: 4.8, Sum: 14.2]
      [Update RS (ms): Min: 0.0, Avg: 0.1, Max: 0.2, Diff: 0.2, Sum: 1.0]
         [Processed Buffers: Min: 0, Avg: 1.9, Max: 4, Diff: 4, Sum: 15]
      [Scan RS (ms): Min: 0.0, Avg: 0.0, Max: 0.0, Diff: 0.0, Sum: 0.1]
      [Code Root Scanning (ms): Min: 0.0, Avg: 0.0, Max: 0.0, Diff: 0.0, Sum: 0.0]
      [Object Copy (ms): Min: 0.0, Avg: 2.9, Max: 4.5, Diff: 4.5, Sum: 23.1]
      [Termination (ms): Min: 0.0, Avg: 0.0, Max: 0.1, Diff: 0.1, Sum: 0.3]
         [Termination Attempts: Min: 1, Avg: 1.5, Max: 2, Diff: 1, Sum: 12]
      [GC Worker Other (ms): Min: 0.0, Avg: 0.0, Max: 0.0, Diff: 0.0, Sum: 0.1]
      [GC Worker Total (ms): Min: 4.7, Avg: 4.8, Max: 4.9, Diff: 0.2, Sum: 38.8]
      [GC Worker End (ms): Min: 498.8, Avg: 498.8, Max: 498.8, Diff: 0.0]
   [Code Root Fixup: 0.0 ms]
   [Code Root Purge: 0.0 ms]
   [Clear CT: 0.1 ms]
   [Other: 0.5 ms]
      [Choose CSet: 0.0 ms]
      [Ref Proc: 0.1 ms]
      [Ref Enq: 0.0 ms]
      [Redirty Cards: 0.1 ms]
      [Humongous Register: 0.0 ms]
      [Humongous Reclaim: 0.0 ms]
      [Free CSet: 0.1 ms]
   [Eden: 51.0M(164.0M)->0.0B(145.0M) Survivors: 21.0M->15.0M Heap: 265.0M(512.0M)->217.2M(512.0M)]
 [Times: user=0.00 sys=0.00, real=0.01 secs] 
2021-11-13T16:31:53.301+0800: 0.500: [GC concurrent-root-region-scan-start]
2021-11-13T16:31:53.301+0800: 0.500: [GC concurrent-root-region-scan-end, 0.0002303 secs]
2021-11-13T16:31:53.301+0800: 0.500: [GC concurrent-mark-start]
2021-11-13T16:31:53.303+0800: 0.502: [GC concurrent-mark-end, 0.0020030 secs]
2021-11-13T16:31:53.303+0800: 0.502: [GC remark 2021-11-13T16:31:53.303+0800: 0.502: [Finalize Marking, 0.0001668 secs] 2021-11-13T16:31:53.304+0800: 0.502: [GC ref-proc, 0.0002633 secs] 2021-11-13T16:31:53.304+0800: 0.502: [Unloading, 0.0005117 secs], 0.0014571 secs]
 [Times: user=0.00 sys=0.00, real=0.00 secs] 
2021-11-13T16:31:53.305+0800: 0.504: [GC cleanup 228M->226M(512M), 0.0004904 secs]
 [Times: user=0.00 sys=0.00, real=0.00 secs] 
2021-11-13T16:31:53.306+0800: 0.504: [GC concurrent-cleanup-start]
2021-11-13T16:31:53.306+0800: 0.504: [GC concurrent-cleanup-end, 0.0000084 secs]
2021-11-13T16:31:53.345+0800: 0.543: [GC pause (G1 Evacuation Pause) (young) (to-space exhausted), 0.0079509 secs]
   [Parallel Time: 7.3 ms, GC Workers: 8]
      [GC Worker Start (ms): Min: 543.2, Avg: 543.5, Max: 545.5, Diff: 2.3]
      [Ext Root Scanning (ms): Min: 0.0, Avg: 0.1, Max: 0.1, Diff: 0.1, Sum: 0.9]
      [Update RS (ms): Min: 0.0, Avg: 0.2, Max: 0.3, Diff: 0.3, Sum: 1.3]
         [Processed Buffers: Min: 0, Avg: 2.0, Max: 3, Diff: 3, Sum: 16]
      [Scan RS (ms): Min: 0.0, Avg: 0.0, Max: 0.0, Diff: 0.0, Sum: 0.1]
      [Code Root Scanning (ms): Min: 0.0, Avg: 0.0, Max: 0.0, Diff: 0.0, Sum: 0.0]
      [Object Copy (ms): Min: 4.8, Avg: 6.6, Max: 6.9, Diff: 2.0, Sum: 52.4]
      [Termination (ms): Min: 0.0, Avg: 0.0, Max: 0.1, Diff: 0.1, Sum: 0.4]
         [Termination Attempts: Min: 1, Avg: 1.3, Max: 3, Diff: 2, Sum: 10]
      [GC Worker Other (ms): Min: 0.0, Avg: 0.0, Max: 0.0, Diff: 0.0, Sum: 0.1]
      [GC Worker Total (ms): Min: 4.9, Avg: 6.9, Max: 7.2, Diff: 2.3, Sum: 55.1]
      [GC Worker End (ms): Min: 550.4, Avg: 550.4, Max: 550.4, Diff: 0.0]
   [Code Root Fixup: 0.0 ms]
   [Code Root Purge: 0.0 ms]
   [Clear CT: 0.1 ms]
   [Other: 0.6 ms]
      [Evacuation Failure: 0.1 ms]
      [Choose CSet: 0.0 ms]
      [Ref Proc: 0.1 ms]
      [Ref Enq: 0.0 ms]
      [Redirty Cards: 0.1 ms]
      [Humongous Register: 0.1 ms]
      [Humongous Reclaim: 0.1 ms]
      [Free CSet: 0.1 ms]
   [Eden: 145.0M(145.0M)->0.0B(5120.0K) Survivors: 15.0M->20.0M Heap: 402.2M(512.0M)->278.4M(512.0M)]
 [Times: user=0.00 sys=0.00, real=0.01 secs] 
2021-11-13T16:31:53.354+0800: 0.552: [GC pause (G1 Evacuation Pause) (mixed), 0.0039728 secs]
   [Parallel Time: 3.5 ms, GC Workers: 8]
      [GC Worker Start (ms): Min: 552.4, Avg: 552.5, Max: 552.9, Diff: 0.4]
      [Ext Root Scanning (ms): Min: 0.0, Avg: 0.1, Max: 0.1, Diff: 0.1, Sum: 0.8]
      [Update RS (ms): Min: 0.0, Avg: 0.1, Max: 0.2, Diff: 0.2, Sum: 1.0]
         [Processed Buffers: Min: 0, Avg: 2.6, Max: 4, Diff: 4, Sum: 21]
      [Scan RS (ms): Min: 0.0, Avg: 0.0, Max: 0.1, Diff: 0.1, Sum: 0.2]
      [Code Root Scanning (ms): Min: 0.0, Avg: 0.0, Max: 0.0, Diff: 0.0, Sum: 0.0]
      [Object Copy (ms): Min: 3.0, Avg: 3.1, Max: 3.1, Diff: 0.2, Sum: 24.5]
      [Termination (ms): Min: 0.0, Avg: 0.0, Max: 0.1, Diff: 0.1, Sum: 0.4]
         [Termination Attempts: Min: 1, Avg: 1.0, Max: 1, Diff: 0, Sum: 8]
      [GC Worker Other (ms): Min: 0.0, Avg: 0.0, Max: 0.0, Diff: 0.0, Sum: 0.0]
      [GC Worker Total (ms): Min: 3.0, Avg: 3.4, Max: 3.5, Diff: 0.4, Sum: 27.0]
      [GC Worker End (ms): Min: 555.9, Avg: 555.9, Max: 555.9, Diff: 0.0]
   [Code Root Fixup: 0.0 ms]
   [Code Root Purge: 0.0 ms]
   [Clear CT: 0.1 ms]
   [Other: 0.4 ms]
      [Choose CSet: 0.0 ms]
      [Ref Proc: 0.1 ms]
      [Ref Enq: 0.0 ms]
      [Redirty Cards: 0.1 ms]
      [Humongous Register: 0.1 ms]
      [Humongous Reclaim: 0.0 ms]
      [Free CSet: 0.0 ms]
   [Eden: 5120.0K(5120.0K)->0.0B(114.0M) Survivors: 20.0M->1024.0K Heap: 284.7M(512.0M)->265.9M(512.0M)]
 [Times: user=0.09 sys=0.03, real=0.00 secs] 
2021-11-13T16:31:53.360+0800: 0.558: [GC pause (G1 Humongous Allocation) (young) (initial-mark), 0.0011498 secs]
   [Parallel Time: 0.6 ms, GC Workers: 8]
      [GC Worker Start (ms): Min: 558.6, Avg: 558.6, Max: 558.8, Diff: 0.2]
      [Ext Root Scanning (ms): Min: 0.0, Avg: 0.2, Max: 0.3, Diff: 0.3, Sum: 1.4]
      [Update RS (ms): Min: 0.0, Avg: 0.1, Max: 0.3, Diff: 0.3, Sum: 0.9]
         [Processed Buffers: Min: 0, Avg: 1.1, Max: 3, Diff: 3, Sum: 9]
      [Scan RS (ms): Min: 0.0, Avg: 0.0, Max: 0.0, Diff: 0.0, Sum: 0.0]
      [Code Root Scanning (ms): Min: 0.0, Avg: 0.0, Max: 0.0, Diff: 0.0, Sum: 0.0]
      [Object Copy (ms): Min: 0.0, Avg: 0.1, Max: 0.2, Diff: 0.2, Sum: 0.7]
      [Termination (ms): Min: 0.0, Avg: 0.1, Max: 0.2, Diff: 0.2, Sum: 0.7]
         [Termination Attempts: Min: 1, Avg: 1.8, Max: 3, Diff: 2, Sum: 14]
      [GC Worker Other (ms): Min: 0.0, Avg: 0.0, Max: 0.0, Diff: 0.0, Sum: 0.1]
      [GC Worker Total (ms): Min: 0.3, Avg: 0.5, Max: 0.6, Diff: 0.2, Sum: 3.8]
      [GC Worker End (ms): Min: 559.1, Avg: 559.1, Max: 559.1, Diff: 0.0]
   [Code Root Fixup: 0.0 ms]
   [Code Root Purge: 0.0 ms]
   [Clear CT: 0.1 ms]
   [Other: 0.4 ms]
      [Choose CSet: 0.0 ms]
      [Ref Proc: 0.1 ms]
      [Ref Enq: 0.0 ms]
      [Redirty Cards: 0.1 ms]
      [Humongous Register: 0.1 ms]
      [Humongous Reclaim: 0.0 ms]
      [Free CSet: 0.0 ms]
   [Eden: 6144.0K(114.0M)->0.0B(120.0M) Survivors: 1024.0K->2048.0K Heap: 271.1M(512.0M)->266.3M(512.0M)]
 [Times: user=0.00 sys=0.00, real=0.00 secs] 
2021-11-13T16:31:53.361+0800: 0.560: [GC concurrent-root-region-scan-start]
2021-11-13T16:31:53.361+0800: 0.560: [GC concurrent-root-region-scan-end, 0.0001144 secs]
2021-11-13T16:31:53.361+0800: 0.560: [GC concurrent-mark-start]
2021-11-13T16:31:53.364+0800: 0.562: [GC concurrent-mark-end, 0.0022896 secs]
2021-11-13T16:31:53.364+0800: 0.562: [GC remark 2021-11-13T16:31:53.364+0800: 0.562: [Finalize Marking, 0.0001757 secs] 2021-11-13T16:31:53.364+0800: 0.563: [GC ref-proc, 0.0002923 secs] 2021-11-13T16:31:53.364+0800: 0.563: [Unloading, 0.0005247 secs], 0.0016454 secs]
 [Times: user=0.00 sys=0.00, real=0.00 secs] 
2021-11-13T16:31:53.366+0800: 0.564: [GC cleanup 278M->277M(512M), 0.0005791 secs]
 [Times: user=0.00 sys=0.00, real=0.00 secs] 
2021-11-13T16:31:53.366+0800: 0.565: [GC concurrent-cleanup-start]
2021-11-13T16:31:53.366+0800: 0.565: [GC concurrent-cleanup-end, 0.0000076 secs]
2021-11-13T16:31:53.390+0800: 0.589: [GC pause (G1 Evacuation Pause) (young) (to-space exhausted), 0.0063267 secs]
   [Parallel Time: 5.6 ms, GC Workers: 8]
      [GC Worker Start (ms): Min: 588.7, Avg: 588.8, Max: 588.9, Diff: 0.2]
      [Ext Root Scanning (ms): Min: 0.0, Avg: 0.1, Max: 0.2, Diff: 0.2, Sum: 0.9]
      [Update RS (ms): Min: 0.1, Avg: 0.2, Max: 0.4, Diff: 0.3, Sum: 1.5]
         [Processed Buffers: Min: 0, Avg: 2.3, Max: 3, Diff: 3, Sum: 18]
      [Scan RS (ms): Min: 0.0, Avg: 0.0, Max: 0.0, Diff: 0.0, Sum: 0.1]
      [Code Root Scanning (ms): Min: 0.0, Avg: 0.0, Max: 0.0, Diff: 0.0, Sum: 0.0]
      [Object Copy (ms): Min: 4.7, Avg: 5.0, Max: 5.1, Diff: 0.4, Sum: 40.0]
      [Termination (ms): Min: 0.0, Avg: 0.1, Max: 0.2, Diff: 0.2, Sum: 0.5]
         [Termination Attempts: Min: 1, Avg: 1.0, Max: 1, Diff: 0, Sum: 8]
      [GC Worker Other (ms): Min: 0.0, Avg: 0.0, Max: 0.0, Diff: 0.0, Sum: 0.1]
      [GC Worker Total (ms): Min: 5.2, Avg: 5.4, Max: 5.5, Diff: 0.2, Sum: 43.1]
      [GC Worker End (ms): Min: 594.2, Avg: 594.2, Max: 594.3, Diff: 0.1]
   [Code Root Fixup: 0.0 ms]
   [Code Root Purge: 0.0 ms]
   [Clear CT: 0.1 ms]
   [Other: 0.6 ms]
      [Evacuation Failure: 0.1 ms]
      [Choose CSet: 0.0 ms]
      [Ref Proc: 0.1 ms]
      [Ref Enq: 0.0 ms]
      [Redirty Cards: 0.1 ms]
      [Humongous Register: 0.1 ms]
      [Humongous Reclaim: 0.1 ms]
      [Free CSet: 0.1 ms]
   [Eden: 120.0M(120.0M)->0.0B(9216.0K) Survivors: 2048.0K->16.0M Heap: 417.0M(512.0M)->310.4M(512.0M)]
 [Times: user=0.00 sys=0.00, real=0.01 secs] 
2021-11-13T16:31:53.398+0800: 0.597: [GC pause (G1 Evacuation Pause) (mixed), 0.0051780 secs]
   [Parallel Time: 4.7 ms, GC Workers: 8]
      [GC Worker Start (ms): Min: 596.8, Avg: 596.9, Max: 597.3, Diff: 0.5]
      [Ext Root Scanning (ms): Min: 0.0, Avg: 0.1, Max: 0.2, Diff: 0.2, Sum: 0.8]
      [Update RS (ms): Min: 0.0, Avg: 0.2, Max: 0.3, Diff: 0.3, Sum: 1.7]
         [Processed Buffers: Min: 0, Avg: 2.9, Max: 5, Diff: 5, Sum: 23]
      [Scan RS (ms): Min: 0.0, Avg: 0.0, Max: 0.0, Diff: 0.0, Sum: 0.1]
      [Code Root Scanning (ms): Min: 0.0, Avg: 0.0, Max: 0.0, Diff: 0.0, Sum: 0.0]
      [Object Copy (ms): Min: 4.1, Avg: 4.1, Max: 4.2, Diff: 0.1, Sum: 32.9]
      [Termination (ms): Min: 0.0, Avg: 0.0, Max: 0.1, Diff: 0.1, Sum: 0.3]
         [Termination Attempts: Min: 1, Avg: 1.4, Max: 3, Diff: 2, Sum: 11]
      [GC Worker Other (ms): Min: 0.0, Avg: 0.0, Max: 0.0, Diff: 0.0, Sum: 0.1]
      [GC Worker Total (ms): Min: 4.1, Avg: 4.5, Max: 4.6, Diff: 0.5, Sum: 35.9]
      [GC Worker End (ms): Min: 601.4, Avg: 601.4, Max: 601.4, Diff: 0.0]
   [Code Root Fixup: 0.0 ms]
   [Code Root Purge: 0.0 ms]
   [Clear CT: 0.1 ms]
   [Other: 0.4 ms]
      [Choose CSet: 0.0 ms]
      [Ref Proc: 0.1 ms]
      [Ref Enq: 0.0 ms]
      [Redirty Cards: 0.1 ms]
      [Humongous Register: 0.1 ms]
      [Humongous Reclaim: 0.0 ms]
      [Free CSet: 0.0 ms]
   [Eden: 9216.0K(9216.0K)->0.0B(103.0M) Survivors: 16.0M->4096.0K Heap: 322.3M(512.0M)->282.6M(512.0M)]
 [Times: user=0.09 sys=0.00, real=0.01 secs] 
2021-11-13T16:31:53.404+0800: 0.602: [GC pause (G1 Humongous Allocation) (young) (initial-mark), 0.0013437 secs]
   [Parallel Time: 0.9 ms, GC Workers: 8]
      [GC Worker Start (ms): Min: 602.5, Avg: 602.6, Max: 602.7, Diff: 0.2]
      [Ext Root Scanning (ms): Min: 0.0, Avg: 0.2, Max: 0.3, Diff: 0.3, Sum: 1.3]
      [Update RS (ms): Min: 0.0, Avg: 0.1, Max: 0.1, Diff: 0.1, Sum: 0.5]
         [Processed Buffers: Min: 0, Avg: 1.1, Max: 3, Diff: 3, Sum: 9]
      [Scan RS (ms): Min: 0.0, Avg: 0.0, Max: 0.0, Diff: 0.0, Sum: 0.0]
      [Code Root Scanning (ms): Min: 0.0, Avg: 0.0, Max: 0.0, Diff: 0.0, Sum: 0.0]
      [Object Copy (ms): Min: 0.4, Avg: 0.4, Max: 0.5, Diff: 0.2, Sum: 3.6]
      [Termination (ms): Min: 0.0, Avg: 0.1, Max: 0.1, Diff: 0.1, Sum: 0.6]
         [Termination Attempts: Min: 1, Avg: 1.0, Max: 1, Diff: 0, Sum: 8]
      [GC Worker Other (ms): Min: 0.0, Avg: 0.0, Max: 0.0, Diff: 0.0, Sum: 0.0]
      [GC Worker Total (ms): Min: 0.6, Avg: 0.8, Max: 0.8, Diff: 0.2, Sum: 6.0]
      [GC Worker End (ms): Min: 603.3, Avg: 603.3, Max: 603.3, Diff: 0.0]
   [Code Root Fixup: 0.0 ms]
   [Code Root Purge: 0.0 ms]
   [Clear CT: 0.1 ms]
   [Other: 0.4 ms]
      [Choose CSet: 0.0 ms]
      [Ref Proc: 0.1 ms]
      [Ref Enq: 0.0 ms]
      [Redirty Cards: 0.1 ms]
      [Humongous Register: 0.1 ms]
      [Humongous Reclaim: 0.0 ms]
      [Free CSet: 0.0 ms]
   [Eden: 4096.0K(103.0M)->0.0B(106.0M) Survivors: 4096.0K->5120.0K Heap: 286.0M(512.0M)->283.3M(512.0M)]
 [Times: user=0.00 sys=0.00, real=0.00 secs] 
2021-11-13T16:31:53.406+0800: 0.604: [GC concurrent-root-region-scan-start]
2021-11-13T16:31:53.406+0800: 0.604: [GC concurrent-root-region-scan-end, 0.0001459 secs]
2021-11-13T16:31:53.406+0800: 0.604: [GC concurrent-mark-start]
2021-11-13T16:31:53.408+0800: 0.606: [GC concurrent-mark-end, 0.0018313 secs]
2021-11-13T16:31:53.408+0800: 0.606: [GC remark 2021-11-13T16:31:53.408+0800: 0.606: [Finalize Marking, 0.0001533 secs] 2021-11-13T16:31:53.408+0800: 0.606: [GC ref-proc, 0.0002737 secs] 2021-11-13T16:31:53.408+0800: 0.606: [Unloading, 0.0005600 secs], 0.0017165 secs]
 [Times: user=0.00 sys=0.00, real=0.00 secs] 
2021-11-13T16:31:53.410+0800: 0.608: [GC cleanup 295M->295M(512M), 0.0005346 secs]
 [Times: user=0.00 sys=0.00, real=0.00 secs] 
2021-11-13T16:31:53.425+0800: 0.623: [GC pause (G1 Evacuation Pause) (young), 0.0060261 secs]
   [Parallel Time: 5.4 ms, GC Workers: 8]
      [GC Worker Start (ms): Min: 623.2, Avg: 623.2, Max: 623.4, Diff: 0.2]
      [Ext Root Scanning (ms): Min: 0.0, Avg: 0.1, Max: 0.2, Diff: 0.2, Sum: 0.9]
      [Update RS (ms): Min: 0.2, Avg: 0.2, Max: 0.3, Diff: 0.1, Sum: 1.7]
         [Processed Buffers: Min: 0, Avg: 2.5, Max: 4, Diff: 4, Sum: 20]
      [Scan RS (ms): Min: 0.0, Avg: 0.0, Max: 0.0, Diff: 0.0, Sum: 0.1]
      [Code Root Scanning (ms): Min: 0.0, Avg: 0.0, Max: 0.0, Diff: 0.0, Sum: 0.0]
      [Object Copy (ms): Min: 4.8, Avg: 4.9, Max: 5.0, Diff: 0.2, Sum: 39.1]
      [Termination (ms): Min: 0.0, Avg: 0.1, Max: 0.1, Diff: 0.1, Sum: 0.7]
         [Termination Attempts: Min: 1, Avg: 1.0, Max: 1, Diff: 0, Sum: 8]
      [GC Worker Other (ms): Min: 0.0, Avg: 0.0, Max: 0.0, Diff: 0.0, Sum: 0.1]
      [GC Worker Total (ms): Min: 5.2, Avg: 5.3, Max: 5.4, Diff: 0.2, Sum: 42.6]
      [GC Worker End (ms): Min: 628.6, Avg: 628.6, Max: 628.6, Diff: 0.0]
   [Code Root Fixup: 0.0 ms]
   [Code Root Purge: 0.0 ms]
   [Clear CT: 0.1 ms]
   [Other: 0.5 ms]
      [Choose CSet: 0.0 ms]
      [Ref Proc: 0.1 ms]
      [Ref Enq: 0.0 ms]
      [Redirty Cards: 0.1 ms]
      [Humongous Register: 0.1 ms]
      [Humongous Reclaim: 0.1 ms]
      [Free CSet: 0.0 ms]
   [Eden: 106.0M(106.0M)->0.0B(11.0M) Survivors: 5120.0K->14.0M Heap: 409.5M(512.0M)->317.5M(512.0M)]
 [Times: user=0.00 sys=0.00, real=0.01 secs] 
2021-11-13T16:31:53.433+0800: 0.631: [GC pause (G1 Evacuation Pause) (mixed), 0.0055171 secs]
   [Parallel Time: 5.0 ms, GC Workers: 8]
      [GC Worker Start (ms): Min: 631.5, Avg: 631.6, Max: 631.7, Diff: 0.2]
      [Ext Root Scanning (ms): Min: 0.0, Avg: 0.1, Max: 0.2, Diff: 0.2, Sum: 0.9]
      [Update RS (ms): Min: 0.2, Avg: 0.2, Max: 0.2, Diff: 0.0, Sum: 1.7]
         [Processed Buffers: Min: 0, Avg: 2.6, Max: 4, Diff: 4, Sum: 21]
      [Scan RS (ms): Min: 0.0, Avg: 0.0, Max: 0.1, Diff: 0.1, Sum: 0.2]
      [Code Root Scanning (ms): Min: 0.0, Avg: 0.0, Max: 0.0, Diff: 0.0, Sum: 0.0]
      [Object Copy (ms): Min: 4.4, Avg: 4.5, Max: 4.5, Diff: 0.0, Sum: 35.6]
      [Termination (ms): Min: 0.0, Avg: 0.0, Max: 0.1, Diff: 0.1, Sum: 0.3]
         [Termination Attempts: Min: 1, Avg: 1.0, Max: 1, Diff: 0, Sum: 8]
      [GC Worker Other (ms): Min: 0.0, Avg: 0.0, Max: 0.0, Diff: 0.0, Sum: 0.1]
      [GC Worker Total (ms): Min: 4.7, Avg: 4.9, Max: 4.9, Diff: 0.2, Sum: 38.8]
      [GC Worker End (ms): Min: 636.4, Avg: 636.4, Max: 636.4, Diff: 0.0]
   [Code Root Fixup: 0.0 ms]
   [Code Root Purge: 0.0 ms]
   [Clear CT: 0.1 ms]
   [Other: 0.4 ms]
      [Choose CSet: 0.0 ms]
      [Ref Proc: 0.1 ms]
      [Ref Enq: 0.0 ms]
      [Redirty Cards: 0.1 ms]
      [Humongous Register: 0.1 ms]
      [Humongous Reclaim: 0.0 ms]
      [Free CSet: 0.0 ms]
   [Eden: 11.0M(11.0M)->0.0B(90.0M) Survivors: 14.0M->3072.0K Heap: 333.2M(512.0M)->297.4M(512.0M)]
 [Times: user=0.06 sys=0.03, real=0.01 secs] 
2021-11-13T16:31:53.440+0800: 0.638: [GC pause (G1 Humongous Allocation) (young) (initial-mark), 0.0014923 secs]
   [Parallel Time: 1.0 ms, GC Workers: 8]
      [GC Worker Start (ms): Min: 638.4, Avg: 638.5, Max: 638.6, Diff: 0.2]
      [Ext Root Scanning (ms): Min: 0.0, Avg: 0.4, Max: 0.7, Diff: 0.7, Sum: 2.8]
      [Update RS (ms): Min: 0.0, Avg: 0.1, Max: 0.5, Diff: 0.5, Sum: 0.9]
         [Processed Buffers: Min: 0, Avg: 1.1, Max: 3, Diff: 3, Sum: 9]
      [Scan RS (ms): Min: 0.0, Avg: 0.0, Max: 0.0, Diff: 0.0, Sum: 0.0]
      [Code Root Scanning (ms): Min: 0.0, Avg: 0.0, Max: 0.0, Diff: 0.0, Sum: 0.0]
      [Object Copy (ms): Min: 0.0, Avg: 0.3, Max: 0.6, Diff: 0.6, Sum: 2.7]
      [Termination (ms): Min: 0.0, Avg: 0.0, Max: 0.1, Diff: 0.1, Sum: 0.4]
         [Termination Attempts: Min: 1, Avg: 1.0, Max: 1, Diff: 0, Sum: 8]
      [GC Worker Other (ms): Min: 0.0, Avg: 0.0, Max: 0.0, Diff: 0.0, Sum: 0.1]
      [GC Worker Total (ms): Min: 0.7, Avg: 0.9, Max: 1.0, Diff: 0.2, Sum: 6.9]
      [GC Worker End (ms): Min: 639.3, Avg: 639.3, Max: 639.4, Diff: 0.0]
   [Code Root Fixup: 0.0 ms]
   [Code Root Purge: 0.0 ms]
   [Clear CT: 0.1 ms]
   [Other: 0.4 ms]
      [Choose CSet: 0.0 ms]
      [Ref Proc: 0.1 ms]
      [Ref Enq: 0.0 ms]
      [Redirty Cards: 0.1 ms]
      [Humongous Register: 0.1 ms]
      [Humongous Reclaim: 0.0 ms]
      [Free CSet: 0.0 ms]
   [Eden: 6144.0K(90.0M)->0.0B(87.0M) Survivors: 3072.0K->4096.0K Heap: 302.8M(512.0M)->298.4M(512.0M)]
 [Times: user=0.00 sys=0.00, real=0.00 secs] 
2021-11-13T16:31:53.442+0800: 0.640: [GC concurrent-root-region-scan-start]
2021-11-13T16:31:53.442+0800: 0.640: [GC concurrent-root-region-scan-end, 0.0002138 secs]
2021-11-13T16:31:53.442+0800: 0.640: [GC concurrent-mark-start]
2021-11-13T16:31:53.445+0800: 0.643: [GC concurrent-mark-end, 0.0025102 secs]
2021-11-13T16:31:53.445+0800: 0.643: [GC remark 2021-11-13T16:31:53.445+0800: 0.643: [Finalize Marking, 0.0001490 secs] 2021-11-13T16:31:53.445+0800: 0.643: [GC ref-proc, 0.0002663 secs] 2021-11-13T16:31:53.445+0800: 0.643: [Unloading, 0.0005099 secs], 0.0017077 secs]
 [Times: user=0.00 sys=0.00, real=0.00 secs] 
2021-11-13T16:31:53.447+0800: 0.645: [GC cleanup 314M->314M(512M), 0.0005370 secs]
 [Times: user=0.00 sys=0.00, real=0.00 secs] 
2021-11-13T16:31:53.463+0800: 0.661: [GC pause (G1 Evacuation Pause) (young), 0.0046743 secs]
   [Parallel Time: 4.1 ms, GC Workers: 8]
      [GC Worker Start (ms): Min: 661.4, Avg: 661.4, Max: 661.9, Diff: 0.5]
      [Ext Root Scanning (ms): Min: 0.0, Avg: 0.1, Max: 0.2, Diff: 0.1, Sum: 0.9]
      [Update RS (ms): Min: 0.0, Avg: 0.3, Max: 1.0, Diff: 1.0, Sum: 2.7]
         [Processed Buffers: Min: 0, Avg: 2.8, Max: 5, Diff: 5, Sum: 22]
      [Scan RS (ms): Min: 0.0, Avg: 0.0, Max: 0.0, Diff: 0.0, Sum: 0.1]
      [Code Root Scanning (ms): Min: 0.0, Avg: 0.0, Max: 0.0, Diff: 0.0, Sum: 0.0]
      [Object Copy (ms): Min: 2.8, Avg: 3.4, Max: 3.6, Diff: 0.8, Sum: 27.1]
      [Termination (ms): Min: 0.0, Avg: 0.1, Max: 0.2, Diff: 0.2, Sum: 0.6]
         [Termination Attempts: Min: 1, Avg: 1.3, Max: 3, Diff: 2, Sum: 10]
      [GC Worker Other (ms): Min: 0.0, Avg: 0.0, Max: 0.0, Diff: 0.0, Sum: 0.1]
      [GC Worker Total (ms): Min: 3.5, Avg: 3.9, Max: 4.0, Diff: 0.5, Sum: 31.5]
      [GC Worker End (ms): Min: 665.4, Avg: 665.4, Max: 665.4, Diff: 0.0]
   [Code Root Fixup: 0.0 ms]
   [Code Root Purge: 0.0 ms]
   [Clear CT: 0.1 ms]
   [Other: 0.5 ms]
      [Choose CSet: 0.0 ms]
      [Ref Proc: 0.1 ms]
      [Ref Enq: 0.0 ms]
      [Redirty Cards: 0.1 ms]
      [Humongous Register: 0.1 ms]
      [Humongous Reclaim: 0.0 ms]
      [Free CSet: 0.0 ms]
   [Eden: 87.0M(87.0M)->0.0B(13.0M) Survivors: 4096.0K->12.0M Heap: 405.6M(512.0M)->329.7M(512.0M)]
 [Times: user=0.09 sys=0.00, real=0.00 secs] 
2021-11-13T16:31:53.471+0800: 0.669: [GC pause (G1 Evacuation Pause) (mixed), 0.0056384 secs]
   [Parallel Time: 4.9 ms, GC Workers: 8]
      [GC Worker Start (ms): Min: 669.5, Avg: 669.6, Max: 669.9, Diff: 0.3]
      [Ext Root Scanning (ms): Min: 0.0, Avg: 0.1, Max: 0.2, Diff: 0.2, Sum: 0.9]
      [Update RS (ms): Min: 0.1, Avg: 0.2, Max: 0.3, Diff: 0.2, Sum: 1.7]
         [Processed Buffers: Min: 1, Avg: 3.6, Max: 5, Diff: 4, Sum: 29]
      [Scan RS (ms): Min: 0.0, Avg: 0.0, Max: 0.1, Diff: 0.1, Sum: 0.2]
      [Code Root Scanning (ms): Min: 0.0, Avg: 0.0, Max: 0.0, Diff: 0.0, Sum: 0.0]
      [Object Copy (ms): Min: 4.3, Avg: 4.3, Max: 4.4, Diff: 0.1, Sum: 34.6]
      [Termination (ms): Min: 0.0, Avg: 0.1, Max: 0.1, Diff: 0.1, Sum: 0.7]
         [Termination Attempts: Min: 1, Avg: 1.0, Max: 1, Diff: 0, Sum: 8]
      [GC Worker Other (ms): Min: 0.0, Avg: 0.0, Max: 0.0, Diff: 0.0, Sum: 0.1]
      [GC Worker Total (ms): Min: 4.5, Avg: 4.8, Max: 4.9, Diff: 0.3, Sum: 38.2]
      [GC Worker End (ms): Min: 674.4, Avg: 674.4, Max: 674.4, Diff: 0.0]
   [Code Root Fixup: 0.0 ms]
   [Code Root Purge: 0.0 ms]
   [Clear CT: 0.1 ms]
   [Other: 0.6 ms]
      [Choose CSet: 0.0 ms]
      [Ref Proc: 0.1 ms]
      [Ref Enq: 0.0 ms]
      [Redirty Cards: 0.1 ms]
      [Humongous Register: 0.1 ms]
      [Humongous Reclaim: 0.0 ms]
      [Free CSet: 0.1 ms]
   [Eden: 13.0M(13.0M)->0.0B(76.0M) Survivors: 12.0M->4096.0K Heap: 345.1M(512.0M)->310.4M(512.0M)]
 [Times: user=0.00 sys=0.00, real=0.01 secs] 
2021-11-13T16:31:53.478+0800: 0.676: [GC pause (G1 Humongous Allocation) (young) (initial-mark), 0.0013176 secs]
   [Parallel Time: 0.8 ms, GC Workers: 8]
      [GC Worker Start (ms): Min: 675.9, Avg: 676.0, Max: 676.1, Diff: 0.2]
      [Ext Root Scanning (ms): Min: 0.0, Avg: 0.1, Max: 0.2, Diff: 0.2, Sum: 1.1]
      [Update RS (ms): Min: 0.0, Avg: 0.1, Max: 0.2, Diff: 0.2, Sum: 0.6]
         [Processed Buffers: Min: 0, Avg: 1.1, Max: 2, Diff: 2, Sum: 9]
      [Scan RS (ms): Min: 0.0, Avg: 0.0, Max: 0.0, Diff: 0.0, Sum: 0.0]
      [Code Root Scanning (ms): Min: 0.0, Avg: 0.0, Max: 0.0, Diff: 0.0, Sum: 0.0]
      [Object Copy (ms): Min: 0.3, Avg: 0.4, Max: 0.5, Diff: 0.2, Sum: 3.5]
      [Termination (ms): Min: 0.0, Avg: 0.0, Max: 0.1, Diff: 0.1, Sum: 0.2]
         [Termination Attempts: Min: 1, Avg: 1.0, Max: 1, Diff: 0, Sum: 8]
      [GC Worker Other (ms): Min: 0.0, Avg: 0.0, Max: 0.0, Diff: 0.0, Sum: 0.0]
      [GC Worker Total (ms): Min: 0.6, Avg: 0.7, Max: 0.7, Diff: 0.2, Sum: 5.5]
      [GC Worker End (ms): Min: 676.6, Avg: 676.6, Max: 676.6, Diff: 0.0]
   [Code Root Fixup: 0.0 ms]
   [Code Root Purge: 0.0 ms]
   [Clear CT: 0.1 ms]
   [Other: 0.4 ms]
      [Choose CSet: 0.0 ms]
      [Ref Proc: 0.1 ms]
      [Ref Enq: 0.0 ms]
      [Redirty Cards: 0.1 ms]
      [Humongous Register: 0.1 ms]
      [Humongous Reclaim: 0.0 ms]
      [Free CSet: 0.0 ms]
   [Eden: 4096.0K(76.0M)->0.0B(78.0M) Survivors: 4096.0K->5120.0K Heap: 313.8M(512.0M)->311.3M(512.0M)]
 [Times: user=0.00 sys=0.00, real=0.00 secs] 
2021-11-13T16:31:53.479+0800: 0.677: [GC concurrent-root-region-scan-start]
2021-11-13T16:31:53.479+0800: 0.677: [GC concurrent-root-region-scan-end, 0.0001661 secs]
2021-11-13T16:31:53.479+0800: 0.677: [GC concurrent-mark-start]
2021-11-13T16:31:53.481+0800: 0.679: [GC concurrent-mark-end, 0.0018138 secs]
2021-11-13T16:31:53.481+0800: 0.679: [GC remark 2021-11-13T16:31:53.481+0800: 0.679: [Finalize Marking, 0.0001637 secs] 2021-11-13T16:31:53.481+0800: 0.680: [GC ref-proc, 0.0003359 secs] 2021-11-13T16:31:53.482+0800: 0.680: [Unloading, 0.0005016 secs], 0.0017401 secs]
 [Times: user=0.03 sys=0.00, real=0.00 secs] 
2021-11-13T16:31:53.483+0800: 0.681: [GC cleanup 323M->323M(512M), 0.0004869 secs]
 [Times: user=0.00 sys=0.00, real=0.00 secs] 
2021-11-13T16:31:53.499+0800: 0.697: [GC pause (G1 Evacuation Pause) (young), 0.0044206 secs]
   [Parallel Time: 3.8 ms, GC Workers: 8]
      [GC Worker Start (ms): Min: 696.9, Avg: 697.2, Max: 698.8, Diff: 1.9]
      [Ext Root Scanning (ms): Min: 0.0, Avg: 0.1, Max: 0.2, Diff: 0.2, Sum: 1.0]
      [Update RS (ms): Min: 0.0, Avg: 0.3, Max: 0.3, Diff: 0.3, Sum: 2.2]
         [Processed Buffers: Min: 0, Avg: 3.9, Max: 5, Diff: 5, Sum: 31]
      [Scan RS (ms): Min: 0.0, Avg: 0.0, Max: 0.0, Diff: 0.0, Sum: 0.1]
      [Code Root Scanning (ms): Min: 0.0, Avg: 0.0, Max: 0.0, Diff: 0.0, Sum: 0.0]
      [Object Copy (ms): Min: 1.7, Avg: 3.0, Max: 3.3, Diff: 1.6, Sum: 23.8]
      [Termination (ms): Min: 0.0, Avg: 0.1, Max: 0.2, Diff: 0.2, Sum: 0.9]
         [Termination Attempts: Min: 1, Avg: 1.0, Max: 1, Diff: 0, Sum: 8]
      [GC Worker Other (ms): Min: 0.0, Avg: 0.0, Max: 0.0, Diff: 0.0, Sum: 0.1]
      [GC Worker Total (ms): Min: 1.9, Avg: 3.5, Max: 3.8, Diff: 1.9, Sum: 28.1]
      [GC Worker End (ms): Min: 700.7, Avg: 700.7, Max: 700.7, Diff: 0.0]
   [Code Root Fixup: 0.0 ms]
   [Code Root Purge: 0.0 ms]
   [Clear CT: 0.1 ms]
   [Other: 0.5 ms]
      [Choose CSet: 0.0 ms]
      [Ref Proc: 0.1 ms]
      [Ref Enq: 0.0 ms]
      [Redirty Cards: 0.1 ms]
      [Humongous Register: 0.1 ms]
      [Humongous Reclaim: 0.1 ms]
      [Free CSet: 0.0 ms]
   [Eden: 78.0M(78.0M)->0.0B(14.0M) Survivors: 5120.0K->11.0M Heap: 413.7M(512.0M)->341.3M(512.0M)]
 [Times: user=0.00 sys=0.00, real=0.00 secs] 
2021-11-13T16:31:53.506+0800: 0.704: [GC pause (G1 Evacuation Pause) (mixed), 0.0061958 secs]
   [Parallel Time: 5.6 ms, GC Workers: 8]
      [GC Worker Start (ms): Min: 704.1, Avg: 704.1, Max: 704.2, Diff: 0.2]
      [Ext Root Scanning (ms): Min: 0.0, Avg: 0.1, Max: 0.2, Diff: 0.2, Sum: 0.9]
      [Update RS (ms): Min: 0.3, Avg: 0.4, Max: 1.2, Diff: 1.0, Sum: 3.4]
         [Processed Buffers: Min: 0, Avg: 4.4, Max: 7, Diff: 7, Sum: 35]
      [Scan RS (ms): Min: 0.0, Avg: 0.0, Max: 0.1, Diff: 0.1, Sum: 0.3]
      [Code Root Scanning (ms): Min: 0.0, Avg: 0.0, Max: 0.0, Diff: 0.0, Sum: 0.0]
      [Object Copy (ms): Min: 4.0, Avg: 4.8, Max: 5.0, Diff: 1.0, Sum: 38.5]
      [Termination (ms): Min: 0.0, Avg: 0.1, Max: 0.1, Diff: 0.1, Sum: 0.5]
         [Termination Attempts: Min: 1, Avg: 1.0, Max: 1, Diff: 0, Sum: 8]
      [GC Worker Other (ms): Min: 0.0, Avg: 0.0, Max: 0.0, Diff: 0.0, Sum: 0.1]
      [GC Worker Total (ms): Min: 5.3, Avg: 5.5, Max: 5.5, Diff: 0.2, Sum: 43.6]
      [GC Worker End (ms): Min: 709.5, Avg: 709.6, Max: 709.6, Diff: 0.0]
   [Code Root Fixup: 0.0 ms]
   [Code Root Purge: 0.0 ms]
   [Clear CT: 0.1 ms]
   [Other: 0.5 ms]
      [Choose CSet: 0.0 ms]
      [Ref Proc: 0.1 ms]
      [Ref Enq: 0.0 ms]
      [Redirty Cards: 0.1 ms]
      [Humongous Register: 0.1 ms]
      [Humongous Reclaim: 0.0 ms]
      [Free CSet: 0.1 ms]
   [Eden: 14.0M(14.0M)->0.0B(67.0M) Survivors: 11.0M->4096.0K Heap: 358.6M(512.0M)->321.9M(512.0M)]
 [Times: user=0.00 sys=0.00, real=0.01 secs] 
2021-11-13T16:31:53.513+0800: 0.711: [GC pause (G1 Humongous Allocation) (young) (initial-mark), 0.0012124 secs]
   [Parallel Time: 0.7 ms, GC Workers: 8]
      [GC Worker Start (ms): Min: 710.7, Avg: 710.7, Max: 710.7, Diff: 0.1]
      [Ext Root Scanning (ms): Min: 0.1, Avg: 0.1, Max: 0.1, Diff: 0.1, Sum: 0.9]
      [Update RS (ms): Min: 0.1, Avg: 0.1, Max: 0.3, Diff: 0.2, Sum: 0.9]
         [Processed Buffers: Min: 1, Avg: 1.1, Max: 2, Diff: 1, Sum: 9]
      [Scan RS (ms): Min: 0.0, Avg: 0.0, Max: 0.0, Diff: 0.0, Sum: 0.0]
      [Code Root Scanning (ms): Min: 0.0, Avg: 0.0, Max: 0.0, Diff: 0.0, Sum: 0.0]
      [Object Copy (ms): Min: 0.2, Avg: 0.4, Max: 0.4, Diff: 0.3, Sum: 2.8]
      [Termination (ms): Min: 0.0, Avg: 0.1, Max: 0.1, Diff: 0.1, Sum: 0.5]
         [Termination Attempts: Min: 1, Avg: 1.0, Max: 1, Diff: 0, Sum: 8]
      [GC Worker Other (ms): Min: 0.0, Avg: 0.0, Max: 0.0, Diff: 0.0, Sum: 0.0]
      [GC Worker Total (ms): Min: 0.6, Avg: 0.6, Max: 0.7, Diff: 0.1, Sum: 5.2]
      [GC Worker End (ms): Min: 711.3, Avg: 711.3, Max: 711.4, Diff: 0.0]
   [Code Root Fixup: 0.0 ms]
   [Code Root Purge: 0.0 ms]
   [Clear CT: 0.1 ms]
   [Other: 0.4 ms]
      [Choose CSet: 0.0 ms]
      [Ref Proc: 0.1 ms]
      [Ref Enq: 0.0 ms]
      [Redirty Cards: 0.1 ms]
      [Humongous Register: 0.1 ms]
      [Humongous Reclaim: 0.0 ms]
      [Free CSet: 0.0 ms]
   [Eden: 2048.0K(67.0M)->0.0B(71.0M) Survivors: 4096.0K->4096.0K Heap: 323.3M(512.0M)->321.8M(512.0M)]
 [Times: user=0.00 sys=0.00, real=0.00 secs] 
2021-11-13T16:31:53.514+0800: 0.712: [GC concurrent-root-region-scan-start]
2021-11-13T16:31:53.514+0800: 0.712: [GC concurrent-root-region-scan-end, 0.0001046 secs]
2021-11-13T16:31:53.514+0800: 0.712: [GC concurrent-mark-start]
2021-11-13T16:31:53.517+0800: 0.715: [GC concurrent-mark-end, 0.0025387 secs]
2021-11-13T16:31:53.517+0800: 0.715: [GC remark 2021-11-13T16:31:53.517+0800: 0.715: [Finalize Marking, 0.0001703 secs] 2021-11-13T16:31:53.517+0800: 0.715: [GC ref-proc, 0.0003091 secs] 2021-11-13T16:31:53.517+0800: 0.715: [Unloading, 0.0005009 secs], 0.0019091 secs]
 [Times: user=0.00 sys=0.00, real=0.00 secs] 
2021-11-13T16:31:53.519+0800: 0.717: [GC cleanup 333M->333M(512M), 0.0005151 secs]
 [Times: user=0.00 sys=0.00, real=0.00 secs] 
2021-11-13T16:31:53.535+0800: 0.733: [GC pause (G1 Evacuation Pause) (young), 0.0043859 secs]
   [Parallel Time: 3.8 ms, GC Workers: 8]
      [GC Worker Start (ms): Min: 732.8, Avg: 733.9, Max: 736.5, Diff: 3.7]
      [Ext Root Scanning (ms): Min: 0.0, Avg: 0.1, Max: 0.1, Diff: 0.1, Sum: 0.7]
      [Update RS (ms): Min: 0.0, Avg: 0.3, Max: 0.4, Diff: 0.4, Sum: 2.1]
         [Processed Buffers: Min: 0, Avg: 3.8, Max: 8, Diff: 8, Sum: 30]
      [Scan RS (ms): Min: 0.0, Avg: 0.0, Max: 0.0, Diff: 0.0, Sum: 0.1]
      [Code Root Scanning (ms): Min: 0.0, Avg: 0.0, Max: 0.0, Diff: 0.0, Sum: 0.0]
      [Object Copy (ms): Min: 0.0, Avg: 2.3, Max: 3.1, Diff: 3.1, Sum: 18.2]
      [Termination (ms): Min: 0.0, Avg: 0.1, Max: 0.1, Diff: 0.1, Sum: 0.4]
         [Termination Attempts: Min: 1, Avg: 1.1, Max: 2, Diff: 1, Sum: 9]
      [GC Worker Other (ms): Min: 0.0, Avg: 0.0, Max: 0.0, Diff: 0.0, Sum: 0.1]
      [GC Worker Total (ms): Min: 0.1, Avg: 2.7, Max: 3.7, Diff: 3.6, Sum: 21.5]
      [GC Worker End (ms): Min: 736.5, Avg: 736.6, Max: 736.6, Diff: 0.0]
   [Code Root Fixup: 0.0 ms]
   [Code Root Purge: 0.0 ms]
   [Clear CT: 0.1 ms]
   [Other: 0.5 ms]
      [Choose CSet: 0.0 ms]
      [Ref Proc: 0.1 ms]
      [Ref Enq: 0.0 ms]
      [Redirty Cards: 0.1 ms]
      [Humongous Register: 0.1 ms]
      [Humongous Reclaim: 0.1 ms]
      [Free CSet: 0.0 ms]
   [Eden: 71.0M(71.0M)->0.0B(15.0M) Survivors: 4096.0K->10.0M Heap: 413.3M(512.0M)->347.0M(512.0M)]
 [Times: user=0.00 sys=0.00, real=0.00 secs] 
2021-11-13T16:31:53.542+0800: 0.740: [GC pause (G1 Evacuation Pause) (mixed), 0.0062484 secs]
   [Parallel Time: 5.6 ms, GC Workers: 8]
      [GC Worker Start (ms): Min: 740.6, Avg: 740.7, Max: 740.7, Diff: 0.1]
      [Ext Root Scanning (ms): Min: 0.1, Avg: 0.1, Max: 0.2, Diff: 0.1, Sum: 1.1]
      [Update RS (ms): Min: 0.4, Avg: 0.4, Max: 0.5, Diff: 0.2, Sum: 3.3]
         [Processed Buffers: Min: 0, Avg: 5.1, Max: 7, Diff: 7, Sum: 41]
      [Scan RS (ms): Min: 0.0, Avg: 0.0, Max: 0.1, Diff: 0.0, Sum: 0.2]
      [Code Root Scanning (ms): Min: 0.0, Avg: 0.0, Max: 0.0, Diff: 0.0, Sum: 0.0]
      [Object Copy (ms): Min: 4.6, Avg: 4.7, Max: 4.8, Diff: 0.2, Sum: 37.9]
      [Termination (ms): Min: 0.0, Avg: 0.1, Max: 0.2, Diff: 0.2, Sum: 0.8]
         [Termination Attempts: Min: 1, Avg: 1.0, Max: 1, Diff: 0, Sum: 8]
      [GC Worker Other (ms): Min: 0.0, Avg: 0.0, Max: 0.0, Diff: 0.0, Sum: 0.1]
      [GC Worker Total (ms): Min: 5.4, Avg: 5.4, Max: 5.5, Diff: 0.1, Sum: 43.5]
      [GC Worker End (ms): Min: 746.1, Avg: 746.1, Max: 746.1, Diff: 0.0]
   [Code Root Fixup: 0.0 ms]
   [Code Root Purge: 0.0 ms]
   [Clear CT: 0.1 ms]
   [Other: 0.6 ms]
      [Choose CSet: 0.0 ms]
      [Ref Proc: 0.1 ms]
      [Ref Enq: 0.0 ms]
      [Redirty Cards: 0.1 ms]
      [Humongous Register: 0.1 ms]
      [Humongous Reclaim: 0.0 ms]
      [Free CSet: 0.1 ms]
   [Eden: 15.0M(15.0M)->0.0B(63.0M) Survivors: 10.0M->4096.0K Heap: 366.1M(512.0M)->327.9M(512.0M)]
 [Times: user=0.11 sys=0.02, real=0.01 secs] 
2021-11-13T16:31:53.550+0800: 0.748: [GC pause (G1 Humongous Allocation) (young) (initial-mark), 0.0012798 secs]
   [Parallel Time: 0.8 ms, GC Workers: 8]
      [GC Worker Start (ms): Min: 747.6, Avg: 747.6, Max: 747.7, Diff: 0.1]
      [Ext Root Scanning (ms): Min: 0.1, Avg: 0.1, Max: 0.1, Diff: 0.1, Sum: 0.9]
      [Update RS (ms): Min: 0.0, Avg: 0.1, Max: 0.4, Diff: 0.3, Sum: 1.2]
         [Processed Buffers: Min: 0, Avg: 1.1, Max: 2, Diff: 2, Sum: 9]
      [Scan RS (ms): Min: 0.0, Avg: 0.0, Max: 0.0, Diff: 0.0, Sum: 0.0]
      [Code Root Scanning (ms): Min: 0.0, Avg: 0.0, Max: 0.0, Diff: 0.0, Sum: 0.0]
      [Object Copy (ms): Min: 0.2, Avg: 0.4, Max: 0.5, Diff: 0.3, Sum: 3.0]
      [Termination (ms): Min: 0.0, Avg: 0.1, Max: 0.1, Diff: 0.1, Sum: 0.4]
         [Termination Attempts: Min: 1, Avg: 1.0, Max: 1, Diff: 0, Sum: 8]
      [GC Worker Other (ms): Min: 0.0, Avg: 0.0, Max: 0.0, Diff: 0.0, Sum: 0.0]
      [GC Worker Total (ms): Min: 0.7, Avg: 0.7, Max: 0.7, Diff: 0.1, Sum: 5.6]
      [GC Worker End (ms): Min: 748.3, Avg: 748.3, Max: 748.3, Diff: 0.0]
   [Code Root Fixup: 0.0 ms]
   [Code Root Purge: 0.0 ms]
   [Clear CT: 0.1 ms]
   [Other: 0.3 ms]
      [Choose CSet: 0.0 ms]
      [Ref Proc: 0.1 ms]
      [Ref Enq: 0.0 ms]
      [Redirty Cards: 0.1 ms]
      [Humongous Register: 0.1 ms]
      [Humongous Reclaim: 0.0 ms]
      [Free CSet: 0.0 ms]
   [Eden: 4096.0K(63.0M)->0.0B(65.0M) Survivors: 4096.0K->5120.0K Heap: 331.5M(512.0M)->327.6M(512.0M)]
 [Times: user=0.00 sys=0.00, real=0.00 secs] 
2021-11-13T16:31:53.551+0800: 0.749: [GC concurrent-root-region-scan-start]
2021-11-13T16:31:53.551+0800: 0.749: [GC concurrent-root-region-scan-end, 0.0001051 secs]
2021-11-13T16:31:53.551+0800: 0.749: [GC concurrent-mark-start]
2021-11-13T16:31:53.552+0800: 0.751: [GC concurrent-mark-end, 0.0015805 secs]
2021-11-13T16:31:53.552+0800: 0.751: [GC remark 2021-11-13T16:31:53.552+0800: 0.751: [Finalize Marking, 0.0001426 secs] 2021-11-13T16:31:53.552+0800: 0.751: [GC ref-proc, 0.0002878 secs] 2021-11-13T16:31:53.552+0800: 0.751: [Unloading, 0.0005016 secs], 0.0017367 secs]
 [Times: user=0.00 sys=0.00, real=0.00 secs] 
2021-11-13T16:31:53.554+0800: 0.753: [GC cleanup 336M->336M(512M), 0.0005348 secs]
 [Times: user=0.00 sys=0.00, real=0.00 secs] 
2021-11-13T16:31:53.566+0800: 0.765: [GC pause (G1 Evacuation Pause) (young), 0.0041394 secs]
   [Parallel Time: 3.5 ms, GC Workers: 8]
      [GC Worker Start (ms): Min: 765.0, Avg: 765.1, Max: 765.2, Diff: 0.2]
      [Ext Root Scanning (ms): Min: 0.0, Avg: 0.1, Max: 0.1, Diff: 0.1, Sum: 0.9]
      [Update RS (ms): Min: 0.4, Avg: 0.8, Max: 3.2, Diff: 2.8, Sum: 6.1]
         [Processed Buffers: Min: 0, Avg: 5.1, Max: 7, Diff: 7, Sum: 41]
      [Scan RS (ms): Min: 0.0, Avg: 0.0, Max: 0.0, Diff: 0.0, Sum: 0.0]
      [Code Root Scanning (ms): Min: 0.0, Avg: 0.0, Max: 0.0, Diff: 0.0, Sum: 0.0]
      [Object Copy (ms): Min: 0.0, Avg: 2.5, Max: 2.9, Diff: 2.9, Sum: 19.7]
      [Termination (ms): Min: 0.0, Avg: 0.1, Max: 0.1, Diff: 0.1, Sum: 0.6]
         [Termination Attempts: Min: 1, Avg: 1.0, Max: 1, Diff: 0, Sum: 8]
      [GC Worker Other (ms): Min: 0.0, Avg: 0.0, Max: 0.0, Diff: 0.0, Sum: 0.1]
      [GC Worker Total (ms): Min: 3.3, Avg: 3.4, Max: 3.5, Diff: 0.2, Sum: 27.4]
      [GC Worker End (ms): Min: 768.5, Avg: 768.5, Max: 768.5, Diff: 0.0]
   [Code Root Fixup: 0.0 ms]
   [Code Root Purge: 0.0 ms]
   [Clear CT: 0.1 ms]
   [Other: 0.5 ms]
      [Choose CSet: 0.0 ms]
      [Ref Proc: 0.2 ms]
      [Ref Enq: 0.0 ms]
      [Redirty Cards: 0.1 ms]
      [Humongous Register: 0.1 ms]
      [Humongous Reclaim: 0.0 ms]
      [Free CSet: 0.0 ms]
   [Eden: 65.0M(65.0M)->0.0B(16.0M) Survivors: 5120.0K->9216.0K Heap: 412.4M(512.0M)->349.5M(512.0M)]
 [Times: user=0.00 sys=0.00, real=0.00 secs] 
2021-11-13T16:31:53.574+0800: 0.773: [GC pause (G1 Evacuation Pause) (mixed), 0.0055438 secs]
   [Parallel Time: 4.8 ms, GC Workers: 8]
      [GC Worker Start (ms): Min: 773.5, Avg: 773.5, Max: 773.6, Diff: 0.1]
      [Ext Root Scanning (ms): Min: 0.1, Avg: 0.1, Max: 0.2, Diff: 0.1, Sum: 1.0]
      [Update RS (ms): Min: 0.2, Avg: 0.2, Max: 0.2, Diff: 0.0, Sum: 1.7]
         [Processed Buffers: Min: 2, Avg: 3.4, Max: 4, Diff: 2, Sum: 27]
      [Scan RS (ms): Min: 0.0, Avg: 0.0, Max: 0.0, Diff: 0.0, Sum: 0.2]
      [Code Root Scanning (ms): Min: 0.0, Avg: 0.0, Max: 0.0, Diff: 0.0, Sum: 0.0]
      [Object Copy (ms): Min: 4.3, Avg: 4.3, Max: 4.3, Diff: 0.1, Sum: 34.3]
      [Termination (ms): Min: 0.0, Avg: 0.0, Max: 0.1, Diff: 0.1, Sum: 0.4]
         [Termination Attempts: Min: 1, Avg: 1.1, Max: 2, Diff: 1, Sum: 9]
      [GC Worker Other (ms): Min: 0.0, Avg: 0.0, Max: 0.0, Diff: 0.0, Sum: 0.1]
      [GC Worker Total (ms): Min: 4.7, Avg: 4.7, Max: 4.8, Diff: 0.1, Sum: 37.7]
      [GC Worker End (ms): Min: 778.2, Avg: 778.2, Max: 778.3, Diff: 0.0]
   [Code Root Fixup: 0.0 ms]
   [Code Root Purge: 0.0 ms]
   [Clear CT: 0.1 ms]
   [Other: 0.6 ms]
      [Choose CSet: 0.0 ms]
      [Ref Proc: 0.2 ms]
      [Ref Enq: 0.0 ms]
      [Redirty Cards: 0.1 ms]
      [Humongous Register: 0.1 ms]
      [Humongous Reclaim: 0.0 ms]
      [Free CSet: 0.1 ms]
   [Eden: 16.0M(16.0M)->0.0B(52.0M) Survivors: 9216.0K->4096.0K Heap: 367.9M(512.0M)->338.9M(512.0M)]
 [Times: user=0.01 sys=0.00, real=0.01 secs] 
2021-11-13T16:31:53.581+0800: 0.780: [GC pause (G1 Humongous Allocation) (young) (initial-mark), 0.0014357 secs]
   [Parallel Time: 1.0 ms, GC Workers: 8]
      [GC Worker Start (ms): Min: 779.8, Avg: 779.9, Max: 779.9, Diff: 0.1]
      [Ext Root Scanning (ms): Min: 0.1, Avg: 0.1, Max: 0.1, Diff: 0.1, Sum: 0.9]
      [Update RS (ms): Min: 0.0, Avg: 0.1, Max: 0.2, Diff: 0.2, Sum: 0.6]
         [Processed Buffers: Min: 1, Avg: 1.1, Max: 2, Diff: 1, Sum: 9]
      [Scan RS (ms): Min: 0.0, Avg: 0.0, Max: 0.0, Diff: 0.0, Sum: 0.0]
      [Code Root Scanning (ms): Min: 0.0, Avg: 0.0, Max: 0.0, Diff: 0.0, Sum: 0.0]
      [Object Copy (ms): Min: 0.5, Avg: 0.7, Max: 0.7, Diff: 0.2, Sum: 5.5]
      [Termination (ms): Min: 0.0, Avg: 0.0, Max: 0.1, Diff: 0.1, Sum: 0.3]
         [Termination Attempts: Min: 1, Avg: 1.0, Max: 1, Diff: 0, Sum: 8]
      [GC Worker Other (ms): Min: 0.0, Avg: 0.0, Max: 0.0, Diff: 0.0, Sum: 0.0]
      [GC Worker Total (ms): Min: 0.9, Avg: 0.9, Max: 1.0, Diff: 0.1, Sum: 7.4]
      [GC Worker End (ms): Min: 780.8, Avg: 780.8, Max: 780.8, Diff: 0.0]
   [Code Root Fixup: 0.0 ms]
   [Code Root Purge: 0.0 ms]
   [Clear CT: 0.1 ms]
   [Other: 0.3 ms]
      [Choose CSet: 0.0 ms]
      [Ref Proc: 0.1 ms]
      [Ref Enq: 0.0 ms]
      [Redirty Cards: 0.1 ms]
      [Humongous Register: 0.1 ms]
      [Humongous Reclaim: 0.0 ms]
      [Free CSet: 0.0 ms]
   [Eden: 4096.0K(52.0M)->0.0B(47.0M) Survivors: 4096.0K->2048.0K Heap: 342.9M(512.0M)->340.6M(512.0M)]
 [Times: user=0.00 sys=0.00, real=0.00 secs] 
2021-11-13T16:31:53.582+0800: 0.781: [GC concurrent-root-region-scan-start]
2021-11-13T16:31:53.583+0800: 0.781: [GC concurrent-root-region-scan-end, 0.0001221 secs]
2021-11-13T16:31:53.583+0800: 0.781: [GC concurrent-mark-start]
2021-11-13T16:31:53.584+0800: 0.783: [GC concurrent-mark-end, 0.0016111 secs]
2021-11-13T16:31:53.584+0800: 0.783: [GC remark 2021-11-13T16:31:53.584+0800: 0.783: [Finalize Marking, 0.0001212 secs] 2021-11-13T16:31:53.585+0800: 0.783: [GC ref-proc, 0.0002858 secs] 2021-11-13T16:31:53.585+0800: 0.784: [Unloading, 0.0004695 secs], 0.0016245 secs]
 [Times: user=0.00 sys=0.00, real=0.00 secs] 
2021-11-13T16:31:53.586+0800: 0.785: [GC cleanup 351M->351M(512M), 0.0005100 secs]
 [Times: user=0.00 sys=0.00, real=0.00 secs] 
2021-11-13T16:31:53.594+0800: 0.793: [GC pause (G1 Evacuation Pause) (young), 0.0032553 secs]
   [Parallel Time: 2.7 ms, GC Workers: 8]
      [GC Worker Start (ms): Min: 793.2, Avg: 793.2, Max: 793.3, Diff: 0.1]
      [Ext Root Scanning (ms): Min: 0.1, Avg: 0.1, Max: 0.1, Diff: 0.1, Sum: 0.9]
      [Update RS (ms): Min: 0.4, Avg: 0.5, Max: 0.5, Diff: 0.1, Sum: 3.7]
         [Processed Buffers: Min: 3, Avg: 6.5, Max: 7, Diff: 4, Sum: 52]
      [Scan RS (ms): Min: 0.0, Avg: 0.0, Max: 0.0, Diff: 0.0, Sum: 0.0]
      [Code Root Scanning (ms): Min: 0.0, Avg: 0.0, Max: 0.0, Diff: 0.0, Sum: 0.0]
      [Object Copy (ms): Min: 1.9, Avg: 2.0, Max: 2.0, Diff: 0.1, Sum: 15.6]
      [Termination (ms): Min: 0.0, Avg: 0.1, Max: 0.1, Diff: 0.1, Sum: 0.7]
         [Termination Attempts: Min: 1, Avg: 1.0, Max: 1, Diff: 0, Sum: 8]
      [GC Worker Other (ms): Min: 0.0, Avg: 0.0, Max: 0.0, Diff: 0.0, Sum: 0.1]
      [GC Worker Total (ms): Min: 2.6, Avg: 2.6, Max: 2.7, Diff: 0.1, Sum: 21.1]
      [GC Worker End (ms): Min: 795.8, Avg: 795.9, Max: 795.9, Diff: 0.0]
   [Code Root Fixup: 0.0 ms]
   [Code Root Purge: 0.0 ms]
   [Clear CT: 0.1 ms]
   [Other: 0.4 ms]
      [Choose CSet: 0.0 ms]
      [Ref Proc: 0.1 ms]
      [Ref Enq: 0.0 ms]
      [Redirty Cards: 0.1 ms]
      [Humongous Register: 0.1 ms]
      [Humongous Reclaim: 0.0 ms]
      [Free CSet: 0.0 ms]
   [Eden: 47.0M(47.0M)->0.0B(18.0M) Survivors: 2048.0K->7168.0K Heap: 399.2M(512.0M)->359.5M(512.0M)]
 [Times: user=0.00 sys=0.00, real=0.00 secs] 
2021-11-13T16:31:53.601+0800: 0.800: [GC pause (G1 Evacuation Pause) (mixed), 0.0060021 secs]
   [Parallel Time: 5.3 ms, GC Workers: 8]
      [GC Worker Start (ms): Min: 800.0, Avg: 800.1, Max: 800.2, Diff: 0.2]
      [Ext Root Scanning (ms): Min: 0.0, Avg: 0.1, Max: 0.2, Diff: 0.2, Sum: 0.9]
      [Update RS (ms): Min: 0.4, Avg: 0.4, Max: 0.5, Diff: 0.1, Sum: 3.5]
         [Processed Buffers: Min: 1, Avg: 5.6, Max: 7, Diff: 6, Sum: 45]
      [Scan RS (ms): Min: 0.0, Avg: 0.0, Max: 0.1, Diff: 0.1, Sum: 0.2]
      [Code Root Scanning (ms): Min: 0.0, Avg: 0.0, Max: 0.0, Diff: 0.0, Sum: 0.0]
      [Object Copy (ms): Min: 4.4, Avg: 4.5, Max: 4.6, Diff: 0.1, Sum: 36.3]
      [Termination (ms): Min: 0.0, Avg: 0.0, Max: 0.0, Diff: 0.0, Sum: 0.2]
         [Termination Attempts: Min: 1, Avg: 1.0, Max: 1, Diff: 0, Sum: 8]
      [GC Worker Other (ms): Min: 0.0, Avg: 0.0, Max: 0.0, Diff: 0.0, Sum: 0.1]
      [GC Worker Total (ms): Min: 5.0, Avg: 5.1, Max: 5.2, Diff: 0.2, Sum: 41.2]
      [GC Worker End (ms): Min: 805.3, Avg: 805.3, Max: 805.3, Diff: 0.0]
   [Code Root Fixup: 0.0 ms]
   [Code Root Purge: 0.0 ms]
   [Clear CT: 0.1 ms]
   [Other: 0.6 ms]
      [Choose CSet: 0.0 ms]
      [Ref Proc: 0.1 ms]
      [Ref Enq: 0.0 ms]
      [Redirty Cards: 0.1 ms]
      [Humongous Register: 0.2 ms]
      [Humongous Reclaim: 0.0 ms]
      [Free CSet: 0.1 ms]
   [Eden: 18.0M(18.0M)->0.0B(46.0M) Survivors: 7168.0K->4096.0K Heap: 382.0M(512.0M)->341.8M(512.0M)]
 [Times: user=0.13 sys=0.00, real=0.01 secs] 
2021-11-13T16:31:53.608+0800: 0.807: [GC pause (G1 Humongous Allocation) (young) (initial-mark), 0.0015657 secs]
   [Parallel Time: 0.9 ms, GC Workers: 8]
      [GC Worker Start (ms): Min: 807.2, Avg: 807.3, Max: 807.4, Diff: 0.2]
      [Ext Root Scanning (ms): Min: 0.0, Avg: 0.1, Max: 0.2, Diff: 0.2, Sum: 1.0]
      [Update RS (ms): Min: 0.0, Avg: 0.1, Max: 0.2, Diff: 0.2, Sum: 0.7]
         [Processed Buffers: Min: 1, Avg: 1.1, Max: 2, Diff: 1, Sum: 9]
      [Scan RS (ms): Min: 0.0, Avg: 0.0, Max: 0.0, Diff: 0.0, Sum: 0.0]
      [Code Root Scanning (ms): Min: 0.0, Avg: 0.0, Max: 0.0, Diff: 0.0, Sum: 0.0]
      [Object Copy (ms): Min: 0.4, Avg: 0.5, Max: 0.6, Diff: 0.2, Sum: 4.2]
      [Termination (ms): Min: 0.0, Avg: 0.0, Max: 0.1, Diff: 0.1, Sum: 0.4]
         [Termination Attempts: Min: 1, Avg: 1.0, Max: 1, Diff: 0, Sum: 8]
      [GC Worker Other (ms): Min: 0.0, Avg: 0.0, Max: 0.0, Diff: 0.0, Sum: 0.1]
      [GC Worker Total (ms): Min: 0.7, Avg: 0.8, Max: 0.9, Diff: 0.2, Sum: 6.4]
      [GC Worker End (ms): Min: 808.0, Avg: 808.0, Max: 808.1, Diff: 0.0]
   [Code Root Fixup: 0.0 ms]
   [Code Root Purge: 0.0 ms]
   [Clear CT: 0.1 ms]
   [Other: 0.5 ms]
      [Choose CSet: 0.0 ms]
      [Ref Proc: 0.1 ms]
      [Ref Enq: 0.0 ms]
      [Redirty Cards: 0.1 ms]
      [Humongous Register: 0.2 ms]
      [Humongous Reclaim: 0.0 ms]
      [Free CSet: 0.0 ms]
   [Eden: 5120.0K(46.0M)->0.0B(45.0M) Survivors: 4096.0K->6144.0K Heap: 346.2M(512.0M)->343.2M(512.0M)]
 [Times: user=0.00 sys=0.00, real=0.00 secs] 
2021-11-13T16:31:53.610+0800: 0.809: [GC concurrent-root-region-scan-start]
2021-11-13T16:31:53.610+0800: 0.809: [GC concurrent-root-region-scan-end, 0.0001316 secs]
2021-11-13T16:31:53.610+0800: 0.809: [GC concurrent-mark-start]
2021-11-13T16:31:53.612+0800: 0.811: [GC concurrent-mark-end, 0.0017332 secs]
2021-11-13T16:31:53.612+0800: 0.811: [GC remark 2021-11-13T16:31:53.612+0800: 0.811: [Finalize Marking, 0.0001383 secs] 2021-11-13T16:31:53.612+0800: 0.811: [GC ref-proc, 0.0002848 secs] 2021-11-13T16:31:53.612+0800: 0.811: [Unloading, 0.0004361 secs], 0.0016536 secs]
 [Times: user=0.00 sys=0.00, real=0.00 secs] 
2021-11-13T16:31:53.614+0800: 0.812: [GC cleanup 355M->355M(512M), 0.0005769 secs]
 [Times: user=0.00 sys=0.00, real=0.00 secs] 
2021-11-13T16:31:53.622+0800: 0.820: [GC pause (G1 Evacuation Pause) (young), 0.0035474 secs]
   [Parallel Time: 2.9 ms, GC Workers: 8]
      [GC Worker Start (ms): Min: 820.4, Avg: 820.5, Max: 820.6, Diff: 0.2]
      [Ext Root Scanning (ms): Min: 0.0, Avg: 0.1, Max: 0.2, Diff: 0.2, Sum: 0.9]
      [Update RS (ms): Min: 0.5, Avg: 0.6, Max: 1.5, Diff: 1.0, Sum: 5.1]
         [Processed Buffers: Min: 0, Avg: 6.0, Max: 8, Diff: 8, Sum: 48]
      [Scan RS (ms): Min: 0.0, Avg: 0.0, Max: 0.0, Diff: 0.0, Sum: 0.0]
      [Code Root Scanning (ms): Min: 0.0, Avg: 0.0, Max: 0.0, Diff: 0.0, Sum: 0.0]
      [Object Copy (ms): Min: 1.1, Avg: 2.0, Max: 2.2, Diff: 1.1, Sum: 15.8]
      [Termination (ms): Min: 0.0, Avg: 0.1, Max: 0.2, Diff: 0.2, Sum: 0.9]
         [Termination Attempts: Min: 1, Avg: 1.0, Max: 1, Diff: 0, Sum: 8]
      [GC Worker Other (ms): Min: 0.0, Avg: 0.0, Max: 0.0, Diff: 0.0, Sum: 0.1]
      [GC Worker Total (ms): Min: 2.7, Avg: 2.9, Max: 2.9, Diff: 0.2, Sum: 22.9]
      [GC Worker End (ms): Min: 823.3, Avg: 823.3, Max: 823.3, Diff: 0.0]
   [Code Root Fixup: 0.0 ms]
   [Code Root Purge: 0.0 ms]
   [Clear CT: 0.1 ms]
   [Other: 0.5 ms]
      [Choose CSet: 0.0 ms]
      [Ref Proc: 0.1 ms]
      [Ref Enq: 0.0 ms]
      [Redirty Cards: 0.1 ms]
      [Humongous Register: 0.1 ms]
      [Humongous Reclaim: 0.1 ms]
      [Free CSet: 0.0 ms]
   [Eden: 45.0M(45.0M)->0.0B(18.0M) Survivors: 6144.0K->7168.0K Heap: 406.5M(512.0M)->356.9M(512.0M)]
 [Times: user=0.00 sys=0.00, real=0.00 secs] 
2021-11-13T16:31:53.629+0800: 0.827: [GC pause (G1 Evacuation Pause) (mixed), 0.0053386 secs]
   [Parallel Time: 4.8 ms, GC Workers: 8]
      [GC Worker Start (ms): Min: 827.4, Avg: 827.4, Max: 827.5, Diff: 0.1]
      [Ext Root Scanning (ms): Min: 0.1, Avg: 0.1, Max: 0.1, Diff: 0.1, Sum: 0.9]
      [Update RS (ms): Min: 0.3, Avg: 0.4, Max: 0.4, Diff: 0.1, Sum: 3.0]
         [Processed Buffers: Min: 5, Avg: 5.8, Max: 6, Diff: 1, Sum: 46]
      [Scan RS (ms): Min: 0.0, Avg: 0.0, Max: 0.0, Diff: 0.0, Sum: 0.1]
      [Code Root Scanning (ms): Min: 0.0, Avg: 0.0, Max: 0.0, Diff: 0.0, Sum: 0.0]
      [Object Copy (ms): Min: 4.1, Avg: 4.1, Max: 4.2, Diff: 0.1, Sum: 33.2]
      [Termination (ms): Min: 0.0, Avg: 0.1, Max: 0.1, Diff: 0.1, Sum: 0.4]
         [Termination Attempts: Min: 1, Avg: 1.0, Max: 1, Diff: 0, Sum: 8]
      [GC Worker Other (ms): Min: 0.0, Avg: 0.0, Max: 0.0, Diff: 0.0, Sum: 0.1]
      [GC Worker Total (ms): Min: 4.7, Avg: 4.7, Max: 4.8, Diff: 0.1, Sum: 37.8]
      [GC Worker End (ms): Min: 832.2, Avg: 832.2, Max: 832.2, Diff: 0.0]
   [Code Root Fixup: 0.0 ms]
   [Code Root Purge: 0.0 ms]
   [Clear CT: 0.1 ms]
   [Other: 0.4 ms]
      [Choose CSet: 0.0 ms]
      [Ref Proc: 0.1 ms]
      [Ref Enq: 0.0 ms]
      [Redirty Cards: 0.1 ms]
      [Humongous Register: 0.1 ms]
      [Humongous Reclaim: 0.0 ms]
      [Free CSet: 0.0 ms]
   [Eden: 18.0M(18.0M)->0.0B(46.0M) Survivors: 7168.0K->4096.0K Heap: 379.7M(512.0M)->343.7M(512.0M)]
 [Times: user=0.00 sys=0.00, real=0.01 secs] 
2021-11-13T16:31:53.634+0800: 0.833: [GC pause (G1 Humongous Allocation) (young) (initial-mark), 0.0013147 secs]
   [Parallel Time: 0.8 ms, GC Workers: 8]
      [GC Worker Start (ms): Min: 833.2, Avg: 833.2, Max: 833.3, Diff: 0.2]
      [Ext Root Scanning (ms): Min: 0.0, Avg: 0.2, Max: 0.7, Diff: 0.7, Sum: 1.8]
      [Update RS (ms): Min: 0.0, Avg: 0.1, Max: 0.1, Diff: 0.1, Sum: 0.5]
         [Processed Buffers: Min: 0, Avg: 1.1, Max: 2, Diff: 2, Sum: 9]
      [Scan RS (ms): Min: 0.0, Avg: 0.0, Max: 0.0, Diff: 0.0, Sum: 0.0]
      [Code Root Scanning (ms): Min: 0.0, Avg: 0.0, Max: 0.0, Diff: 0.0, Sum: 0.0]
      [Object Copy (ms): Min: 0.0, Avg: 0.4, Max: 0.5, Diff: 0.5, Sum: 3.2]
      [Termination (ms): Min: 0.0, Avg: 0.0, Max: 0.1, Diff: 0.1, Sum: 0.3]
         [Termination Attempts: Min: 1, Avg: 1.0, Max: 1, Diff: 0, Sum: 8]
      [GC Worker Other (ms): Min: 0.0, Avg: 0.0, Max: 0.0, Diff: 0.0, Sum: 0.1]
      [GC Worker Total (ms): Min: 0.6, Avg: 0.7, Max: 0.8, Diff: 0.2, Sum: 5.8]
      [GC Worker End (ms): Min: 834.0, Avg: 834.0, Max: 834.0, Diff: 0.0]
   [Code Root Fixup: 0.0 ms]
   [Code Root Purge: 0.0 ms]
   [Clear CT: 0.1 ms]
   [Other: 0.4 ms]
      [Choose CSet: 0.0 ms]
      [Ref Proc: 0.1 ms]
      [Ref Enq: 0.0 ms]
      [Redirty Cards: 0.1 ms]
      [Humongous Register: 0.1 ms]
      [Humongous Reclaim: 0.0 ms]
      [Free CSet: 0.0 ms]
   [Eden: 2048.0K(46.0M)->0.0B(47.0M) Survivors: 4096.0K->4096.0K Heap: 345.0M(512.0M)->343.6M(512.0M)]
 [Times: user=0.00 sys=0.00, real=0.00 secs] 
2021-11-13T16:31:53.636+0800: 0.835: [GC concurrent-root-region-scan-start]
2021-11-13T16:31:53.636+0800: 0.835: [GC concurrent-root-region-scan-end, 0.0001473 secs]
2021-11-13T16:31:53.636+0800: 0.835: [GC concurrent-mark-start]
2021-11-13T16:31:53.638+0800: 0.837: [GC concurrent-mark-end, 0.0018776 secs]
2021-11-13T16:31:53.638+0800: 0.837: [GC remark 2021-11-13T16:31:53.638+0800: 0.837: [Finalize Marking, 0.0001740 secs] 2021-11-13T16:31:53.638+0800: 0.837: [GC ref-proc, 0.0003116 secs] 2021-11-13T16:31:53.639+0800: 0.837: [Unloading, 0.0004947 secs], 0.0019243 secs]
 [Times: user=0.00 sys=0.00, real=0.00 secs] 
2021-11-13T16:31:53.640+0800: 0.839: [GC cleanup 352M->352M(512M), 0.0006753 secs]
 [Times: user=0.00 sys=0.00, real=0.00 secs] 
2021-11-13T16:31:53.649+0800: 0.848: [GC pause (G1 Evacuation Pause) (young), 0.0035156 secs]
   [Parallel Time: 3.0 ms, GC Workers: 8]
      [GC Worker Start (ms): Min: 847.6, Avg: 847.7, Max: 847.8, Diff: 0.2]
      [Ext Root Scanning (ms): Min: 0.0, Avg: 0.1, Max: 0.2, Diff: 0.2, Sum: 0.9]
      [Update RS (ms): Min: 0.6, Avg: 0.6, Max: 0.6, Diff: 0.0, Sum: 4.5]
         [Processed Buffers: Min: 5, Avg: 8.0, Max: 9, Diff: 4, Sum: 64]
      [Scan RS (ms): Min: 0.0, Avg: 0.0, Max: 0.0, Diff: 0.0, Sum: 0.0]
      [Code Root Scanning (ms): Min: 0.0, Avg: 0.0, Max: 0.0, Diff: 0.0, Sum: 0.0]
      [Object Copy (ms): Min: 2.1, Avg: 2.2, Max: 2.2, Diff: 0.1, Sum: 17.3]
      [Termination (ms): Min: 0.0, Avg: 0.0, Max: 0.1, Diff: 0.1, Sum: 0.4]
         [Termination Attempts: Min: 1, Avg: 1.0, Max: 1, Diff: 0, Sum: 8]
      [GC Worker Other (ms): Min: 0.0, Avg: 0.0, Max: 0.0, Diff: 0.0, Sum: 0.1]
      [GC Worker Total (ms): Min: 2.8, Avg: 2.9, Max: 2.9, Diff: 0.2, Sum: 23.1]
      [GC Worker End (ms): Min: 850.6, Avg: 850.6, Max: 850.6, Diff: 0.0]
   [Code Root Fixup: 0.0 ms]
   [Code Root Purge: 0.0 ms]
   [Clear CT: 0.1 ms]
   [Other: 0.4 ms]
      [Choose CSet: 0.0 ms]
      [Ref Proc: 0.1 ms]
      [Ref Enq: 0.0 ms]
      [Redirty Cards: 0.1 ms]
      [Humongous Register: 0.1 ms]
      [Humongous Reclaim: 0.0 ms]
      [Free CSet: 0.0 ms]
   [Eden: 47.0M(47.0M)->0.0B(18.0M) Survivors: 4096.0K->7168.0K Heap: 405.1M(512.0M)->357.5M(512.0M)]
 [Times: user=0.02 sys=0.00, real=0.00 secs] 
2021-11-13T16:31:53.655+0800: 0.854: [GC pause (G1 Evacuation Pause) (mixed), 0.0046556 secs]
   [Parallel Time: 4.1 ms, GC Workers: 8]
      [GC Worker Start (ms): Min: 854.2, Avg: 854.2, Max: 854.3, Diff: 0.2]
      [Ext Root Scanning (ms): Min: 0.0, Avg: 0.1, Max: 0.1, Diff: 0.1, Sum: 0.9]
      [Update RS (ms): Min: 0.3, Avg: 0.4, Max: 0.4, Diff: 0.1, Sum: 3.0]
         [Processed Buffers: Min: 0, Avg: 5.0, Max: 6, Diff: 6, Sum: 40]
      [Scan RS (ms): Min: 0.0, Avg: 0.0, Max: 0.1, Diff: 0.1, Sum: 0.3]
      [Code Root Scanning (ms): Min: 0.0, Avg: 0.0, Max: 0.0, Diff: 0.0, Sum: 0.0]
      [Object Copy (ms): Min: 3.2, Avg: 3.3, Max: 3.4, Diff: 0.2, Sum: 26.5]
      [Termination (ms): Min: 0.0, Avg: 0.1, Max: 0.2, Diff: 0.2, Sum: 0.9]
         [Termination Attempts: Min: 1, Avg: 1.9, Max: 4, Diff: 3, Sum: 15]
      [GC Worker Other (ms): Min: 0.0, Avg: 0.0, Max: 0.0, Diff: 0.0, Sum: 0.1]
      [GC Worker Total (ms): Min: 3.8, Avg: 4.0, Max: 4.0, Diff: 0.2, Sum: 31.6]
      [GC Worker End (ms): Min: 858.2, Avg: 858.2, Max: 858.2, Diff: 0.0]
   [Code Root Fixup: 0.0 ms]
   [Code Root Purge: 0.0 ms]
   [Clear CT: 0.1 ms]
   [Other: 0.4 ms]
      [Choose CSet: 0.0 ms]
      [Ref Proc: 0.1 ms]
      [Ref Enq: 0.0 ms]
      [Redirty Cards: 0.1 ms]
      [Humongous Register: 0.1 ms]
      [Humongous Reclaim: 0.0 ms]
      [Free CSet: 0.0 ms]
   [Eden: 18.0M(18.0M)->0.0B(43.0M) Survivors: 7168.0K->4096.0K Heap: 379.4M(512.0M)->347.8M(512.0M)]
 [Times: user=0.00 sys=0.00, real=0.01 secs] 
2021-11-13T16:31:53.661+0800: 0.859: [GC pause (G1 Humongous Allocation) (young) (initial-mark), 0.0011376 secs]
   [Parallel Time: 0.7 ms, GC Workers: 8]
      [GC Worker Start (ms): Min: 859.4, Avg: 859.4, Max: 859.5, Diff: 0.1]
      [Ext Root Scanning (ms): Min: 0.1, Avg: 0.1, Max: 0.1, Diff: 0.1, Sum: 0.9]
      [Update RS (ms): Min: 0.0, Avg: 0.1, Max: 0.3, Diff: 0.3, Sum: 1.0]
         [Processed Buffers: Min: 1, Avg: 1.1, Max: 2, Diff: 1, Sum: 9]
      [Scan RS (ms): Min: 0.0, Avg: 0.0, Max: 0.0, Diff: 0.0, Sum: 0.0]
      [Code Root Scanning (ms): Min: 0.0, Avg: 0.0, Max: 0.0, Diff: 0.0, Sum: 0.0]
      [Object Copy (ms): Min: 0.0, Avg: 0.2, Max: 0.3, Diff: 0.3, Sum: 1.9]
      [Termination (ms): Min: 0.0, Avg: 0.1, Max: 0.1, Diff: 0.1, Sum: 0.4]
         [Termination Attempts: Min: 1, Avg: 1.0, Max: 1, Diff: 0, Sum: 8]
      [GC Worker Other (ms): Min: 0.0, Avg: 0.0, Max: 0.0, Diff: 0.0, Sum: 0.0]
      [GC Worker Total (ms): Min: 0.5, Avg: 0.5, Max: 0.6, Diff: 0.1, Sum: 4.3]
      [GC Worker End (ms): Min: 860.0, Avg: 860.0, Max: 860.0, Diff: 0.0]
   [Code Root Fixup: 0.0 ms]
   [Code Root Purge: 0.0 ms]
   [Clear CT: 0.1 ms]
   [Other: 0.4 ms]
      [Choose CSet: 0.0 ms]
      [Ref Proc: 0.1 ms]
      [Ref Enq: 0.0 ms]
      [Redirty Cards: 0.1 ms]
      [Humongous Register: 0.1 ms]
      [Humongous Reclaim: 0.0 ms]
      [Free CSet: 0.0 ms]
   [Eden: 1024.0K(43.0M)->0.0B(42.0M) Survivors: 4096.0K->1024.0K Heap: 348.1M(512.0M)->348.6M(512.0M)]
 [Times: user=0.00 sys=0.00, real=0.00 secs] 
2021-11-13T16:31:53.662+0800: 0.861: [GC concurrent-root-region-scan-start]
2021-11-13T16:31:53.662+0800: 0.861: [GC concurrent-root-region-scan-end, 0.0000335 secs]
2021-11-13T16:31:53.662+0800: 0.861: [GC concurrent-mark-start]
2021-11-13T16:31:53.664+0800: 0.862: [GC concurrent-mark-end, 0.0017466 secs]
2021-11-13T16:31:53.664+0800: 0.862: [GC remark 2021-11-13T16:31:53.664+0800: 0.862: [Finalize Marking, 0.0001467 secs] 2021-11-13T16:31:53.664+0800: 0.863: [GC ref-proc, 0.0002641 secs] 2021-11-13T16:31:53.664+0800: 0.863: [Unloading, 0.0005472 secs], 0.0017798 secs]
 [Times: user=0.00 sys=0.00, real=0.00 secs] 
2021-11-13T16:31:53.666+0800: 0.864: [GC cleanup 361M->361M(512M), 0.0005495 secs]
 [Times: user=0.00 sys=0.00, real=0.00 secs] 
2021-11-13T16:31:53.672+0800: 0.871: [GC pause (G1 Evacuation Pause) (young), 0.0032418 secs]
   [Parallel Time: 2.7 ms, GC Workers: 8]
      [GC Worker Start (ms): Min: 870.8, Avg: 870.9, Max: 871.0, Diff: 0.2]
      [Ext Root Scanning (ms): Min: 0.0, Avg: 0.1, Max: 0.2, Diff: 0.2, Sum: 0.8]
      [Update RS (ms): Min: 0.8, Avg: 0.8, Max: 0.8, Diff: 0.0, Sum: 6.6]
         [Processed Buffers: Min: 0, Avg: 9.8, Max: 13, Diff: 13, Sum: 78]
      [Scan RS (ms): Min: 0.0, Avg: 0.0, Max: 0.0, Diff: 0.0, Sum: 0.0]
      [Code Root Scanning (ms): Min: 0.0, Avg: 0.0, Max: 0.0, Diff: 0.0, Sum: 0.0]
      [Object Copy (ms): Min: 1.5, Avg: 1.5, Max: 1.6, Diff: 0.1, Sum: 12.2]
      [Termination (ms): Min: 0.0, Avg: 0.1, Max: 0.1, Diff: 0.1, Sum: 0.5]
         [Termination Attempts: Min: 1, Avg: 1.0, Max: 1, Diff: 0, Sum: 8]
      [GC Worker Other (ms): Min: 0.0, Avg: 0.0, Max: 0.0, Diff: 0.0, Sum: 0.1]
      [GC Worker Total (ms): Min: 2.4, Avg: 2.5, Max: 2.6, Diff: 0.2, Sum: 20.2]
      [GC Worker End (ms): Min: 873.4, Avg: 873.4, Max: 873.4, Diff: 0.0]
   [Code Root Fixup: 0.0 ms]
   [Code Root Purge: 0.0 ms]
   [Clear CT: 0.1 ms]
   [Other: 0.5 ms]
      [Choose CSet: 0.0 ms]
      [Ref Proc: 0.1 ms]
      [Ref Enq: 0.0 ms]
      [Redirty Cards: 0.1 ms]
      [Humongous Register: 0.1 ms]
      [Humongous Reclaim: 0.1 ms]
      [Free CSet: 0.0 ms]
   [Eden: 42.0M(42.0M)->0.0B(19.0M) Survivors: 1024.0K->6144.0K Heap: 403.2M(512.0M)->365.5M(512.0M)]
 [Times: user=0.00 sys=0.00, real=0.00 secs] 
2021-11-13T16:31:53.679+0800: 0.877: [GC pause (G1 Evacuation Pause) (mixed), 0.0048255 secs]
   [Parallel Time: 4.2 ms, GC Workers: 8]
      [GC Worker Start (ms): Min: 877.4, Avg: 877.4, Max: 877.5, Diff: 0.1]
      [Ext Root Scanning (ms): Min: 0.1, Avg: 0.1, Max: 0.1, Diff: 0.1, Sum: 0.9]
      [Update RS (ms): Min: 0.2, Avg: 0.2, Max: 0.3, Diff: 0.1, Sum: 1.9]
         [Processed Buffers: Min: 3, Avg: 3.8, Max: 6, Diff: 3, Sum: 30]
      [Scan RS (ms): Min: 0.0, Avg: 0.0, Max: 0.0, Diff: 0.0, Sum: 0.2]
      [Code Root Scanning (ms): Min: 0.0, Avg: 0.0, Max: 0.0, Diff: 0.0, Sum: 0.0]
      [Object Copy (ms): Min: 3.6, Avg: 3.7, Max: 3.7, Diff: 0.1, Sum: 29.4]
      [Termination (ms): Min: 0.0, Avg: 0.1, Max: 0.1, Diff: 0.1, Sum: 0.6]
         [Termination Attempts: Min: 1, Avg: 1.1, Max: 2, Diff: 1, Sum: 9]
      [GC Worker Other (ms): Min: 0.0, Avg: 0.0, Max: 0.0, Diff: 0.0, Sum: 0.1]
      [GC Worker Total (ms): Min: 4.1, Avg: 4.1, Max: 4.2, Diff: 0.1, Sum: 33.0]
      [GC Worker End (ms): Min: 881.5, Avg: 881.6, Max: 881.6, Diff: 0.0]
   [Code Root Fixup: 0.0 ms]
   [Code Root Purge: 0.0 ms]
   [Clear CT: 0.1 ms]
   [Other: 0.5 ms]
      [Choose CSet: 0.0 ms]
      [Ref Proc: 0.1 ms]
      [Ref Enq: 0.0 ms]
      [Redirty Cards: 0.1 ms]
      [Humongous Register: 0.1 ms]
      [Humongous Reclaim: 0.0 ms]
      [Free CSet: 0.1 ms]
   [Eden: 19.0M(19.0M)->0.0B(34.0M) Survivors: 6144.0K->4096.0K Heap: 387.2M(512.0M)->357.5M(512.0M)]
 [Times: user=0.02 sys=0.00, real=0.01 secs] 
2021-11-13T16:31:53.684+0800: 0.882: [GC pause (G1 Humongous Allocation) (young) (initial-mark), 0.0012365 secs]
   [Parallel Time: 0.7 ms, GC Workers: 8]
      [GC Worker Start (ms): Min: 882.5, Avg: 882.6, Max: 882.7, Diff: 0.2]
      [Ext Root Scanning (ms): Min: 0.0, Avg: 0.1, Max: 0.2, Diff: 0.2, Sum: 1.1]
      [Update RS (ms): Min: 0.0, Avg: 0.1, Max: 0.2, Diff: 0.2, Sum: 0.6]
         [Processed Buffers: Min: 1, Avg: 1.1, Max: 2, Diff: 1, Sum: 9]
      [Scan RS (ms): Min: 0.0, Avg: 0.0, Max: 0.0, Diff: 0.0, Sum: 0.0]
      [Code Root Scanning (ms): Min: 0.0, Avg: 0.0, Max: 0.0, Diff: 0.0, Sum: 0.0]
      [Object Copy (ms): Min: 0.3, Avg: 0.4, Max: 0.4, Diff: 0.2, Sum: 3.0]
      [Termination (ms): Min: 0.0, Avg: 0.0, Max: 0.1, Diff: 0.1, Sum: 0.4]
         [Termination Attempts: Min: 1, Avg: 1.0, Max: 1, Diff: 0, Sum: 8]
      [GC Worker Other (ms): Min: 0.0, Avg: 0.0, Max: 0.0, Diff: 0.0, Sum: 0.0]
      [GC Worker Total (ms): Min: 0.5, Avg: 0.6, Max: 0.7, Diff: 0.1, Sum: 5.1]
      [GC Worker End (ms): Min: 883.2, Avg: 883.2, Max: 883.2, Diff: 0.0]
   [Code Root Fixup: 0.0 ms]
   [Code Root Purge: 0.0 ms]
   [Clear CT: 0.1 ms]
   [Other: 0.4 ms]
      [Choose CSet: 0.0 ms]
      [Ref Proc: 0.1 ms]
      [Ref Enq: 0.0 ms]
      [Redirty Cards: 0.1 ms]
      [Humongous Register: 0.1 ms]
      [Humongous Reclaim: 0.0 ms]
      [Free CSet: 0.0 ms]
   [Eden: 1024.0K(34.0M)->0.0B(35.0M) Survivors: 4096.0K->1024.0K Heap: 357.6M(512.0M)->357.3M(512.0M)]
 [Times: user=0.00 sys=0.00, real=0.00 secs] 
2021-11-13T16:31:53.685+0800: 0.884: [GC concurrent-root-region-scan-start]
2021-11-13T16:31:53.685+0800: 0.884: [GC concurrent-root-region-scan-end, 0.0000418 secs]
2021-11-13T16:31:53.685+0800: 0.884: [GC concurrent-mark-start]
2021-11-13T16:31:53.689+0800: 0.888: [GC concurrent-mark-end, 0.0032194 secs]
2021-11-13T16:31:53.689+0800: 0.888: [GC remark 2021-11-13T16:31:53.689+0800: 0.888: [Finalize Marking, 0.0002210 secs] 2021-11-13T16:31:53.690+0800: 0.888: [GC ref-proc, 0.0003813 secs] 2021-11-13T16:31:53.690+0800: 0.888: [Unloading, 0.0004846 secs], 0.0020733 secs]
 [Times: user=0.00 sys=0.00, real=0.00 secs] 
2021-11-13T16:31:53.692+0800: 0.891: [GC cleanup 370M->370M(512M), 0.0007470 secs]
 [Times: user=0.00 sys=0.00, real=0.00 secs] 
2021-11-13T16:31:53.698+0800: 0.896: [GC pause (G1 Evacuation Pause) (young), 0.0031802 secs]
   [Parallel Time: 2.5 ms, GC Workers: 8]
      [GC Worker Start (ms): Min: 896.4, Avg: 896.5, Max: 897.3, Diff: 0.9]
      [Ext Root Scanning (ms): Min: 0.0, Avg: 0.1, Max: 0.2, Diff: 0.2, Sum: 0.9]
      [Update RS (ms): Min: 0.0, Avg: 0.6, Max: 0.8, Diff: 0.8, Sum: 5.2]
         [Processed Buffers: Min: 0, Avg: 9.0, Max: 11, Diff: 11, Sum: 72]
      [Scan RS (ms): Min: 0.0, Avg: 0.0, Max: 0.0, Diff: 0.0, Sum: 0.0]
      [Code Root Scanning (ms): Min: 0.0, Avg: 0.0, Max: 0.0, Diff: 0.0, Sum: 0.0]
      [Object Copy (ms): Min: 1.4, Avg: 1.5, Max: 1.5, Diff: 0.1, Sum: 11.6]
      [Termination (ms): Min: 0.0, Avg: 0.1, Max: 0.1, Diff: 0.1, Sum: 0.6]
         [Termination Attempts: Min: 1, Avg: 1.0, Max: 1, Diff: 0, Sum: 8]
      [GC Worker Other (ms): Min: 0.0, Avg: 0.0, Max: 0.0, Diff: 0.0, Sum: 0.1]
      [GC Worker Total (ms): Min: 1.5, Avg: 2.3, Max: 2.4, Diff: 0.9, Sum: 18.4]
      [GC Worker End (ms): Min: 898.8, Avg: 898.8, Max: 898.9, Diff: 0.0]
   [Code Root Fixup: 0.0 ms]
   [Code Root Purge: 0.0 ms]
   [Clear CT: 0.1 ms]
   [Other: 0.5 ms]
      [Choose CSet: 0.0 ms]
      [Ref Proc: 0.1 ms]
      [Ref Enq: 0.0 ms]
      [Redirty Cards: 0.1 ms]
      [Humongous Register: 0.1 ms]
      [Humongous Reclaim: 0.1 ms]
      [Free CSet: 0.1 ms]
   [Eden: 35.0M(35.0M)->0.0B(20.0M) Survivors: 1024.0K->5120.0K Heap: 400.4M(512.0M)->371.8M(512.0M)]
 [Times: user=0.09 sys=0.00, real=0.00 secs] 
2021-11-13T16:31:53.707+0800: 0.906: [GC pause (G1 Evacuation Pause) (mixed), 0.0069273 secs]
   [Parallel Time: 6.2 ms, GC Workers: 8]
      [GC Worker Start (ms): Min: 906.1, Avg: 906.3, Max: 907.1, Diff: 0.9]
      [Ext Root Scanning (ms): Min: 0.0, Avg: 0.1, Max: 0.2, Diff: 0.2, Sum: 0.9]
      [Update RS (ms): Min: 0.0, Avg: 0.5, Max: 0.7, Diff: 0.7, Sum: 3.9]
         [Processed Buffers: Min: 0, Avg: 5.8, Max: 8, Diff: 8, Sum: 46]
      [Scan RS (ms): Min: 0.0, Avg: 0.0, Max: 0.1, Diff: 0.1, Sum: 0.3]
      [Code Root Scanning (ms): Min: 0.0, Avg: 0.0, Max: 0.0, Diff: 0.0, Sum: 0.0]
      [Object Copy (ms): Min: 5.0, Avg: 5.3, Max: 5.3, Diff: 0.3, Sum: 42.0]
      [Termination (ms): Min: 0.0, Avg: 0.1, Max: 0.2, Diff: 0.2, Sum: 0.7]
         [Termination Attempts: Min: 1, Avg: 1.0, Max: 1, Diff: 0, Sum: 8]
      [GC Worker Other (ms): Min: 0.0, Avg: 0.0, Max: 0.0, Diff: 0.0, Sum: 0.1]
      [GC Worker Total (ms): Min: 5.2, Avg: 6.0, Max: 6.1, Diff: 0.9, Sum: 47.9]
      [GC Worker End (ms): Min: 912.3, Avg: 912.3, Max: 912.3, Diff: 0.0]
   [Code Root Fixup: 0.0 ms]
   [Code Root Purge: 0.0 ms]
   [Clear CT: 0.1 ms]
   [Other: 0.6 ms]
      [Choose CSet: 0.0 ms]
      [Ref Proc: 0.1 ms]
      [Ref Enq: 0.0 ms]
      [Redirty Cards: 0.1 ms]
      [Humongous Register: 0.2 ms]
      [Humongous Reclaim: 0.0 ms]
      [Free CSet: 0.1 ms]
   [Eden: 20.0M(20.0M)->0.0B(27.0M) Survivors: 5120.0K->4096.0K Heap: 396.4M(512.0M)->367.1M(512.0M)]
 [Times: user=0.00 sys=0.00, real=0.01 secs] 
2021-11-13T16:31:53.715+0800: 0.913: [GC pause (G1 Humongous Allocation) (young) (initial-mark), 0.0014539 secs]
   [Parallel Time: 0.8 ms, GC Workers: 8]
      [GC Worker Start (ms): Min: 913.6, Avg: 913.7, Max: 913.8, Diff: 0.2]
      [Ext Root Scanning (ms): Min: 0.0, Avg: 0.1, Max: 0.2, Diff: 0.2, Sum: 1.1]
      [Update RS (ms): Min: 0.0, Avg: 0.1, Max: 0.2, Diff: 0.2, Sum: 0.8]
         [Processed Buffers: Min: 1, Avg: 1.1, Max: 2, Diff: 1, Sum: 9]
      [Scan RS (ms): Min: 0.0, Avg: 0.0, Max: 0.0, Diff: 0.0, Sum: 0.0]
      [Code Root Scanning (ms): Min: 0.0, Avg: 0.0, Max: 0.0, Diff: 0.0, Sum: 0.0]
      [Object Copy (ms): Min: 0.3, Avg: 0.4, Max: 0.5, Diff: 0.2, Sum: 3.3]
      [Termination (ms): Min: 0.0, Avg: 0.0, Max: 0.1, Diff: 0.1, Sum: 0.4]
         [Termination Attempts: Min: 1, Avg: 1.0, Max: 1, Diff: 0, Sum: 8]
      [GC Worker Other (ms): Min: 0.0, Avg: 0.0, Max: 0.0, Diff: 0.0, Sum: 0.0]
      [GC Worker Total (ms): Min: 0.6, Avg: 0.7, Max: 0.7, Diff: 0.2, Sum: 5.6]
      [GC Worker End (ms): Min: 914.4, Avg: 914.4, Max: 914.4, Diff: 0.0]
   [Code Root Fixup: 0.0 ms]
   [Code Root Purge: 0.0 ms]
   [Clear CT: 0.2 ms]
   [Other: 0.4 ms]
      [Choose CSet: 0.0 ms]
      [Ref Proc: 0.1 ms]
      [Ref Enq: 0.0 ms]
      [Redirty Cards: 0.1 ms]
      [Humongous Register: 0.1 ms]
      [Humongous Reclaim: 0.0 ms]
      [Free CSet: 0.0 ms]
   [Eden: 1024.0K(27.0M)->0.0B(28.0M) Survivors: 4096.0K->1024.0K Heap: 367.9M(512.0M)->367.1M(512.0M)]
 [Times: user=0.13 sys=0.00, real=0.00 secs] 
2021-11-13T16:31:53.717+0800: 0.915: [GC concurrent-root-region-scan-start]
2021-11-13T16:31:53.717+0800: 0.915: [GC concurrent-root-region-scan-end, 0.0000395 secs]
2021-11-13T16:31:53.717+0800: 0.915: [GC concurrent-mark-start]
2021-11-13T16:31:53.721+0800: 0.919: [GC concurrent-mark-end, 0.0036753 secs]
2021-11-13T16:31:53.721+0800: 0.919: [GC remark 2021-11-13T16:31:53.721+0800: 0.919: [Finalize Marking, 0.0002069 secs] 2021-11-13T16:31:53.721+0800: 0.920: [GC ref-proc, 0.0003428 secs] 2021-11-13T16:31:53.722+0800: 0.920: [Unloading, 0.0004641 secs], 0.0018755 secs]
 [Times: user=0.00 sys=0.00, real=0.00 secs] 
2021-11-13T16:31:53.723+0800: 0.921: [GC cleanup 384M->384M(512M), 0.0005987 secs]
 [Times: user=0.00 sys=0.00, real=0.00 secs] 
2021-11-13T16:31:53.728+0800: 0.927: [GC pause (G1 Evacuation Pause) (young), 0.0029771 secs]
   [Parallel Time: 2.3 ms, GC Workers: 8]
      [GC Worker Start (ms): Min: 927.1, Avg: 927.4, Max: 929.3, Diff: 2.2]
      [Ext Root Scanning (ms): Min: 0.0, Avg: 0.1, Max: 0.2, Diff: 0.2, Sum: 0.8]
      [Update RS (ms): Min: 0.0, Avg: 1.0, Max: 2.1, Diff: 2.1, Sum: 7.7]
         [Processed Buffers: Min: 0, Avg: 9.8, Max: 15, Diff: 15, Sum: 78]
      [Scan RS (ms): Min: 0.0, Avg: 0.0, Max: 0.0, Diff: 0.0, Sum: 0.0]
      [Code Root Scanning (ms): Min: 0.0, Avg: 0.0, Max: 0.0, Diff: 0.0, Sum: 0.0]
      [Object Copy (ms): Min: 0.0, Avg: 0.8, Max: 1.1, Diff: 1.1, Sum: 6.7]
      [Termination (ms): Min: 0.0, Avg: 0.0, Max: 0.1, Diff: 0.1, Sum: 0.3]
         [Termination Attempts: Min: 1, Avg: 1.0, Max: 1, Diff: 0, Sum: 8]
      [GC Worker Other (ms): Min: 0.0, Avg: 0.0, Max: 0.0, Diff: 0.0, Sum: 0.1]
      [GC Worker Total (ms): Min: 0.1, Avg: 1.9, Max: 2.3, Diff: 2.2, Sum: 15.6]
      [GC Worker End (ms): Min: 929.3, Avg: 929.4, Max: 929.4, Diff: 0.0]
   [Code Root Fixup: 0.0 ms]
   [Code Root Purge: 0.0 ms]
   [Clear CT: 0.1 ms]
   [Other: 0.5 ms]
      [Choose CSet: 0.0 ms]
      [Ref Proc: 0.1 ms]
      [Ref Enq: 0.0 ms]
      [Redirty Cards: 0.1 ms]
      [Humongous Register: 0.2 ms]
      [Humongous Reclaim: 0.0 ms]
      [Free CSet: 0.0 ms]
   [Eden: 28.0M(28.0M)->0.0B(21.0M) Survivors: 1024.0K->4096.0K Heap: 403.7M(512.0M)->376.3M(512.0M)]
 [Times: user=0.09 sys=0.00, real=0.00 secs] 
2021-11-13T16:31:53.739+0800: 0.937: [GC pause (G1 Evacuation Pause) (mixed), 0.0061410 secs]
   [Parallel Time: 5.3 ms, GC Workers: 8]
      [GC Worker Start (ms): Min: 937.4, Avg: 937.5, Max: 937.6, Diff: 0.2]
      [Ext Root Scanning (ms): Min: 0.0, Avg: 0.1, Max: 0.2, Diff: 0.2, Sum: 0.7]
      [Update RS (ms): Min: 0.4, Avg: 1.0, Max: 4.9, Diff: 4.5, Sum: 8.2]
         [Processed Buffers: Min: 0, Avg: 5.5, Max: 7, Diff: 7, Sum: 44]
      [Scan RS (ms): Min: 0.0, Avg: 0.0, Max: 0.0, Diff: 0.0, Sum: 0.2]
      [Code Root Scanning (ms): Min: 0.0, Avg: 0.0, Max: 0.0, Diff: 0.0, Sum: 0.0]
      [Object Copy (ms): Min: 0.0, Avg: 3.9, Max: 4.5, Diff: 4.5, Sum: 30.9]
      [Termination (ms): Min: 0.0, Avg: 0.1, Max: 0.2, Diff: 0.2, Sum: 0.7]
         [Termination Attempts: Min: 1, Avg: 1.0, Max: 1, Diff: 0, Sum: 8]
      [GC Worker Other (ms): Min: 0.0, Avg: 0.0, Max: 0.0, Diff: 0.0, Sum: 0.1]
      [GC Worker Total (ms): Min: 5.0, Avg: 5.1, Max: 5.2, Diff: 0.2, Sum: 40.8]
      [GC Worker End (ms): Min: 942.6, Avg: 942.6, Max: 942.6, Diff: 0.1]
   [Code Root Fixup: 0.0 ms]
   [Code Root Purge: 0.0 ms]
   [Clear CT: 0.2 ms]
   [Other: 0.7 ms]
      [Choose CSet: 0.0 ms]
      [Ref Proc: 0.1 ms]
      [Ref Enq: 0.0 ms]
      [Redirty Cards: 0.1 ms]
      [Humongous Register: 0.1 ms]
      [Humongous Reclaim: 0.0 ms]
      [Free CSet: 0.1 ms]
   [Eden: 21.0M(21.0M)->0.0B(29.0M) Survivors: 4096.0K->4096.0K Heap: 402.0M(512.0M)->366.5M(512.0M)]
 [Times: user=0.00 sys=0.00, real=0.01 secs] 
2021-11-13T16:31:53.746+0800: 0.944: [GC pause (G1 Humongous Allocation) (young) (initial-mark), 0.0014690 secs]
   [Parallel Time: 0.9 ms, GC Workers: 8]
      [GC Worker Start (ms): Min: 944.2, Avg: 944.3, Max: 944.4, Diff: 0.2]
      [Ext Root Scanning (ms): Min: 0.0, Avg: 0.3, Max: 0.6, Diff: 0.6, Sum: 2.2]
      [Update RS (ms): Min: 0.0, Avg: 0.1, Max: 0.1, Diff: 0.1, Sum: 0.5]
         [Processed Buffers: Min: 0, Avg: 1.0, Max: 2, Diff: 2, Sum: 8]
      [Scan RS (ms): Min: 0.0, Avg: 0.0, Max: 0.0, Diff: 0.0, Sum: 0.0]
      [Code Root Scanning (ms): Min: 0.0, Avg: 0.0, Max: 0.0, Diff: 0.0, Sum: 0.0]
      [Object Copy (ms): Min: 0.0, Avg: 0.3, Max: 0.6, Diff: 0.6, Sum: 2.8]
      [Termination (ms): Min: 0.0, Avg: 0.1, Max: 0.1, Diff: 0.1, Sum: 0.6]
         [Termination Attempts: Min: 1, Avg: 1.0, Max: 1, Diff: 0, Sum: 8]
      [GC Worker Other (ms): Min: 0.0, Avg: 0.0, Max: 0.0, Diff: 0.0, Sum: 0.0]
      [GC Worker Total (ms): Min: 0.7, Avg: 0.8, Max: 0.8, Diff: 0.2, Sum: 6.1]
      [GC Worker End (ms): Min: 945.0, Avg: 945.0, Max: 945.0, Diff: 0.0]
   [Code Root Fixup: 0.0 ms]
   [Code Root Purge: 0.0 ms]
   [Clear CT: 0.1 ms]
   [Other: 0.5 ms]
      [Choose CSet: 0.0 ms]
      [Ref Proc: 0.1 ms]
      [Ref Enq: 0.0 ms]
      [Redirty Cards: 0.1 ms]
      [Humongous Register: 0.1 ms]
      [Humongous Reclaim: 0.0 ms]
      [Free CSet: 0.0 ms]
   [Eden: 2048.0K(29.0M)->0.0B(30.0M) Survivors: 4096.0K->1024.0K Heap: 368.4M(512.0M)->366.2M(512.0M)]
 [Times: user=0.09 sys=0.00, real=0.00 secs] 
2021-11-13T16:31:53.747+0800: 0.946: [GC concurrent-root-region-scan-start]
2021-11-13T16:31:53.747+0800: 0.946: [GC concurrent-root-region-scan-end, 0.0000393 secs]
2021-11-13T16:31:53.747+0800: 0.946: [GC concurrent-mark-start]
2021-11-13T16:31:53.752+0800: 0.951: [GC concurrent-mark-end, 0.0037526 secs]
2021-11-13T16:31:53.752+0800: 0.951: [GC remark 2021-11-13T16:31:53.752+0800: 0.951: [Finalize Marking, 0.0002175 secs] 2021-11-13T16:31:53.753+0800: 0.951: [GC ref-proc, 0.0003718 secs] 2021-11-13T16:31:53.753+0800: 0.951: [Unloading, 0.0004452 secs], 0.0018920 secs]
 [Times: user=0.00 sys=0.00, real=0.00 secs] 
2021-11-13T16:31:53.754+0800: 0.953: [GC cleanup 388M->388M(512M), 0.0004921 secs]
 [Times: user=0.00 sys=0.00, real=0.00 secs] 
2021-11-13T16:31:53.759+0800: 0.958: [GC pause (G1 Evacuation Pause) (young), 0.0026613 secs]
   [Parallel Time: 2.0 ms, GC Workers: 8]
      [GC Worker Start (ms): Min: 957.8, Avg: 957.8, Max: 957.9, Diff: 0.1]
      [Ext Root Scanning (ms): Min: 0.1, Avg: 0.1, Max: 0.2, Diff: 0.1, Sum: 1.1]
      [Update RS (ms): Min: 0.6, Avg: 0.7, Max: 0.7, Diff: 0.1, Sum: 5.6]
         [Processed Buffers: Min: 9, Avg: 9.4, Max: 10, Diff: 1, Sum: 75]
      [Scan RS (ms): Min: 0.0, Avg: 0.0, Max: 0.0, Diff: 0.0, Sum: 0.0]
      [Code Root Scanning (ms): Min: 0.0, Avg: 0.0, Max: 0.0, Diff: 0.0, Sum: 0.0]
      [Object Copy (ms): Min: 0.9, Avg: 0.9, Max: 1.0, Diff: 0.1, Sum: 7.6]
      [Termination (ms): Min: 0.0, Avg: 0.0, Max: 0.1, Diff: 0.1, Sum: 0.3]
         [Termination Attempts: Min: 1, Avg: 1.0, Max: 1, Diff: 0, Sum: 8]
      [GC Worker Other (ms): Min: 0.0, Avg: 0.0, Max: 0.0, Diff: 0.0, Sum: 0.1]
      [GC Worker Total (ms): Min: 1.8, Avg: 1.8, Max: 1.9, Diff: 0.1, Sum: 14.7]
      [GC Worker End (ms): Min: 959.7, Avg: 959.7, Max: 959.7, Diff: 0.0]
   [Code Root Fixup: 0.0 ms]
   [Code Root Purge: 0.0 ms]
   [Clear CT: 0.1 ms]
   [Other: 0.6 ms]
      [Choose CSet: 0.0 ms]
      [Ref Proc: 0.1 ms]
      [Ref Enq: 0.0 ms]
      [Redirty Cards: 0.1 ms]
      [Humongous Register: 0.2 ms]
      [Humongous Reclaim: 0.0 ms]
      [Free CSet: 0.0 ms]
   [Eden: 30.0M(30.0M)->0.0B(21.0M) Survivors: 1024.0K->4096.0K Heap: 404.6M(512.0M)->375.3M(512.0M)]
 [Times: user=0.00 sys=0.00, real=0.00 secs] 
2021-11-13T16:31:53.767+0800: 0.966: [GC pause (G1 Evacuation Pause) (mixed), 0.0054807 secs]
   [Parallel Time: 4.7 ms, GC Workers: 8]
      [GC Worker Start (ms): Min: 966.0, Avg: 966.1, Max: 966.3, Diff: 0.2]
      [Ext Root Scanning (ms): Min: 0.0, Avg: 0.1, Max: 0.2, Diff: 0.2, Sum: 1.0]
      [Update RS (ms): Min: 0.5, Avg: 0.6, Max: 0.7, Diff: 0.2, Sum: 4.5]
         [Processed Buffers: Min: 1, Avg: 6.9, Max: 9, Diff: 8, Sum: 55]
      [Scan RS (ms): Min: 0.0, Avg: 0.0, Max: 0.1, Diff: 0.1, Sum: 0.2]
      [Code Root Scanning (ms): Min: 0.0, Avg: 0.0, Max: 0.0, Diff: 0.0, Sum: 0.0]
      [Object Copy (ms): Min: 3.8, Avg: 3.8, Max: 3.9, Diff: 0.1, Sum: 30.6]
      [Termination (ms): Min: 0.0, Avg: 0.0, Max: 0.0, Diff: 0.0, Sum: 0.2]
         [Termination Attempts: Min: 1, Avg: 1.0, Max: 1, Diff: 0, Sum: 8]
      [GC Worker Other (ms): Min: 0.0, Avg: 0.0, Max: 0.0, Diff: 0.0, Sum: 0.1]
      [GC Worker Total (ms): Min: 4.4, Avg: 4.6, Max: 4.6, Diff: 0.2, Sum: 36.6]
      [GC Worker End (ms): Min: 970.7, Avg: 970.7, Max: 970.7, Diff: 0.0]
   [Code Root Fixup: 0.0 ms]
   [Code Root Purge: 0.0 ms]
   [Clear CT: 0.1 ms]
   [Other: 0.6 ms]
      [Choose CSet: 0.0 ms]
      [Ref Proc: 0.1 ms]
      [Ref Enq: 0.0 ms]
      [Redirty Cards: 0.1 ms]
      [Humongous Register: 0.2 ms]
      [Humongous Reclaim: 0.0 ms]
      [Free CSet: 0.1 ms]
   [Eden: 21.0M(21.0M)->0.0B(26.0M) Survivors: 4096.0K->4096.0K Heap: 402.0M(512.0M)->369.7M(512.0M)]
 [Times: user=0.00 sys=0.00, real=0.01 secs] 
2021-11-13T16:31:53.774+0800: 0.972: [GC pause (G1 Humongous Allocation) (young) (initial-mark), 0.0014345 secs]
   [Parallel Time: 0.8 ms, GC Workers: 8]
      [GC Worker Start (ms): Min: 972.1, Avg: 972.2, Max: 972.3, Diff: 0.2]
      [Ext Root Scanning (ms): Min: 0.0, Avg: 0.2, Max: 0.6, Diff: 0.6, Sum: 2.0]
      [Update RS (ms): Min: 0.0, Avg: 0.1, Max: 0.2, Diff: 0.2, Sum: 0.6]
         [Processed Buffers: Min: 0, Avg: 1.1, Max: 3, Diff: 3, Sum: 9]
      [Scan RS (ms): Min: 0.0, Avg: 0.0, Max: 0.0, Diff: 0.0, Sum: 0.0]
      [Code Root Scanning (ms): Min: 0.0, Avg: 0.0, Max: 0.0, Diff: 0.0, Sum: 0.0]
      [Object Copy (ms): Min: 0.0, Avg: 0.3, Max: 0.4, Diff: 0.4, Sum: 2.1]
      [Termination (ms): Min: 0.0, Avg: 0.1, Max: 0.2, Diff: 0.2, Sum: 0.5]
         [Termination Attempts: Min: 1, Avg: 1.0, Max: 1, Diff: 0, Sum: 8]
      [GC Worker Other (ms): Min: 0.0, Avg: 0.0, Max: 0.0, Diff: 0.0, Sum: 0.0]
      [GC Worker Total (ms): Min: 0.5, Avg: 0.7, Max: 0.7, Diff: 0.2, Sum: 5.2]
      [GC Worker End (ms): Min: 972.8, Avg: 972.9, Max: 972.9, Diff: 0.0]
   [Code Root Fixup: 0.0 ms]
   [Code Root Purge: 0.0 ms]
   [Clear CT: 0.1 ms]
   [Other: 0.5 ms]
      [Choose CSet: 0.0 ms]
      [Ref Proc: 0.1 ms]
      [Ref Enq: 0.0 ms]
      [Redirty Cards: 0.1 ms]
      [Humongous Register: 0.1 ms]
      [Humongous Reclaim: 0.0 ms]
      [Free CSet: 0.0 ms]
   [Eden: 2048.0K(26.0M)->0.0B(25.0M) Survivors: 4096.0K->1024.0K Heap: 370.8M(512.0M)->370.5M(512.0M)]
 [Times: user=0.00 sys=0.00, real=0.00 secs] 
2021-11-13T16:31:53.775+0800: 0.974: [GC concurrent-root-region-scan-start]
2021-11-13T16:31:53.775+0800: 0.974: [GC concurrent-root-region-scan-end, 0.0001597 secs]
2021-11-13T16:31:53.775+0800: 0.974: [GC concurrent-mark-start]
2021-11-13T16:31:53.780+0800: 0.979: [GC concurrent-mark-end, 0.0046620 secs]
2021-11-13T16:31:53.780+0800: 0.979: [GC remark 2021-11-13T16:31:53.780+0800: 0.979: [Finalize Marking, 0.0002228 secs] 2021-11-13T16:31:53.781+0800: 0.979: [GC ref-proc, 0.0003858 secs] 2021-11-13T16:31:53.781+0800: 0.979: [Unloading, 0.0004755 secs], 0.0020370 secs]
 [Times: user=0.00 sys=0.00, real=0.00 secs] 
2021-11-13T16:31:53.783+0800: 0.981: [GC cleanup 380M->380M(512M), 0.0005309 secs]
 [Times: user=0.00 sys=0.00, real=0.00 secs] 
2021-11-13T16:31:53.789+0800: 0.987: [GC pause (G1 Evacuation Pause) (young), 0.0019296 secs]
   [Parallel Time: 1.3 ms, GC Workers: 8]
      [GC Worker Start (ms): Min: 987.0, Avg: 987.1, Max: 987.1, Diff: 0.1]
      [Ext Root Scanning (ms): Min: 0.1, Avg: 0.1, Max: 0.2, Diff: 0.1, Sum: 1.0]
      [Update RS (ms): Min: 0.3, Avg: 0.3, Max: 0.3, Diff: 0.0, Sum: 2.4]
         [Processed Buffers: Min: 3, Avg: 4.4, Max: 5, Diff: 2, Sum: 35]
      [Scan RS (ms): Min: 0.0, Avg: 0.0, Max: 0.0, Diff: 0.0, Sum: 0.0]
      [Code Root Scanning (ms): Min: 0.0, Avg: 0.0, Max: 0.0, Diff: 0.0, Sum: 0.0]
      [Object Copy (ms): Min: 0.7, Avg: 0.7, Max: 0.8, Diff: 0.1, Sum: 5.9]
      [Termination (ms): Min: 0.0, Avg: 0.0, Max: 0.1, Diff: 0.1, Sum: 0.4]
         [Termination Attempts: Min: 1, Avg: 1.0, Max: 1, Diff: 0, Sum: 8]
      [GC Worker Other (ms): Min: 0.0, Avg: 0.0, Max: 0.0, Diff: 0.0, Sum: 0.0]
      [GC Worker Total (ms): Min: 1.2, Avg: 1.2, Max: 1.3, Diff: 0.1, Sum: 9.7]
      [GC Worker End (ms): Min: 988.3, Avg: 988.3, Max: 988.3, Diff: 0.0]
   [Code Root Fixup: 0.0 ms]
   [Code Root Purge: 0.0 ms]
   [Clear CT: 0.1 ms]
   [Other: 0.5 ms]
      [Choose CSet: 0.0 ms]
      [Ref Proc: 0.2 ms]
      [Ref Enq: 0.0 ms]
      [Redirty Cards: 0.1 ms]
      [Humongous Register: 0.2 ms]
      [Humongous Reclaim: 0.0 ms]
      [Free CSet: 0.0 ms]
   [Eden: 25.0M(25.0M)->0.0B(21.0M) Survivors: 1024.0K->4096.0K Heap: 398.9M(512.0M)->377.1M(512.0M)]
 [Times: user=0.00 sys=0.00, real=0.00 secs] 
2021-11-13T16:31:53.797+0800: 0.995: [GC pause (G1 Evacuation Pause) (mixed), 0.0049086 secs]
   [Parallel Time: 4.2 ms, GC Workers: 8]
      [GC Worker Start (ms): Min: 995.2, Avg: 995.2, Max: 995.3, Diff: 0.1]
      [Ext Root Scanning (ms): Min: 0.1, Avg: 0.1, Max: 0.2, Diff: 0.1, Sum: 0.9]
      [Update RS (ms): Min: 0.3, Avg: 0.4, Max: 0.4, Diff: 0.1, Sum: 3.0]
         [Processed Buffers: Min: 5, Avg: 5.6, Max: 6, Diff: 1, Sum: 45]
      [Scan RS (ms): Min: 0.0, Avg: 0.0, Max: 0.0, Diff: 0.0, Sum: 0.1]
      [Code Root Scanning (ms): Min: 0.0, Avg: 0.0, Max: 0.0, Diff: 0.0, Sum: 0.0]
      [Object Copy (ms): Min: 3.5, Avg: 3.6, Max: 3.6, Diff: 0.1, Sum: 28.6]
      [Termination (ms): Min: 0.0, Avg: 0.0, Max: 0.1, Diff: 0.1, Sum: 0.2]
         [Termination Attempts: Min: 1, Avg: 1.0, Max: 1, Diff: 0, Sum: 8]
      [GC Worker Other (ms): Min: 0.0, Avg: 0.0, Max: 0.0, Diff: 0.0, Sum: 0.1]
      [GC Worker Total (ms): Min: 4.1, Avg: 4.1, Max: 4.2, Diff: 0.1, Sum: 33.0]
      [GC Worker End (ms): Min: 999.3, Avg: 999.4, Max: 999.4, Diff: 0.0]
   [Code Root Fixup: 0.0 ms]
   [Code Root Purge: 0.0 ms]
   [Clear CT: 0.1 ms]
   [Other: 0.6 ms]
      [Choose CSet: 0.0 ms]
      [Ref Proc: 0.1 ms]
      [Ref Enq: 0.0 ms]
      [Redirty Cards: 0.1 ms]
      [Humongous Register: 0.1 ms]
      [Humongous Reclaim: 0.0 ms]
      [Free CSet: 0.1 ms]
   [Eden: 21.0M(21.0M)->0.0B(27.0M) Survivors: 4096.0K->4096.0K Heap: 402.6M(512.0M)->369.0M(512.0M)]
 [Times: user=0.00 sys=0.00, real=0.01 secs] 
2021-11-13T16:31:53.802+0800: 1.001: [GC pause (G1 Humongous Allocation) (young) (initial-mark), 0.0015048 secs]
   [Parallel Time: 0.9 ms, GC Workers: 8]
      [GC Worker Start (ms): Min: 1000.9, Avg: 1000.9, Max: 1001.1, Diff: 0.2]
      [Ext Root Scanning (ms): Min: 0.0, Avg: 0.2, Max: 0.7, Diff: 0.7, Sum: 1.8]
      [Update RS (ms): Min: 0.0, Avg: 0.1, Max: 0.1, Diff: 0.1, Sum: 0.5]
         [Processed Buffers: Min: 0, Avg: 1.1, Max: 2, Diff: 2, Sum: 9]
      [Scan RS (ms): Min: 0.0, Avg: 0.0, Max: 0.0, Diff: 0.0, Sum: 0.0]
      [Code Root Scanning (ms): Min: 0.0, Avg: 0.0, Max: 0.0, Diff: 0.0, Sum: 0.0]
      [Object Copy (ms): Min: 0.0, Avg: 0.4, Max: 0.5, Diff: 0.5, Sum: 3.4]
      [Termination (ms): Min: 0.0, Avg: 0.0, Max: 0.1, Diff: 0.1, Sum: 0.3]
         [Termination Attempts: Min: 1, Avg: 1.0, Max: 1, Diff: 0, Sum: 8]
      [GC Worker Other (ms): Min: 0.0, Avg: 0.0, Max: 0.0, Diff: 0.0, Sum: 0.1]
      [GC Worker Total (ms): Min: 0.6, Avg: 0.8, Max: 0.8, Diff: 0.2, Sum: 6.1]
      [GC Worker End (ms): Min: 1001.7, Avg: 1001.7, Max: 1001.7, Diff: 0.0]
   [Code Root Fixup: 0.0 ms]
   [Code Root Purge: 0.0 ms]
   [Clear CT: 0.1 ms]
   [Other: 0.5 ms]
      [Choose CSet: 0.0 ms]
      [Ref Proc: 0.1 ms]
      [Ref Enq: 0.0 ms]
      [Redirty Cards: 0.1 ms]
      [Humongous Register: 0.1 ms]
      [Humongous Reclaim: 0.0 ms]
      [Free CSet: 0.0 ms]
   [Eden: 2048.0K(27.0M)->0.0B(24.0M) Survivors: 4096.0K->1024.0K Heap: 370.7M(512.0M)->369.7M(512.0M)]
 [Times: user=0.00 sys=0.00, real=0.00 secs] 
2021-11-13T16:31:53.804+0800: 1.002: [GC concurrent-root-region-scan-start]
2021-11-13T16:31:53.804+0800: 1.003: [GC concurrent-root-region-scan-end, 0.0002227 secs]
2021-11-13T16:31:53.804+0800: 1.003: [GC concurrent-mark-start]
2021-11-13T16:31:53.809+0800: 1.007: [GC concurrent-mark-end, 0.0042021 secs]
2021-11-13T16:31:53.809+0800: 1.007: [GC remark 2021-11-13T16:31:53.809+0800: 1.007: [Finalize Marking, 0.0002017 secs] 2021-11-13T16:31:53.809+0800: 1.007: [GC ref-proc, 0.0003955 secs] 2021-11-13T16:31:53.810+0800: 1.008: [Unloading, 0.0008599 secs], 0.0025061 secs]
 [Times: user=0.02 sys=0.00, real=0.00 secs] 
2021-11-13T16:31:53.812+0800: 1.010: [GC cleanup 399M->399M(512M), 0.0006570 secs]
 [Times: user=0.00 sys=0.00, real=0.00 secs] 
2021-11-13T16:31:53.814+0800: 1.012: [GC pause (G1 Evacuation Pause) (young), 0.0028136 secs]
   [Parallel Time: 2.1 ms, GC Workers: 8]
      [GC Worker Start (ms): Min: 1012.3, Avg: 1012.4, Max: 1012.6, Diff: 0.3]
      [Ext Root Scanning (ms): Min: 0.0, Avg: 0.1, Max: 0.2, Diff: 0.2, Sum: 0.9]
      [Update RS (ms): Min: 0.7, Avg: 0.8, Max: 0.9, Diff: 0.2, Sum: 6.4]
         [Processed Buffers: Min: 10, Avg: 11.6, Max: 14, Diff: 4, Sum: 93]
      [Scan RS (ms): Min: 0.0, Avg: 0.0, Max: 0.0, Diff: 0.0, Sum: 0.0]
      [Code Root Scanning (ms): Min: 0.0, Avg: 0.0, Max: 0.0, Diff: 0.0, Sum: 0.0]
      [Object Copy (ms): Min: 0.9, Avg: 0.9, Max: 1.0, Diff: 0.1, Sum: 7.6]
      [Termination (ms): Min: 0.0, Avg: 0.1, Max: 0.1, Diff: 0.1, Sum: 0.5]
         [Termination Attempts: Min: 1, Avg: 1.0, Max: 1, Diff: 0, Sum: 8]
      [GC Worker Other (ms): Min: 0.0, Avg: 0.0, Max: 0.0, Diff: 0.0, Sum: 0.1]
      [GC Worker Total (ms): Min: 1.7, Avg: 1.9, Max: 2.1, Diff: 0.3, Sum: 15.5]
      [GC Worker End (ms): Min: 1014.4, Avg: 1014.4, Max: 1014.4, Diff: 0.0]
   [Code Root Fixup: 0.0 ms]
   [Code Root Purge: 0.0 ms]
   [Clear CT: 0.1 ms]
   [Other: 0.5 ms]
      [Choose CSet: 0.0 ms]
      [Ref Proc: 0.1 ms]
      [Ref Enq: 0.0 ms]
      [Redirty Cards: 0.1 ms]
      [Humongous Register: 0.2 ms]
      [Humongous Reclaim: 0.0 ms]
      [Free CSet: 0.0 ms]
   [Eden: 24.0M(24.0M)->0.0B(21.0M) Survivors: 1024.0K->4096.0K Heap: 404.3M(512.0M)->380.4M(512.0M)]
 [Times: user=0.00 sys=0.00, real=0.00 secs] 
2021-11-13T16:31:53.820+0800: 1.019: [GC pause (G1 Evacuation Pause) (mixed), 0.0043260 secs]
   [Parallel Time: 3.7 ms, GC Workers: 8]
      [GC Worker Start (ms): Min: 1018.7, Avg: 1018.7, Max: 1018.8, Diff: 0.1]
      [Ext Root Scanning (ms): Min: 0.1, Avg: 0.1, Max: 0.1, Diff: 0.1, Sum: 0.9]
      [Update RS (ms): Min: 0.4, Avg: 0.5, Max: 0.5, Diff: 0.0, Sum: 3.7]
         [Processed Buffers: Min: 6, Avg: 6.9, Max: 8, Diff: 2, Sum: 55]
      [Scan RS (ms): Min: 0.0, Avg: 0.0, Max: 0.0, Diff: 0.0, Sum: 0.1]
      [Code Root Scanning (ms): Min: 0.0, Avg: 0.0, Max: 0.0, Diff: 0.0, Sum: 0.0]
      [Object Copy (ms): Min: 3.0, Avg: 3.0, Max: 3.1, Diff: 0.1, Sum: 24.2]
      [Termination (ms): Min: 0.0, Avg: 0.1, Max: 0.1, Diff: 0.1, Sum: 0.4]
         [Termination Attempts: Min: 1, Avg: 1.1, Max: 2, Diff: 1, Sum: 9]
      [GC Worker Other (ms): Min: 0.0, Avg: 0.0, Max: 0.0, Diff: 0.0, Sum: 0.1]
      [GC Worker Total (ms): Min: 3.6, Avg: 3.7, Max: 3.7, Diff: 0.1, Sum: 29.4]
      [GC Worker End (ms): Min: 1022.4, Avg: 1022.4, Max: 1022.4, Diff: 0.0]
   [Code Root Fixup: 0.0 ms]
   [Code Root Purge: 0.0 ms]
   [Clear CT: 0.1 ms]
   [Other: 0.5 ms]
      [Choose CSet: 0.0 ms]
      [Ref Proc: 0.1 ms]
      [Ref Enq: 0.0 ms]
      [Redirty Cards: 0.1 ms]
      [Humongous Register: 0.1 ms]
      [Humongous Reclaim: 0.0 ms]
      [Free CSet: 0.0 ms]
   [Eden: 21.0M(21.0M)->0.0B(21.0M) Survivors: 4096.0K->4096.0K Heap: 407.3M(512.0M)->379.7M(512.0M)]
 [Times: user=0.02 sys=0.02, real=0.01 secs] 
2021-11-13T16:31:53.828+0800: 1.026: [GC pause (G1 Humongous Allocation) (young) (initial-mark), 0.0016075 secs]
   [Parallel Time: 1.0 ms, GC Workers: 8]
      [GC Worker Start (ms): Min: 1026.0, Avg: 1026.0, Max: 1026.0, Diff: 0.1]
      [Ext Root Scanning (ms): Min: 0.1, Avg: 0.1, Max: 0.2, Diff: 0.1, Sum: 1.0]
      [Update RS (ms): Min: 0.1, Avg: 0.1, Max: 0.1, Diff: 0.1, Sum: 0.6]
         [Processed Buffers: Min: 1, Avg: 1.1, Max: 2, Diff: 1, Sum: 9]
      [Scan RS (ms): Min: 0.0, Avg: 0.0, Max: 0.0, Diff: 0.0, Sum: 0.0]
      [Code Root Scanning (ms): Min: 0.0, Avg: 0.0, Max: 0.0, Diff: 0.0, Sum: 0.0]
      [Object Copy (ms): Min: 0.6, Avg: 0.7, Max: 0.7, Diff: 0.1, Sum: 5.3]
      [Termination (ms): Min: 0.0, Avg: 0.0, Max: 0.1, Diff: 0.1, Sum: 0.2]
         [Termination Attempts: Min: 1, Avg: 1.0, Max: 1, Diff: 0, Sum: 8]
      [GC Worker Other (ms): Min: 0.0, Avg: 0.0, Max: 0.0, Diff: 0.0, Sum: 0.1]
      [GC Worker Total (ms): Min: 0.9, Avg: 0.9, Max: 0.9, Diff: 0.1, Sum: 7.2]
      [GC Worker End (ms): Min: 1026.9, Avg: 1026.9, Max: 1026.9, Diff: 0.0]
   [Code Root Fixup: 0.0 ms]
   [Code Root Purge: 0.0 ms]
   [Clear CT: 0.1 ms]
   [Other: 0.5 ms]
      [Choose CSet: 0.0 ms]
      [Ref Proc: 0.1 ms]
      [Ref Enq: 0.0 ms]
      [Redirty Cards: 0.1 ms]
      [Humongous Register: 0.1 ms]
      [Humongous Reclaim: 0.0 ms]
      [Free CSet: 0.0 ms]
   [Eden: 12.0M(21.0M)->0.0B(22.0M) Survivors: 4096.0K->3072.0K Heap: 391.1M(512.0M)->380.4M(512.0M)]
 [Times: user=0.00 sys=0.00, real=0.00 secs] 
2021-11-13T16:31:53.829+0800: 1.027: [GC concurrent-root-region-scan-start]
2021-11-13T16:31:53.829+0800: 1.028: [GC concurrent-root-region-scan-end, 0.0001352 secs]
2021-11-13T16:31:53.829+0800: 1.028: [GC concurrent-mark-start]
2021-11-13T16:31:53.832+0800: 1.030: [GC concurrent-mark-end, 0.0022805 secs]
2021-11-13T16:31:53.832+0800: 1.030: [GC remark 2021-11-13T16:31:53.832+0800: 1.030: [Finalize Marking, 0.0001233 secs] 2021-11-13T16:31:53.832+0800: 1.030: [GC ref-proc, 0.0002685 secs] 2021-11-13T16:31:53.832+0800: 1.030: [Unloading, 0.0005167 secs], 0.0017612 secs]
 [Times: user=0.00 sys=0.00, real=0.00 secs] 
2021-11-13T16:31:53.836+0800: 1.034: [GC pause (G1 Evacuation Pause) (young), 0.0030293 secs]
   [Parallel Time: 2.3 ms, GC Workers: 8]
      [GC Worker Start (ms): Min: 1034.5, Avg: 1034.7, Max: 1035.8, Diff: 1.3]
      [Ext Root Scanning (ms): Min: 0.0, Avg: 0.1, Max: 0.2, Diff: 0.2, Sum: 1.1]
      [Update RS (ms): Min: 0.0, Avg: 0.7, Max: 0.8, Diff: 0.8, Sum: 5.2]
         [Processed Buffers: Min: 0, Avg: 9.3, Max: 12, Diff: 12, Sum: 74]
      [Scan RS (ms): Min: 0.0, Avg: 0.0, Max: 0.0, Diff: 0.0, Sum: 0.0]
      [Code Root Scanning (ms): Min: 0.0, Avg: 0.0, Max: 0.0, Diff: 0.0, Sum: 0.0]
      [Object Copy (ms): Min: 0.8, Avg: 1.2, Max: 1.3, Diff: 0.5, Sum: 9.2]
      [Termination (ms): Min: 0.0, Avg: 0.1, Max: 0.1, Diff: 0.1, Sum: 0.5]
         [Termination Attempts: Min: 1, Avg: 1.0, Max: 1, Diff: 0, Sum: 8]
      [GC Worker Other (ms): Min: 0.0, Avg: 0.0, Max: 0.0, Diff: 0.0, Sum: 0.1]
      [GC Worker Total (ms): Min: 0.9, Avg: 2.0, Max: 2.2, Diff: 1.3, Sum: 16.1]
      [GC Worker End (ms): Min: 1036.7, Avg: 1036.7, Max: 1036.7, Diff: 0.0]
   [Code Root Fixup: 0.0 ms]
   [Code Root Purge: 0.0 ms]
   [Clear CT: 0.1 ms]
   [Other: 0.6 ms]
      [Choose CSet: 0.0 ms]
      [Ref Proc: 0.1 ms]
      [Ref Enq: 0.0 ms]
      [Redirty Cards: 0.1 ms]
      [Humongous Register: 0.2 ms]
      [Humongous Reclaim: 0.1 ms]
      [Free CSet: 0.0 ms]
   [Eden: 22.0M(22.0M)->0.0B(21.0M) Survivors: 3072.0K->4096.0K Heap: 410.4M(512.0M)->387.2M(512.0M)]
 [Times: user=0.00 sys=0.00, real=0.00 secs] 
2021-11-13T16:31:53.839+0800: 1.038: [GC cleanup 387M->387M(512M), 0.0006235 secs]
 [Times: user=0.00 sys=0.00, real=0.00 secs] 
2021-11-13T16:31:53.848+0800: 1.047: [GC pause (G1 Evacuation Pause) (young), 0.0025336 secs]
   [Parallel Time: 2.0 ms, GC Workers: 8]
      [GC Worker Start (ms): Min: 1046.8, Avg: 1047.0, Max: 1048.8, Diff: 2.0]
      [Ext Root Scanning (ms): Min: 0.0, Avg: 0.1, Max: 0.1, Diff: 0.1, Sum: 0.9]
      [Update RS (ms): Min: 0.0, Avg: 0.5, Max: 0.6, Diff: 0.6, Sum: 3.9]
         [Processed Buffers: Min: 0, Avg: 7.3, Max: 9, Diff: 9, Sum: 58]
      [Scan RS (ms): Min: 0.0, Avg: 0.0, Max: 0.0, Diff: 0.0, Sum: 0.0]
      [Code Root Scanning (ms): Min: 0.0, Avg: 0.0, Max: 0.0, Diff: 0.0, Sum: 0.0]
      [Object Copy (ms): Min: 0.0, Avg: 1.1, Max: 1.3, Diff: 1.3, Sum: 8.7]
      [Termination (ms): Min: 0.0, Avg: 0.0, Max: 0.1, Diff: 0.1, Sum: 0.2]
         [Termination Attempts: Min: 1, Avg: 1.0, Max: 1, Diff: 0, Sum: 8]
      [GC Worker Other (ms): Min: 0.0, Avg: 0.0, Max: 0.0, Diff: 0.0, Sum: 0.1]
      [GC Worker Total (ms): Min: 0.0, Avg: 1.7, Max: 2.0, Diff: 2.0, Sum: 13.9]
      [GC Worker End (ms): Min: 1048.8, Avg: 1048.8, Max: 1048.8, Diff: 0.0]
   [Code Root Fixup: 0.0 ms]
   [Code Root Purge: 0.0 ms]
   [Clear CT: 0.1 ms]
   [Other: 0.4 ms]
      [Choose CSet: 0.0 ms]
      [Ref Proc: 0.1 ms]
      [Ref Enq: 0.0 ms]
      [Redirty Cards: 0.1 ms]
      [Humongous Register: 0.1 ms]
      [Humongous Reclaim: 0.0 ms]
      [Free CSet: 0.0 ms]
   [Eden: 21.0M(21.0M)->0.0B(21.0M) Survivors: 4096.0K->4096.0K Heap: 414.2M(512.0M)->393.8M(512.0M)]
 [Times: user=0.00 sys=0.00, real=0.00 secs] 
2021-11-13T16:31:53.857+0800: 1.055: [GC pause (G1 Evacuation Pause) (mixed) (to-space exhausted), 0.0059618 secs]
   [Parallel Time: 5.0 ms, GC Workers: 8]
      [GC Worker Start (ms): Min: 1055.5, Avg: 1055.6, Max: 1055.6, Diff: 0.1]
      [Ext Root Scanning (ms): Min: 0.1, Avg: 0.1, Max: 0.2, Diff: 0.1, Sum: 0.9]
      [Update RS (ms): Min: 0.4, Avg: 0.5, Max: 0.5, Diff: 0.0, Sum: 3.7]
         [Processed Buffers: Min: 6, Avg: 6.6, Max: 7, Diff: 1, Sum: 53]
      [Scan RS (ms): Min: 0.0, Avg: 0.0, Max: 0.1, Diff: 0.1, Sum: 0.3]
      [Code Root Scanning (ms): Min: 0.0, Avg: 0.0, Max: 0.0, Diff: 0.0, Sum: 0.0]
      [Object Copy (ms): Min: 4.0, Avg: 4.1, Max: 4.1, Diff: 0.1, Sum: 32.8]
      [Termination (ms): Min: 0.0, Avg: 0.0, Max: 0.1, Diff: 0.1, Sum: 0.4]
         [Termination Attempts: Min: 1, Avg: 1.0, Max: 1, Diff: 0, Sum: 8]
      [GC Worker Other (ms): Min: 0.0, Avg: 0.0, Max: 0.0, Diff: 0.0, Sum: 0.1]
      [GC Worker Total (ms): Min: 4.7, Avg: 4.8, Max: 4.8, Diff: 0.1, Sum: 38.1]
      [GC Worker End (ms): Min: 1060.3, Avg: 1060.4, Max: 1060.4, Diff: 0.0]
   [Code Root Fixup: 0.0 ms]
   [Code Root Purge: 0.0 ms]
   [Clear CT: 0.2 ms]
   [Other: 0.8 ms]
      [Evacuation Failure: 0.2 ms]
      [Choose CSet: 0.0 ms]
      [Ref Proc: 0.2 ms]
      [Ref Enq: 0.0 ms]
      [Redirty Cards: 0.1 ms]
      [Humongous Register: 0.1 ms]
      [Humongous Reclaim: 0.0 ms]
      [Free CSet: 0.1 ms]
   [Eden: 21.0M(21.0M)->0.0B(21.0M) Survivors: 4096.0K->4096.0K Heap: 420.3M(512.0M)->407.8M(512.0M)]
 [Times: user=0.00 sys=0.00, real=0.01 secs] 
2021-11-13T16:31:53.865+0800: 1.063: [GC pause (G1 Humongous Allocation) (young) (initial-mark), 0.0014457 secs]
   [Parallel Time: 0.9 ms, GC Workers: 8]
      [GC Worker Start (ms): Min: 1063.4, Avg: 1063.4, Max: 1063.5, Diff: 0.1]
      [Ext Root Scanning (ms): Min: 0.1, Avg: 0.1, Max: 0.2, Diff: 0.1, Sum: 1.0]
      [Update RS (ms): Min: 0.1, Avg: 0.1, Max: 0.3, Diff: 0.3, Sum: 1.0]
         [Processed Buffers: Min: 1, Avg: 2.0, Max: 4, Diff: 3, Sum: 16]
      [Scan RS (ms): Min: 0.0, Avg: 0.0, Max: 0.0, Diff: 0.0, Sum: 0.0]
      [Code Root Scanning (ms): Min: 0.0, Avg: 0.0, Max: 0.0, Diff: 0.0, Sum: 0.0]
      [Object Copy (ms): Min: 0.3, Avg: 0.5, Max: 0.6, Diff: 0.4, Sum: 4.3]
      [Termination (ms): Min: 0.0, Avg: 0.1, Max: 0.2, Diff: 0.2, Sum: 0.5]
         [Termination Attempts: Min: 1, Avg: 1.0, Max: 1, Diff: 0, Sum: 8]
      [GC Worker Other (ms): Min: 0.0, Avg: 0.0, Max: 0.0, Diff: 0.0, Sum: 0.1]
      [GC Worker Total (ms): Min: 0.8, Avg: 0.9, Max: 0.9, Diff: 0.1, Sum: 6.9]
      [GC Worker End (ms): Min: 1064.3, Avg: 1064.3, Max: 1064.3, Diff: 0.0]
   [Code Root Fixup: 0.0 ms]
   [Code Root Purge: 0.0 ms]
   [Clear CT: 0.1 ms]
   [Other: 0.4 ms]
      [Choose CSet: 0.0 ms]
      [Ref Proc: 0.1 ms]
      [Ref Enq: 0.0 ms]
      [Redirty Cards: 0.1 ms]
      [Humongous Register: 0.1 ms]
      [Humongous Reclaim: 0.0 ms]
      [Free CSet: 0.0 ms]
   [Eden: 9216.0K(21.0M)->0.0B(22.0M) Survivors: 4096.0K->3072.0K Heap: 416.3M(512.0M)->409.0M(512.0M)]
 [Times: user=0.00 sys=0.00, real=0.00 secs] 
2021-11-13T16:31:53.867+0800: 1.065: [GC concurrent-root-region-scan-start]
2021-11-13T16:31:53.867+0800: 1.065: [GC concurrent-root-region-scan-end, 0.0001405 secs]
2021-11-13T16:31:53.867+0800: 1.065: [GC concurrent-mark-start]
2021-11-13T16:31:53.871+0800: 1.069: [GC concurrent-mark-end, 0.0038633 secs]
2021-11-13T16:31:53.871+0800: 1.069: [GC remark 2021-11-13T16:31:53.871+0800: 1.069: [Finalize Marking, 0.0002151 secs] 2021-11-13T16:31:53.871+0800: 1.069: [GC ref-proc, 0.0003118 secs] 2021-11-13T16:31:53.872+0800: 1.070: [Unloading, 0.0005926 secs], 0.0021059 secs]
 [Times: user=0.02 sys=0.00, real=0.00 secs] 
2021-11-13T16:31:53.873+0800: 1.071: [GC cleanup 428M->427M(512M), 0.0006198 secs]
 [Times: user=0.00 sys=0.00, real=0.00 secs] 
2021-11-13T16:31:53.874+0800: 1.072: [GC concurrent-cleanup-start]
2021-11-13T16:31:53.874+0800: 1.072: [GC concurrent-cleanup-end, 0.0000114 secs]
2021-11-13T16:31:53.877+0800: 1.075: [GC pause (G1 Evacuation Pause) (young), 0.0025149 secs]
   [Parallel Time: 1.8 ms, GC Workers: 8]
      [GC Worker Start (ms): Min: 1074.9, Avg: 1075.0, Max: 1075.1, Diff: 0.1]
      [Ext Root Scanning (ms): Min: 0.1, Avg: 0.2, Max: 0.2, Diff: 0.1, Sum: 1.6]
      [Update RS (ms): Min: 0.6, Avg: 0.6, Max: 0.7, Diff: 0.1, Sum: 5.2]
         [Processed Buffers: Min: 6, Avg: 7.4, Max: 9, Diff: 3, Sum: 59]
      [Scan RS (ms): Min: 0.0, Avg: 0.0, Max: 0.0, Diff: 0.0, Sum: 0.0]
      [Code Root Scanning (ms): Min: 0.0, Avg: 0.0, Max: 0.0, Diff: 0.0, Sum: 0.0]
      [Object Copy (ms): Min: 0.8, Avg: 0.8, Max: 1.0, Diff: 0.2, Sum: 6.8]
      [Termination (ms): Min: 0.0, Avg: 0.0, Max: 0.1, Diff: 0.1, Sum: 0.3]
         [Termination Attempts: Min: 1, Avg: 1.0, Max: 1, Diff: 0, Sum: 8]
      [GC Worker Other (ms): Min: 0.0, Avg: 0.0, Max: 0.0, Diff: 0.0, Sum: 0.1]
      [GC Worker Total (ms): Min: 1.7, Avg: 1.7, Max: 1.8, Diff: 0.1, Sum: 14.0]
      [GC Worker End (ms): Min: 1076.7, Avg: 1076.7, Max: 1076.7, Diff: 0.0]
   [Code Root Fixup: 0.0 ms]
   [Code Root Purge: 0.0 ms]
   [Clear CT: 0.1 ms]
   [Other: 0.5 ms]
      [Choose CSet: 0.0 ms]
      [Ref Proc: 0.1 ms]
      [Ref Enq: 0.0 ms]
      [Redirty Cards: 0.1 ms]
      [Humongous Register: 0.2 ms]
      [Humongous Reclaim: 0.1 ms]
      [Free CSet: 0.0 ms]
   [Eden: 22.0M(22.0M)->0.0B(21.0M) Survivors: 3072.0K->4096.0K Heap: 436.2M(512.0M)->412.0M(512.0M)]
 [Times: user=0.00 sys=0.00, real=0.00 secs] 
2021-11-13T16:31:53.885+0800: 1.083: [GC pause (G1 Evacuation Pause) (mixed) (to-space exhausted), 0.0034608 secs]
   [Parallel Time: 2.6 ms, GC Workers: 8]
      [GC Worker Start (ms): Min: 1083.3, Avg: 1083.4, Max: 1083.5, Diff: 0.2]
      [Ext Root Scanning (ms): Min: 0.0, Avg: 0.1, Max: 0.2, Diff: 0.2, Sum: 0.8]
      [Update RS (ms): Min: 0.4, Avg: 0.4, Max: 0.4, Diff: 0.1, Sum: 3.2]
         [Processed Buffers: Min: 5, Avg: 5.5, Max: 6, Diff: 1, Sum: 44]
      [Scan RS (ms): Min: 0.0, Avg: 0.0, Max: 0.1, Diff: 0.1, Sum: 0.2]
      [Code Root Scanning (ms): Min: 0.0, Avg: 0.0, Max: 0.0, Diff: 0.0, Sum: 0.0]
      [Object Copy (ms): Min: 1.9, Avg: 1.9, Max: 1.9, Diff: 0.1, Sum: 15.1]
      [Termination (ms): Min: 0.0, Avg: 0.0, Max: 0.0, Diff: 0.0, Sum: 0.2]
         [Termination Attempts: Min: 1, Avg: 1.0, Max: 1, Diff: 0, Sum: 8]
      [GC Worker Other (ms): Min: 0.0, Avg: 0.0, Max: 0.0, Diff: 0.0, Sum: 0.1]
      [GC Worker Total (ms): Min: 2.3, Avg: 2.4, Max: 2.5, Diff: 0.2, Sum: 19.6]
      [GC Worker End (ms): Min: 1085.8, Avg: 1085.8, Max: 1085.8, Diff: 0.0]
   [Code Root Fixup: 0.0 ms]
   [Code Root Purge: 0.0 ms]
   [Clear CT: 0.1 ms]
   [Other: 0.7 ms]
      [Evacuation Failure: 0.1 ms]
      [Choose CSet: 0.1 ms]
      [Ref Proc: 0.1 ms]
      [Ref Enq: 0.0 ms]
      [Redirty Cards: 0.1 ms]
      [Humongous Register: 0.2 ms]
      [Humongous Reclaim: 0.0 ms]
      [Free CSet: 0.0 ms]
   [Eden: 21.0M(21.0M)->0.0B(21.0M) Survivors: 4096.0K->4096.0K Heap: 437.5M(512.0M)->414.7M(512.0M)]
 [Times: user=0.13 sys=0.00, real=0.00 secs] 
2021-11-13T16:31:53.894+0800: 1.092: [GC pause (G1 Evacuation Pause) (mixed) (to-space exhausted), 0.0027099 secs]
   [Parallel Time: 2.1 ms, GC Workers: 8]
      [GC Worker Start (ms): Min: 1092.2, Avg: 1092.2, Max: 1092.3, Diff: 0.1]
      [Ext Root Scanning (ms): Min: 0.1, Avg: 0.1, Max: 0.2, Diff: 0.1, Sum: 0.9]
      [Update RS (ms): Min: 0.6, Avg: 0.6, Max: 0.6, Diff: 0.1, Sum: 4.9]
         [Processed Buffers: Min: 4, Avg: 9.9, Max: 12, Diff: 8, Sum: 79]
      [Scan RS (ms): Min: 0.0, Avg: 0.0, Max: 0.2, Diff: 0.2, Sum: 0.3]
      [Code Root Scanning (ms): Min: 0.0, Avg: 0.0, Max: 0.0, Diff: 0.0, Sum: 0.0]
      [Object Copy (ms): Min: 1.1, Avg: 1.2, Max: 1.2, Diff: 0.1, Sum: 9.5]
      [Termination (ms): Min: 0.0, Avg: 0.0, Max: 0.0, Diff: 0.0, Sum: 0.2]
         [Termination Attempts: Min: 1, Avg: 1.0, Max: 1, Diff: 0, Sum: 8]
      [GC Worker Other (ms): Min: 0.0, Avg: 0.0, Max: 0.0, Diff: 0.0, Sum: 0.0]
      [GC Worker Total (ms): Min: 1.9, Avg: 2.0, Max: 2.0, Diff: 0.1, Sum: 15.8]
      [GC Worker End (ms): Min: 1094.2, Avg: 1094.2, Max: 1094.2, Diff: 0.0]
   [Code Root Fixup: 0.0 ms]
   [Code Root Purge: 0.0 ms]
   [Clear CT: 0.1 ms]
   [Other: 0.5 ms]
      [Evacuation Failure: 0.1 ms]
      [Choose CSet: 0.0 ms]
      [Ref Proc: 0.1 ms]
      [Ref Enq: 0.0 ms]
      [Redirty Cards: 0.1 ms]
      [Humongous Register: 0.1 ms]
      [Humongous Reclaim: 0.0 ms]
      [Free CSet: 0.0 ms]
   [Eden: 21.0M(21.0M)->0.0B(23.0M) Survivors: 4096.0K->2048.0K Heap: 442.9M(512.0M)->440.4M(512.0M)]
 [Times: user=0.00 sys=0.00, real=0.00 secs] 
2021-11-13T16:31:53.897+0800: 1.095: [GC pause (G1 Humongous Allocation) (young) (initial-mark), 0.0009409 secs]
   [Parallel Time: 0.5 ms, GC Workers: 8]
      [GC Worker Start (ms): Min: 1095.4, Avg: 1095.5, Max: 1095.5, Diff: 0.0]
      [Ext Root Scanning (ms): Min: 0.1, Avg: 0.1, Max: 0.1, Diff: 0.0, Sum: 0.9]
      [Update RS (ms): Min: 0.1, Avg: 0.1, Max: 0.3, Diff: 0.2, Sum: 0.8]
         [Processed Buffers: Min: 1, Avg: 2.5, Max: 7, Diff: 6, Sum: 20]
      [Scan RS (ms): Min: 0.0, Avg: 0.0, Max: 0.0, Diff: 0.0, Sum: 0.0]
      [Code Root Scanning (ms): Min: 0.0, Avg: 0.0, Max: 0.0, Diff: 0.0, Sum: 0.0]
      [Object Copy (ms): Min: 0.0, Avg: 0.2, Max: 0.3, Diff: 0.3, Sum: 1.7]
      [Termination (ms): Min: 0.0, Avg: 0.0, Max: 0.1, Diff: 0.1, Sum: 0.3]
         [Termination Attempts: Min: 1, Avg: 1.0, Max: 1, Diff: 0, Sum: 8]
      [GC Worker Other (ms): Min: 0.0, Avg: 0.0, Max: 0.0, Diff: 0.0, Sum: 0.0]
      [GC Worker Total (ms): Min: 0.4, Avg: 0.5, Max: 0.5, Diff: 0.1, Sum: 3.8]
      [GC Worker End (ms): Min: 1095.9, Avg: 1095.9, Max: 1095.9, Diff: 0.0]
   [Code Root Fixup: 0.0 ms]
   [Code Root Purge: 0.0 ms]
   [Clear CT: 0.1 ms]
   [Other: 0.3 ms]
      [Choose CSet: 0.0 ms]
      [Ref Proc: 0.1 ms]
      [Ref Enq: 0.0 ms]
      [Redirty Cards: 0.1 ms]
      [Humongous Register: 0.1 ms]
      [Humongous Reclaim: 0.0 ms]
      [Free CSet: 0.0 ms]
   [Eden: 2048.0K(23.0M)->0.0B(22.0M) Survivors: 2048.0K->3072.0K Heap: 442.4M(512.0M)->440.5M(512.0M)]
 [Times: user=0.00 sys=0.00, real=0.00 secs] 
2021-11-13T16:31:53.898+0800: 1.096: [GC concurrent-root-region-scan-start]
2021-11-13T16:31:53.899+0800: 1.097: [GC concurrent-root-region-scan-end, 0.0001168 secs]
2021-11-13T16:31:53.899+0800: 1.097: [GC concurrent-mark-start]
2021-11-13T16:31:53.900+0800: 1.098: [GC concurrent-mark-end, 0.0018608 secs]
2021-11-13T16:31:53.900+0800: 1.098: [GC pause (G1 Evacuation Pause) (young) (to-space exhausted), 0.0008820 secs]
   [Parallel Time: 0.4 ms, GC Workers: 8]
      [GC Worker Start (ms): Min: 1098.6, Avg: 1098.6, Max: 1098.6, Diff: 0.1]
      [Ext Root Scanning (ms): Min: 0.1, Avg: 0.1, Max: 0.1, Diff: 0.1, Sum: 0.9]
      [Update RS (ms): Min: 0.0, Avg: 0.1, Max: 0.2, Diff: 0.1, Sum: 0.7]
         [Processed Buffers: Min: 1, Avg: 1.6, Max: 2, Diff: 1, Sum: 13]
      [Scan RS (ms): Min: 0.0, Avg: 0.0, Max: 0.0, Diff: 0.0, Sum: 0.0]
      [Code Root Scanning (ms): Min: 0.0, Avg: 0.0, Max: 0.0, Diff: 0.0, Sum: 0.0]
      [Object Copy (ms): Min: 0.0, Avg: 0.1, Max: 0.1, Diff: 0.1, Sum: 0.6]
      [Termination (ms): Min: 0.0, Avg: 0.0, Max: 0.0, Diff: 0.0, Sum: 0.2]
         [Termination Attempts: Min: 1, Avg: 1.0, Max: 1, Diff: 0, Sum: 8]
      [GC Worker Other (ms): Min: 0.0, Avg: 0.0, Max: 0.0, Diff: 0.0, Sum: 0.0]
      [GC Worker Total (ms): Min: 0.3, Avg: 0.3, Max: 0.3, Diff: 0.1, Sum: 2.4]
      [GC Worker End (ms): Min: 1098.9, Avg: 1098.9, Max: 1098.9, Diff: 0.0]
   [Code Root Fixup: 0.0 ms]
   [Code Root Purge: 0.0 ms]
   [Clear CT: 0.1 ms]
   [Other: 0.4 ms]
      [Evacuation Failure: 0.1 ms]
      [Choose CSet: 0.0 ms]
      [Ref Proc: 0.1 ms]
      [Ref Enq: 0.0 ms]
      [Redirty Cards: 0.1 ms]
      [Humongous Register: 0.1 ms]
      [Humongous Reclaim: 0.0 ms]
      [Free CSet: 0.0 ms]
   [Eden: 12.0M(22.0M)->0.0B(25.0M) Survivors: 3072.0K->0.0B Heap: 453.1M(512.0M)->450.5M(512.0M)]
 [Times: user=0.00 sys=0.00, real=0.00 secs] 
2021-11-13T16:31:53.902+0800: 1.100: [GC remark 2021-11-13T16:31:53.902+0800: 1.100: [Finalize Marking, 0.0001329 secs] 2021-11-13T16:31:53.902+0800: 1.100: [GC ref-proc, 0.0002627 secs] 2021-11-13T16:31:53.902+0800: 1.100: [Unloading, 0.0004276 secs], 0.0016216 secs]
 [Times: user=0.00 sys=0.00, real=0.00 secs] 
2021-11-13T16:31:53.903+0800: 1.101: [GC cleanup 451M->451M(512M), 0.0005320 secs]
 [Times: user=0.08 sys=0.02, real=0.00 secs] 
2021-11-13T16:31:53.905+0800: 1.103: [GC pause (G1 Humongous Allocation) (young) (to-space exhausted), 0.0008786 secs]
   [Parallel Time: 0.3 ms, GC Workers: 8]
      [GC Worker Start (ms): Min: 1102.7, Avg: 1102.7, Max: 1102.8, Diff: 0.2]
      [Ext Root Scanning (ms): Min: 0.0, Avg: 0.1, Max: 0.2, Diff: 0.2, Sum: 0.8]
      [Update RS (ms): Min: 0.0, Avg: 0.1, Max: 0.1, Diff: 0.1, Sum: 0.6]
         [Processed Buffers: Min: 1, Avg: 1.9, Max: 4, Diff: 3, Sum: 15]
      [Scan RS (ms): Min: 0.0, Avg: 0.0, Max: 0.0, Diff: 0.0, Sum: 0.0]
      [Code Root Scanning (ms): Min: 0.0, Avg: 0.0, Max: 0.0, Diff: 0.0, Sum: 0.0]
      [Object Copy (ms): Min: 0.0, Avg: 0.0, Max: 0.0, Diff: 0.0, Sum: 0.0]
      [Termination (ms): Min: 0.0, Avg: 0.0, Max: 0.1, Diff: 0.0, Sum: 0.2]
         [Termination Attempts: Min: 1, Avg: 1.3, Max: 2, Diff: 1, Sum: 10]
      [GC Worker Other (ms): Min: 0.0, Avg: 0.0, Max: 0.0, Diff: 0.0, Sum: 0.0]
      [GC Worker Total (ms): Min: 0.1, Avg: 0.2, Max: 0.3, Diff: 0.2, Sum: 1.7]
      [GC Worker End (ms): Min: 1102.9, Avg: 1102.9, Max: 1102.9, Diff: 0.0]
   [Code Root Fixup: 0.0 ms]
   [Code Root Purge: 0.0 ms]
   [Clear CT: 0.1 ms]
   [Other: 0.4 ms]
      [Evacuation Failure: 0.1 ms]
      [Choose CSet: 0.0 ms]
      [Ref Proc: 0.1 ms]
      [Ref Enq: 0.0 ms]
      [Redirty Cards: 0.1 ms]
      [Humongous Register: 0.1 ms]
      [Humongous Reclaim: 0.0 ms]
      [Free CSet: 0.0 ms]
   [Eden: 3072.0K(25.0M)->0.0B(25.0M) Survivors: 0.0B->0.0B Heap: 453.4M(512.0M)->453.4M(512.0M)]
 [Times: user=0.00 sys=0.00, real=0.00 secs] 
2021-11-13T16:31:53.906+0800: 1.104: [Full GC (Allocation Failure)  453M->326M(512M), 0.0364580 secs]
   [Eden: 0.0B(25.0M)->0.0B(38.0M) Survivors: 0.0B->0.0B Heap: 453.4M(512.0M)->326.4M(512.0M)], [Metaspace: 3544K->3544K(1056768K)]
 [Times: user=0.03 sys=0.00, real=0.04 secs] 
2021-11-13T16:31:53.942+0800: 1.141: [GC pause (G1 Humongous Allocation) (young) (initial-mark), 0.0010973 secs]
   [Parallel Time: 0.5 ms, GC Workers: 8]
      [GC Worker Start (ms): Min: 1141.5, Avg: 1141.6, Max: 1141.7, Diff: 0.2]
      [Ext Root Scanning (ms): Min: 0.0, Avg: 0.2, Max: 0.3, Diff: 0.3, Sum: 1.3]
      [Update RS (ms): Min: 0.0, Avg: 0.1, Max: 0.3, Diff: 0.3, Sum: 0.7]
         [Processed Buffers: Min: 0, Avg: 1.0, Max: 2, Diff: 2, Sum: 8]
      [Scan RS (ms): Min: 0.0, Avg: 0.0, Max: 0.0, Diff: 0.0, Sum: 0.0]
      [Code Root Scanning (ms): Min: 0.0, Avg: 0.0, Max: 0.0, Diff: 0.0, Sum: 0.0]
      [Object Copy (ms): Min: 0.0, Avg: 0.0, Max: 0.0, Diff: 0.0, Sum: 0.1]
      [Termination (ms): Min: 0.0, Avg: 0.1, Max: 0.2, Diff: 0.2, Sum: 1.1]
         [Termination Attempts: Min: 1, Avg: 1.8, Max: 3, Diff: 2, Sum: 14]
      [GC Worker Other (ms): Min: 0.0, Avg: 0.0, Max: 0.0, Diff: 0.0, Sum: 0.0]
      [GC Worker Total (ms): Min: 0.3, Avg: 0.4, Max: 0.5, Diff: 0.2, Sum: 3.2]
      [GC Worker End (ms): Min: 1142.0, Avg: 1142.0, Max: 1142.0, Diff: 0.0]
   [Code Root Fixup: 0.0 ms]
   [Code Root Purge: 0.0 ms]
   [Clear CT: 0.1 ms]
   [Other: 0.5 ms]
      [Choose CSet: 0.0 ms]
      [Ref Proc: 0.1 ms]
      [Ref Enq: 0.0 ms]
      [Redirty Cards: 0.1 ms]
      [Humongous Register: 0.1 ms]
      [Humongous Reclaim: 0.0 ms]
      [Free CSet: 0.0 ms]
   [Eden: 2048.0K(38.0M)->0.0B(38.0M) Survivors: 0.0B->1024.0K Heap: 329.1M(512.0M)->326.7M(512.0M)]
 [Times: user=0.00 sys=0.00, real=0.00 secs] 
2021-11-13T16:31:53.944+0800: 1.142: [GC concurrent-root-region-scan-start]
2021-11-13T16:31:53.944+0800: 1.143: [GC concurrent-root-region-scan-end, 0.0001052 secs]
2021-11-13T16:31:53.944+0800: 1.143: [GC concurrent-mark-start]
2021-11-13T16:31:53.946+0800: 1.144: [GC concurrent-mark-end, 0.0017912 secs]
2021-11-13T16:31:53.946+0800: 1.145: [GC remark 2021-11-13T16:31:53.946+0800: 1.145: [Finalize Marking, 0.0001543 secs] 2021-11-13T16:31:53.946+0800: 1.145: [GC ref-proc, 0.0002714 secs] 2021-11-13T16:31:53.946+0800: 1.145: [Unloading, 0.0004697 secs], 0.0017395 secs]
 [Times: user=0.00 sys=0.00, real=0.00 secs] 
2021-11-13T16:31:53.948+0800: 1.146: [GC cleanup 335M->335M(512M), 0.0004902 secs]
 [Times: user=0.00 sys=0.00, real=0.00 secs] 
2021-11-13T16:31:53.955+0800: 1.154: [GC pause (G1 Evacuation Pause) (young), 0.0033041 secs]
   [Parallel Time: 2.6 ms, GC Workers: 8]
      [GC Worker Start (ms): Min: 1154.2, Avg: 1154.2, Max: 1154.3, Diff: 0.2]
      [Ext Root Scanning (ms): Min: 0.0, Avg: 0.1, Max: 0.1, Diff: 0.1, Sum: 0.8]
      [Update RS (ms): Min: 0.8, Avg: 1.0, Max: 2.2, Diff: 1.4, Sum: 8.1]
         [Processed Buffers: Min: 0, Avg: 11.0, Max: 14, Diff: 14, Sum: 88]
      [Scan RS (ms): Min: 0.0, Avg: 0.0, Max: 0.0, Diff: 0.0, Sum: 0.0]
      [Code Root Scanning (ms): Min: 0.0, Avg: 0.0, Max: 0.0, Diff: 0.0, Sum: 0.0]
      [Object Copy (ms): Min: 0.0, Avg: 1.2, Max: 1.4, Diff: 1.4, Sum: 9.5]
      [Termination (ms): Min: 0.0, Avg: 0.1, Max: 0.1, Diff: 0.1, Sum: 0.7]
         [Termination Attempts: Min: 1, Avg: 1.0, Max: 1, Diff: 0, Sum: 8]
      [GC Worker Other (ms): Min: 0.0, Avg: 0.0, Max: 0.0, Diff: 0.0, Sum: 0.1]
      [GC Worker Total (ms): Min: 2.3, Avg: 2.4, Max: 2.4, Diff: 0.2, Sum: 19.3]
      [GC Worker End (ms): Min: 1156.6, Avg: 1156.6, Max: 1156.6, Diff: 0.0]
   [Code Root Fixup: 0.0 ms]
   [Code Root Purge: 0.0 ms]
   [Clear CT: 0.1 ms]
   [Other: 0.6 ms]
      [Choose CSet: 0.0 ms]
      [Ref Proc: 0.2 ms]
      [Ref Enq: 0.0 ms]
      [Redirty Cards: 0.1 ms]
      [Humongous Register: 0.1 ms]
      [Humongous Reclaim: 0.1 ms]
      [Free CSet: 0.0 ms]
   [Eden: 38.0M(38.0M)->0.0B(24.0M) Survivors: 1024.0K->5120.0K Heap: 375.0M(512.0M)->340.9M(512.0M)]
 [Times: user=0.00 sys=0.00, real=0.00 secs] 
2021-11-13T16:31:53.959+0800: 1.158: [GC pause (G1 Humongous Allocation) (young) (initial-mark), 0.0018464 secs]
   [Parallel Time: 1.0 ms, GC Workers: 8]
      [GC Worker Start (ms): Min: 1158.2, Avg: 1158.2, Max: 1158.3, Diff: 0.2]
      [Ext Root Scanning (ms): Min: 0.0, Avg: 0.1, Max: 0.2, Diff: 0.2, Sum: 1.2]
      [Update RS (ms): Min: 0.0, Avg: 0.1, Max: 0.2, Diff: 0.2, Sum: 0.5]
         [Processed Buffers: Min: 0, Avg: 1.1, Max: 2, Diff: 2, Sum: 9]
      [Scan RS (ms): Min: 0.0, Avg: 0.0, Max: 0.0, Diff: 0.0, Sum: 0.0]
      [Code Root Scanning (ms): Min: 0.0, Avg: 0.0, Max: 0.0, Diff: 0.0, Sum: 0.0]
      [Object Copy (ms): Min: 0.4, Avg: 0.5, Max: 0.6, Diff: 0.2, Sum: 4.2]
      [Termination (ms): Min: 0.0, Avg: 0.0, Max: 0.1, Diff: 0.1, Sum: 0.3]
         [Termination Attempts: Min: 1, Avg: 1.0, Max: 1, Diff: 0, Sum: 8]
      [GC Worker Other (ms): Min: 0.0, Avg: 0.0, Max: 0.0, Diff: 0.0, Sum: 0.0]
      [GC Worker Total (ms): Min: 0.7, Avg: 0.8, Max: 0.8, Diff: 0.2, Sum: 6.2]
      [GC Worker End (ms): Min: 1159.0, Avg: 1159.0, Max: 1159.0, Diff: 0.0]
   [Code Root Fixup: 0.0 ms]
   [Code Root Purge: 0.0 ms]
   [Clear CT: 0.2 ms]
   [Other: 0.6 ms]
      [Choose CSet: 0.0 ms]
      [Ref Proc: 0.2 ms]
      [Ref Enq: 0.0 ms]
      [Redirty Cards: 0.2 ms]
      [Humongous Register: 0.1 ms]
      [Humongous Reclaim: 0.0 ms]
      [Free CSet: 0.0 ms]
   [Eden: 3072.0K(24.0M)->0.0B(24.0M) Survivors: 5120.0K->1024.0K Heap: 343.5M(512.0M)->341.1M(512.0M)]
 [Times: user=0.00 sys=0.00, real=0.00 secs] 
2021-11-13T16:31:53.961+0800: 1.160: [GC concurrent-root-region-scan-start]
2021-11-13T16:31:53.961+0800: 1.160: [GC concurrent-root-region-scan-end, 0.0000348 secs]
2021-11-13T16:31:53.961+0800: 1.160: [GC concurrent-mark-start]
2021-11-13T16:31:53.963+0800: 1.162: [GC concurrent-mark-end, 0.0018789 secs]
2021-11-13T16:31:53.963+0800: 1.162: [GC remark 2021-11-13T16:31:53.963+0800: 1.162: [Finalize Marking, 0.0001833 secs] 2021-11-13T16:31:53.963+0800: 1.162: [GC ref-proc, 0.0002768 secs] 2021-11-13T16:31:53.964+0800: 1.163: [Unloading, 0.0005729 secs], 0.0018930 secs]
 [Times: user=0.11 sys=0.00, real=0.00 secs] 
2021-11-13T16:31:53.965+0800: 1.164: [GC cleanup 359M->359M(512M), 0.0006909 secs]
 [Times: user=0.00 sys=0.00, real=0.00 secs] 
2021-11-13T16:31:53.968+0800: 1.167: [GC pause (G1 Evacuation Pause) (young), 0.0024680 secs]
   [Parallel Time: 1.9 ms, GC Workers: 8]
      [GC Worker Start (ms): Min: 1167.2, Avg: 1167.2, Max: 1167.4, Diff: 0.2]
      [Ext Root Scanning (ms): Min: 0.0, Avg: 0.1, Max: 0.3, Diff: 0.3, Sum: 1.1]
      [Update RS (ms): Min: 0.5, Avg: 0.7, Max: 1.0, Diff: 0.4, Sum: 5.8]
         [Processed Buffers: Min: 0, Avg: 9.1, Max: 11, Diff: 11, Sum: 73]
      [Scan RS (ms): Min: 0.0, Avg: 0.0, Max: 0.0, Diff: 0.0, Sum: 0.0]
      [Code Root Scanning (ms): Min: 0.0, Avg: 0.0, Max: 0.0, Diff: 0.0, Sum: 0.0]
      [Object Copy (ms): Min: 0.8, Avg: 0.9, Max: 1.0, Diff: 0.3, Sum: 7.2]
      [Termination (ms): Min: 0.0, Avg: 0.1, Max: 0.1, Diff: 0.1, Sum: 0.6]
         [Termination Attempts: Min: 1, Avg: 1.0, Max: 1, Diff: 0, Sum: 8]
      [GC Worker Other (ms): Min: 0.0, Avg: 0.0, Max: 0.0, Diff: 0.0, Sum: 0.1]
      [GC Worker Total (ms): Min: 1.7, Avg: 1.8, Max: 1.9, Diff: 0.2, Sum: 14.8]
      [GC Worker End (ms): Min: 1169.1, Avg: 1169.1, Max: 1169.1, Diff: 0.0]
   [Code Root Fixup: 0.0 ms]
   [Code Root Purge: 0.0 ms]
   [Clear CT: 0.1 ms]
   [Other: 0.4 ms]
      [Choose CSet: 0.0 ms]
      [Ref Proc: 0.1 ms]
      [Ref Enq: 0.0 ms]
      [Redirty Cards: 0.1 ms]
      [Humongous Register: 0.1 ms]
      [Humongous Reclaim: 0.0 ms]
      [Free CSet: 0.0 ms]
   [Eden: 24.0M(24.0M)->0.0B(21.0M) Survivors: 1024.0K->4096.0K Heap: 373.3M(512.0M)->348.3M(512.0M)]
 [Times: user=0.00 sys=0.00, real=0.00 secs] 
2021-11-13T16:31:53.977+0800: 1.176: [GC pause (G1 Evacuation Pause) (mixed), 0.0041164 secs]
   [Parallel Time: 3.3 ms, GC Workers: 8]
      [GC Worker Start (ms): Min: 1175.9, Avg: 1176.4, Max: 1179.1, Diff: 3.2]
      [Ext Root Scanning (ms): Min: 0.0, Avg: 0.1, Max: 0.2, Diff: 0.2, Sum: 0.9]
      [Update RS (ms): Min: 0.0, Avg: 0.7, Max: 0.9, Diff: 0.9, Sum: 5.8]
         [Processed Buffers: Min: 0, Avg: 6.6, Max: 12, Diff: 12, Sum: 53]
      [Scan RS (ms): Min: 0.0, Avg: 0.0, Max: 0.1, Diff: 0.1, Sum: 0.2]
      [Code Root Scanning (ms): Min: 0.0, Avg: 0.0, Max: 0.0, Diff: 0.0, Sum: 0.0]
      [Object Copy (ms): Min: 0.0, Avg: 1.8, Max: 2.1, Diff: 2.1, Sum: 14.6]
      [Termination (ms): Min: 0.0, Avg: 0.0, Max: 0.1, Diff: 0.1, Sum: 0.3]
         [Termination Attempts: Min: 1, Avg: 1.0, Max: 1, Diff: 0, Sum: 8]
      [GC Worker Other (ms): Min: 0.0, Avg: 0.0, Max: 0.0, Diff: 0.0, Sum: 0.1]
      [GC Worker Total (ms): Min: 0.0, Avg: 2.7, Max: 3.2, Diff: 3.2, Sum: 21.8]
      [GC Worker End (ms): Min: 1179.1, Avg: 1179.1, Max: 1179.1, Diff: 0.0]
   [Code Root Fixup: 0.0 ms]
   [Code Root Purge: 0.0 ms]
   [Clear CT: 0.1 ms]
   [Other: 0.7 ms]
      [Choose CSet: 0.0 ms]
      [Ref Proc: 0.2 ms]
      [Ref Enq: 0.0 ms]
      [Redirty Cards: 0.2 ms]
      [Humongous Register: 0.2 ms]
      [Humongous Reclaim: 0.1 ms]
      [Free CSet: 0.1 ms]
   [Eden: 21.0M(21.0M)->0.0B(21.0M) Survivors: 4096.0K->4096.0K Heap: 374.9M(512.0M)->351.8M(512.0M)]
 [Times: user=0.03 sys=0.00, real=0.00 secs] 
2021-11-13T16:31:53.981+0800: 1.180: [GC pause (G1 Humongous Allocation) (young) (initial-mark), 0.0020726 secs]
   [Parallel Time: 0.9 ms, GC Workers: 8]
      [GC Worker Start (ms): Min: 1180.3, Avg: 1180.3, Max: 1180.5, Diff: 0.2]
      [Ext Root Scanning (ms): Min: 0.0, Avg: 0.1, Max: 0.2, Diff: 0.2, Sum: 1.1]
      [Update RS (ms): Min: 0.0, Avg: 0.1, Max: 0.2, Diff: 0.2, Sum: 0.7]
         [Processed Buffers: Min: 0, Avg: 0.9, Max: 1, Diff: 1, Sum: 7]
      [Scan RS (ms): Min: 0.0, Avg: 0.0, Max: 0.0, Diff: 0.0, Sum: 0.0]
      [Code Root Scanning (ms): Min: 0.0, Avg: 0.0, Max: 0.0, Diff: 0.0, Sum: 0.0]
      [Object Copy (ms): Min: 0.2, Avg: 0.3, Max: 0.4, Diff: 0.2, Sum: 2.7]
      [Termination (ms): Min: 0.0, Avg: 0.0, Max: 0.1, Diff: 0.1, Sum: 0.4]
         [Termination Attempts: Min: 1, Avg: 1.0, Max: 1, Diff: 0, Sum: 8]
      [GC Worker Other (ms): Min: 0.0, Avg: 0.0, Max: 0.0, Diff: 0.0, Sum: 0.0]
      [GC Worker Total (ms): Min: 0.5, Avg: 0.6, Max: 0.7, Diff: 0.2, Sum: 4.9]
      [GC Worker End (ms): Min: 1180.9, Avg: 1181.0, Max: 1181.0, Diff: 0.0]
   [Code Root Fixup: 0.0 ms]
   [Code Root Purge: 0.0 ms]
   [Clear CT: 0.5 ms]
   [Other: 0.6 ms]
      [Choose CSet: 0.0 ms]
      [Ref Proc: 0.2 ms]
      [Ref Enq: 0.0 ms]
      [Redirty Cards: 0.3 ms]
      [Humongous Register: 0.1 ms]
      [Humongous Reclaim: 0.0 ms]
      [Free CSet: 0.0 ms]
   [Eden: 1024.0K(21.0M)->0.0B(24.0M) Survivors: 4096.0K->1024.0K Heap: 352.0M(512.0M)->352.4M(512.0M)]
 [Times: user=0.00 sys=0.00, real=0.00 secs] 
2021-11-13T16:31:53.984+0800: 1.182: [GC concurrent-root-region-scan-start]
2021-11-13T16:31:53.984+0800: 1.183: [GC concurrent-root-region-scan-end, 0.0001572 secs]
2021-11-13T16:31:53.984+0800: 1.183: [GC concurrent-mark-start]
2021-11-13T16:31:53.986+0800: 1.185: [GC concurrent-mark-end, 0.0025750 secs]
2021-11-13T16:31:53.987+0800: 1.185: [GC remark 2021-11-13T16:31:53.987+0800: 1.185: [Finalize Marking, 0.0004140 secs] 2021-11-13T16:31:53.987+0800: 1.186: [GC ref-proc, 0.0002909 secs] 2021-11-13T16:31:53.987+0800: 1.186: [Unloading, 0.0005559 secs], 0.0022906 secs]
 [Times: user=0.00 sys=0.00, real=0.00 secs] 
2021-11-13T16:31:53.989+0800: 1.188: [GC cleanup 369M->369M(512M), 0.0012528 secs]
 [Times: user=0.00 sys=0.00, real=0.00 secs] 
2021-11-13T16:31:53.993+0800: 1.192: [GC pause (G1 Evacuation Pause) (young), 0.0019228 secs]
   [Parallel Time: 1.4 ms, GC Workers: 8]
      [GC Worker Start (ms): Min: 1192.3, Avg: 1192.4, Max: 1192.4, Diff: 0.1]
      [Ext Root Scanning (ms): Min: 0.1, Avg: 0.1, Max: 0.1, Diff: 0.1, Sum: 0.9]
      [Update RS (ms): Min: 0.3, Avg: 0.4, Max: 0.4, Diff: 0.0, Sum: 2.8]
         [Processed Buffers: Min: 5, Avg: 5.4, Max: 6, Diff: 1, Sum: 43]
      [Scan RS (ms): Min: 0.0, Avg: 0.0, Max: 0.0, Diff: 0.0, Sum: 0.0]
      [Code Root Scanning (ms): Min: 0.0, Avg: 0.0, Max: 0.0, Diff: 0.0, Sum: 0.0]
      [Object Copy (ms): Min: 0.7, Avg: 0.7, Max: 0.8, Diff: 0.1, Sum: 5.9]
      [Termination (ms): Min: 0.0, Avg: 0.1, Max: 0.1, Diff: 0.1, Sum: 0.5]
         [Termination Attempts: Min: 1, Avg: 1.0, Max: 1, Diff: 0, Sum: 8]
      [GC Worker Other (ms): Min: 0.0, Avg: 0.0, Max: 0.0, Diff: 0.0, Sum: 0.1]
      [GC Worker Total (ms): Min: 1.2, Avg: 1.3, Max: 1.3, Diff: 0.1, Sum: 10.2]
      [GC Worker End (ms): Min: 1193.6, Avg: 1193.6, Max: 1193.6, Diff: 0.0]
   [Code Root Fixup: 0.0 ms]
   [Code Root Purge: 0.0 ms]
   [Clear CT: 0.1 ms]
   [Other: 0.4 ms]
      [Choose CSet: 0.0 ms]
      [Ref Proc: 0.2 ms]
      [Ref Enq: 0.0 ms]
      [Redirty Cards: 0.1 ms]
      [Humongous Register: 0.1 ms]
      [Humongous Reclaim: 0.0 ms]
      [Free CSet: 0.0 ms]
   [Eden: 24.0M(24.0M)->0.0B(21.0M) Survivors: 1024.0K->4096.0K Heap: 380.8M(512.0M)->358.6M(512.0M)]
 [Times: user=0.00 sys=0.00, real=0.00 secs] 
2021-11-13T16:31:53.999+0800: 1.198: [GC pause (G1 Evacuation Pause) (mixed), 0.0047091 secs]
   [Parallel Time: 4.1 ms, GC Workers: 8]
      [GC Worker Start (ms): Min: 1197.7, Avg: 1197.9, Max: 1198.6, Diff: 0.9]
      [Ext Root Scanning (ms): Min: 0.0, Avg: 0.1, Max: 0.2, Diff: 0.2, Sum: 0.8]
      [Update RS (ms): Min: 0.0, Avg: 0.6, Max: 0.7, Diff: 0.7, Sum: 4.6]
         [Processed Buffers: Min: 0, Avg: 8.8, Max: 12, Diff: 12, Sum: 70]
      [Scan RS (ms): Min: 0.0, Avg: 0.0, Max: 0.1, Diff: 0.1, Sum: 0.2]
      [Code Root Scanning (ms): Min: 0.0, Avg: 0.0, Max: 0.0, Diff: 0.0, Sum: 0.0]
      [Object Copy (ms): Min: 3.1, Avg: 3.1, Max: 3.2, Diff: 0.1, Sum: 25.0]
      [Termination (ms): Min: 0.0, Avg: 0.1, Max: 0.1, Diff: 0.1, Sum: 0.5]
         [Termination Attempts: Min: 1, Avg: 1.3, Max: 2, Diff: 1, Sum: 10]
      [GC Worker Other (ms): Min: 0.0, Avg: 0.0, Max: 0.0, Diff: 0.0, Sum: 0.1]
      [GC Worker Total (ms): Min: 3.2, Avg: 3.9, Max: 4.1, Diff: 0.9, Sum: 31.3]
      [GC Worker End (ms): Min: 1201.8, Avg: 1201.8, Max: 1201.8, Diff: 0.0]
   [Code Root Fixup: 0.0 ms]
   [Code Root Purge: 0.0 ms]
   [Clear CT: 0.1 ms]
   [Other: 0.5 ms]
      [Choose CSet: 0.0 ms]
      [Ref Proc: 0.1 ms]
      [Ref Enq: 0.0 ms]
      [Redirty Cards: 0.1 ms]
      [Humongous Register: 0.1 ms]
      [Humongous Reclaim: 0.0 ms]
      [Free CSet: 0.0 ms]
   [Eden: 21.0M(21.0M)->0.0B(21.0M) Survivors: 4096.0K->4096.0K Heap: 387.1M(512.0M)->359.6M(512.0M)]
 [Times: user=0.00 sys=0.00, real=0.00 secs] 
2021-11-13T16:31:54.004+0800: 1.203: [GC pause (G1 Humongous Allocation) (young) (initial-mark), 0.0013236 secs]
   [Parallel Time: 0.8 ms, GC Workers: 8]
      [GC Worker Start (ms): Min: 1203.1, Avg: 1203.1, Max: 1203.2, Diff: 0.2]
      [Ext Root Scanning (ms): Min: 0.0, Avg: 0.2, Max: 0.5, Diff: 0.5, Sum: 1.5]
      [Update RS (ms): Min: 0.0, Avg: 0.1, Max: 0.2, Diff: 0.2, Sum: 0.9]
         [Processed Buffers: Min: 0, Avg: 1.1, Max: 2, Diff: 2, Sum: 9]
      [Scan RS (ms): Min: 0.0, Avg: 0.0, Max: 0.0, Diff: 0.0, Sum: 0.0]
      [Code Root Scanning (ms): Min: 0.0, Avg: 0.0, Max: 0.0, Diff: 0.0, Sum: 0.0]
      [Object Copy (ms): Min: 0.1, Avg: 0.3, Max: 0.4, Diff: 0.3, Sum: 2.4]
      [Termination (ms): Min: 0.0, Avg: 0.0, Max: 0.1, Diff: 0.1, Sum: 0.3]
         [Termination Attempts: Min: 1, Avg: 1.0, Max: 1, Diff: 0, Sum: 8]
      [GC Worker Other (ms): Min: 0.0, Avg: 0.0, Max: 0.0, Diff: 0.0, Sum: 0.0]
      [GC Worker Total (ms): Min: 0.5, Avg: 0.7, Max: 0.7, Diff: 0.2, Sum: 5.2]
      [GC Worker End (ms): Min: 1203.7, Avg: 1203.7, Max: 1203.7, Diff: 0.0]
   [Code Root Fixup: 0.0 ms]
   [Code Root Purge: 0.0 ms]
   [Clear CT: 0.1 ms]
   [Other: 0.4 ms]
      [Choose CSet: 0.0 ms]
      [Ref Proc: 0.1 ms]
      [Ref Enq: 0.0 ms]
      [Redirty Cards: 0.1 ms]
      [Humongous Register: 0.1 ms]
      [Humongous Reclaim: 0.0 ms]
      [Free CSet: 0.0 ms]
   [Eden: 2048.0K(21.0M)->0.0B(24.0M) Survivors: 4096.0K->1024.0K Heap: 361.6M(512.0M)->358.8M(512.0M)]
 [Times: user=0.00 sys=0.00, real=0.00 secs] 
2021-11-13T16:31:54.006+0800: 1.204: [GC concurrent-root-region-scan-start]
2021-11-13T16:31:54.006+0800: 1.205: [GC concurrent-root-region-scan-end, 0.0001757 secs]
2021-11-13T16:31:54.006+0800: 1.205: [GC concurrent-mark-start]
2021-11-13T16:31:54.008+0800: 1.207: [GC concurrent-mark-end, 0.0025700 secs]
2021-11-13T16:31:54.009+0800: 1.207: [GC remark 2021-11-13T16:31:54.009+0800: 1.207: [Finalize Marking, 0.0002318 secs] 2021-11-13T16:31:54.009+0800: 1.208: [GC ref-proc, 0.0003454 secs] 2021-11-13T16:31:54.009+0800: 1.208: [Unloading, 0.0006031 secs], 0.0021988 secs]
 [Times: user=0.00 sys=0.00, real=0.00 secs] 
2021-11-13T16:31:54.011+0800: 1.210: [GC cleanup 372M->372M(512M), 0.0005621 secs]
 [Times: user=0.02 sys=0.00, real=0.00 secs] 
2021-11-13T16:31:54.014+0800: 1.213: [GC pause (G1 Evacuation Pause) (young), 0.0019363 secs]
   [Parallel Time: 1.4 ms, GC Workers: 8]
      [GC Worker Start (ms): Min: 1213.2, Avg: 1213.2, Max: 1213.2, Diff: 0.1]
      [Ext Root Scanning (ms): Min: 0.1, Avg: 0.1, Max: 0.2, Diff: 0.1, Sum: 1.0]
      [Update RS (ms): Min: 0.3, Avg: 0.3, Max: 0.3, Diff: 0.1, Sum: 2.2]
         [Processed Buffers: Min: 4, Avg: 4.3, Max: 5, Diff: 1, Sum: 34]
      [Scan RS (ms): Min: 0.0, Avg: 0.0, Max: 0.0, Diff: 0.0, Sum: 0.0]
      [Code Root Scanning (ms): Min: 0.0, Avg: 0.0, Max: 0.0, Diff: 0.0, Sum: 0.0]
      [Object Copy (ms): Min: 0.8, Avg: 0.8, Max: 0.9, Diff: 0.1, Sum: 6.6]
      [Termination (ms): Min: 0.0, Avg: 0.1, Max: 0.2, Diff: 0.2, Sum: 0.7]
         [Termination Attempts: Min: 1, Avg: 1.0, Max: 1, Diff: 0, Sum: 8]
      [GC Worker Other (ms): Min: 0.0, Avg: 0.0, Max: 0.0, Diff: 0.0, Sum: 0.1]
      [GC Worker Total (ms): Min: 1.3, Avg: 1.3, Max: 1.4, Diff: 0.1, Sum: 10.6]
      [GC Worker End (ms): Min: 1214.5, Avg: 1214.5, Max: 1214.5, Diff: 0.0]
   [Code Root Fixup: 0.0 ms]
   [Code Root Purge: 0.0 ms]
   [Clear CT: 0.1 ms]
   [Other: 0.4 ms]
      [Choose CSet: 0.0 ms]
      [Ref Proc: 0.1 ms]
      [Ref Enq: 0.0 ms]
      [Redirty Cards: 0.1 ms]
      [Humongous Register: 0.1 ms]
      [Humongous Reclaim: 0.0 ms]
      [Free CSet: 0.0 ms]
   [Eden: 24.0M(24.0M)->0.0B(21.0M) Survivors: 1024.0K->4096.0K Heap: 386.1M(512.0M)->363.7M(512.0M)]
 [Times: user=0.00 sys=0.00, real=0.00 secs] 
2021-11-13T16:31:54.020+0800: 1.218: [GC pause (G1 Evacuation Pause) (mixed), 0.0054397 secs]
   [Parallel Time: 4.8 ms, GC Workers: 8]
      [GC Worker Start (ms): Min: 1218.4, Avg: 1218.5, Max: 1218.6, Diff: 0.2]
      [Ext Root Scanning (ms): Min: 0.0, Avg: 0.1, Max: 0.2, Diff: 0.2, Sum: 0.9]
      [Update RS (ms): Min: 0.6, Avg: 0.6, Max: 0.6, Diff: 0.0, Sum: 4.8]
         [Processed Buffers: Min: 8, Avg: 9.0, Max: 10, Diff: 2, Sum: 72]
      [Scan RS (ms): Min: 0.0, Avg: 0.0, Max: 0.0, Diff: 0.0, Sum: 0.2]
      [Code Root Scanning (ms): Min: 0.0, Avg: 0.0, Max: 0.0, Diff: 0.0, Sum: 0.0]
      [Object Copy (ms): Min: 3.9, Avg: 3.9, Max: 3.9, Diff: 0.0, Sum: 31.1]
      [Termination (ms): Min: 0.0, Avg: 0.0, Max: 0.0, Diff: 0.0, Sum: 0.2]
         [Termination Attempts: Min: 1, Avg: 1.0, Max: 1, Diff: 0, Sum: 8]
      [GC Worker Other (ms): Min: 0.0, Avg: 0.0, Max: 0.0, Diff: 0.0, Sum: 0.1]
      [GC Worker Total (ms): Min: 4.5, Avg: 4.6, Max: 4.7, Diff: 0.2, Sum: 37.1]
      [GC Worker End (ms): Min: 1223.1, Avg: 1223.1, Max: 1223.1, Diff: 0.0]
   [Code Root Fixup: 0.0 ms]
   [Code Root Purge: 0.0 ms]
   [Clear CT: 0.1 ms]
   [Other: 0.6 ms]
      [Choose CSet: 0.0 ms]
      [Ref Proc: 0.2 ms]
      [Ref Enq: 0.0 ms]
      [Redirty Cards: 0.1 ms]
      [Humongous Register: 0.1 ms]
      [Humongous Reclaim: 0.0 ms]
      [Free CSet: 0.1 ms]
   [Eden: 21.0M(21.0M)->0.0B(21.0M) Survivors: 4096.0K->4096.0K Heap: 392.5M(512.0M)->361.0M(512.0M)]
 [Times: user=0.00 sys=0.00, real=0.01 secs] 
Heap
 garbage-first heap   total 524288K, used 369666K [0x00000000e0000000, 0x00000000e0101000, 0x0000000100000000)
  region size 1024K, 5 young (5120K), 4 survivors (4096K)
 Metaspace       used 3551K, capacity 4506K, committed 4864K, reserved 1056768K
  class space    used 391K, capacity 394K, committed 512K, reserved 1048576K
