Java HotSpot(TM) 64-Bit Server VM (25.151-b12) for windows-amd64 JRE (1.8.0_151-b12), built on Sep  5 2017 19:33:46 by "java_re" with MS VC++ 10.0 (VS2010)
Memory: 4k page, physical 8295652k(2190964k free), swap 14587108k(3655184k free)
CommandLine flags: -XX:InitialHeapSize=536870912 -XX:MaxHeapSize=536870912 -XX:+PrintGC -XX:+PrintGCDateStamps -XX:+PrintGCTimeStamps -XX:+UseCompressedClassPointers -XX:+UseCompressedOops -XX:+UseG1GC -XX:-UseLargePagesIndividualAllocation 
2021-11-13T16:36:17.352+0800: 0.255: [GC pause (G1 Evacuation Pause) (young) 31M->10M(512M), 0.0023054 secs]
2021-11-13T16:36:17.368+0800: 0.271: [GC pause (G1 Evacuation Pause) (young) 43M->20M(512M), 0.0031163 secs]
2021-11-13T16:36:17.405+0800: 0.308: [GC pause (G1 Evacuation Pause) (young) 100M->52M(512M), 0.0060966 secs]
2021-11-13T16:36:17.428+0800: 0.331: [GC pause (G1 Evacuation Pause) (young) 124M->75M(512M), 0.0054846 secs]
2021-11-13T16:36:17.460+0800: 0.362: [GC pause (G1 Evacuation Pause) (young) 175M->104M(512M), 0.0069004 secs]
2021-11-13T16:36:17.525+0800: 0.427: [GC pause (G1 Evacuation Pause) (young) 253M->151M(512M), 0.0097533 secs]
2021-11-13T16:36:17.584+0800: 0.486: [GC pause (G1 Humongous Allocation) (young) (initial-mark) 337M->202M(512M), 0.0121020 secs]
2021-11-13T16:36:17.596+0800: 0.498: [GC concurrent-root-region-scan-start]
2021-11-13T16:36:17.596+0800: 0.499: [GC concurrent-root-region-scan-end, 0.0002268 secs]
2021-11-13T16:36:17.596+0800: 0.499: [GC concurrent-mark-start]
2021-11-13T16:36:17.598+0800: 0.500: [GC concurrent-mark-end, 0.0017362 secs]
2021-11-13T16:36:17.598+0800: 0.501: [GC remark, 0.0013540 secs]
2021-11-13T16:36:17.600+0800: 0.502: [GC cleanup 214M->213M(512M), 0.0005482 secs]
2021-11-13T16:36:17.600+0800: 0.503: [GC concurrent-cleanup-start]
2021-11-13T16:36:17.600+0800: 0.503: [GC concurrent-cleanup-end, 0.0000105 secs]
2021-11-13T16:36:17.633+0800: 0.535: [GC pause (G1 Evacuation Pause) (young) 389M->242M(512M), 0.0116760 secs]
2021-11-13T16:36:17.645+0800: 0.548: [GC pause (G1 Evacuation Pause) (mixed) 247M->238M(512M), 0.0043451 secs]
2021-11-13T16:36:17.650+0800: 0.552: [GC pause (G1 Humongous Allocation) (young) (initial-mark) 239M->238M(512M), 0.0008964 secs]
2021-11-13T16:36:17.651+0800: 0.553: [GC concurrent-root-region-scan-start]
2021-11-13T16:36:17.651+0800: 0.553: [GC concurrent-root-region-scan-end, 0.0001238 secs]
2021-11-13T16:36:17.651+0800: 0.553: [GC concurrent-mark-start]
2021-11-13T16:36:17.653+0800: 0.556: [GC concurrent-mark-end, 0.0023541 secs]
2021-11-13T16:36:17.654+0800: 0.556: [GC remark, 0.0014128 secs]
2021-11-13T16:36:17.655+0800: 0.557: [GC cleanup 256M->254M(512M), 0.0005937 secs]
2021-11-13T16:36:17.656+0800: 0.558: [GC concurrent-cleanup-start]
2021-11-13T16:36:17.656+0800: 0.558: [GC concurrent-cleanup-end, 0.0000113 secs]
2021-11-13T16:36:17.679+0800: 0.582: [GC pause (G1 Evacuation Pause) (young) 396M->275M(512M), 0.0055168 secs]
2021-11-13T16:36:17.686+0800: 0.589: [GC pause (G1 Evacuation Pause) (mixed) 285M->259M(512M), 0.0046576 secs]
2021-11-13T16:36:17.692+0800: 0.595: [GC pause (G1 Humongous Allocation) (young) (initial-mark) 266M->262M(512M), 0.0015891 secs]
2021-11-13T16:36:17.694+0800: 0.597: [GC concurrent-root-region-scan-start]
2021-11-13T16:36:17.694+0800: 0.597: [GC concurrent-root-region-scan-end, 0.0001569 secs]
2021-11-13T16:36:17.694+0800: 0.597: [GC concurrent-mark-start]
2021-11-13T16:36:17.696+0800: 0.599: [GC concurrent-mark-end, 0.0017863 secs]
2021-11-13T16:36:17.696+0800: 0.599: [GC remark, 0.0013749 secs]
2021-11-13T16:36:17.697+0800: 0.600: [GC cleanup 270M->270M(512M), 0.0005091 secs]
2021-11-13T16:36:17.715+0800: 0.618: [GC pause (G1 Evacuation Pause) (young) 397M->303M(512M), 0.0054391 secs]
2021-11-13T16:36:17.722+0800: 0.625: [GC pause (G1 Evacuation Pause) (mixed) 316M->281M(512M), 0.0053174 secs]
2021-11-13T16:36:17.728+0800: 0.631: [GC pause (G1 Humongous Allocation) (young) (initial-mark) 287M->284M(512M), 0.0015724 secs]
2021-11-13T16:36:17.730+0800: 0.633: [GC concurrent-root-region-scan-start]
2021-11-13T16:36:17.730+0800: 0.633: [GC concurrent-root-region-scan-end, 0.0001234 secs]
2021-11-13T16:36:17.730+0800: 0.633: [GC concurrent-mark-start]
2021-11-13T16:36:17.731+0800: 0.634: [GC concurrent-mark-end, 0.0015105 secs]
2021-11-13T16:36:17.732+0800: 0.634: [GC remark, 0.0014782 secs]
2021-11-13T16:36:17.733+0800: 0.636: [GC cleanup 298M->298M(512M), 0.0004944 secs]
2021-11-13T16:36:17.749+0800: 0.652: [GC pause (G1 Evacuation Pause) (young) 399M->312M(512M), 0.0048207 secs]
2021-11-13T16:36:17.756+0800: 0.659: [GC pause (G1 Evacuation Pause) (mixed) 327M->289M(512M), 0.0051403 secs]
2021-11-13T16:36:17.762+0800: 0.664: [GC pause (G1 Humongous Allocation) (young) (initial-mark) 292M->290M(512M), 0.0013821 secs]
2021-11-13T16:36:17.763+0800: 0.666: [GC concurrent-root-region-scan-start]
2021-11-13T16:36:17.763+0800: 0.666: [GC concurrent-root-region-scan-end, 0.0001555 secs]
2021-11-13T16:36:17.763+0800: 0.666: [GC concurrent-mark-start]
2021-11-13T16:36:17.765+0800: 0.668: [GC concurrent-mark-end, 0.0015003 secs]
2021-11-13T16:36:17.765+0800: 0.668: [GC remark, 0.0014555 secs]
2021-11-13T16:36:17.766+0800: 0.669: [GC cleanup 302M->302M(512M), 0.0005001 secs]
2021-11-13T16:36:17.778+0800: 0.681: [GC pause (G1 Evacuation Pause) (young) 383M->316M(512M), 0.0049691 secs]
2021-11-13T16:36:17.785+0800: 0.688: [GC pause (G1 Evacuation Pause) (mixed) 334M->299M(512M), 0.0057898 secs]
2021-11-13T16:36:17.792+0800: 0.695: [GC pause (G1 Humongous Allocation) (young) (initial-mark) 304M->301M(512M), 0.0013256 secs]
2021-11-13T16:36:17.793+0800: 0.696: [GC concurrent-root-region-scan-start]
2021-11-13T16:36:17.793+0800: 0.696: [GC concurrent-root-region-scan-end, 0.0001100 secs]
2021-11-13T16:36:17.793+0800: 0.696: [GC concurrent-mark-start]
2021-11-13T16:36:17.795+0800: 0.698: [GC concurrent-mark-end, 0.0017780 secs]
2021-11-13T16:36:17.795+0800: 0.698: [GC remark, 0.0014043 secs]
2021-11-13T16:36:17.797+0800: 0.700: [GC cleanup 315M->315M(512M), 0.0004509 secs]
2021-11-13T16:36:17.809+0800: 0.712: [GC pause (G1 Evacuation Pause) (young) 412M->329M(512M), 0.0045457 secs]
2021-11-13T16:36:17.817+0800: 0.719: [GC pause (G1 Evacuation Pause) (mixed) 348M->318M(512M), 0.0050917 secs]
2021-11-13T16:36:17.822+0800: 0.725: [GC pause (G1 Humongous Allocation) (young) (initial-mark) 321M->319M(512M), 0.0012540 secs]
2021-11-13T16:36:17.824+0800: 0.726: [GC concurrent-root-region-scan-start]
2021-11-13T16:36:17.824+0800: 0.726: [GC concurrent-root-region-scan-end, 0.0001064 secs]
2021-11-13T16:36:17.824+0800: 0.726: [GC concurrent-mark-start]
2021-11-13T16:36:17.825+0800: 0.728: [GC concurrent-mark-end, 0.0016739 secs]
2021-11-13T16:36:17.826+0800: 0.728: [GC remark, 0.0014207 secs]
2021-11-13T16:36:17.827+0800: 0.730: [GC cleanup 333M->333M(512M), 0.0004620 secs]
2021-11-13T16:36:17.838+0800: 0.741: [GC pause (G1 Evacuation Pause) (young) 413M->346M(512M), 0.0040900 secs]
2021-11-13T16:36:17.845+0800: 0.747: [GC pause (G1 Evacuation Pause) (mixed) 364M->331M(512M), 0.0057205 secs]
2021-11-13T16:36:17.851+0800: 0.753: [GC pause (G1 Humongous Allocation) (young) (initial-mark) 331M->330M(512M), 0.0010230 secs]
2021-11-13T16:36:17.852+0800: 0.754: [GC concurrent-root-region-scan-start]
2021-11-13T16:36:17.852+0800: 0.754: [GC concurrent-root-region-scan-end, 0.0001184 secs]
2021-11-13T16:36:17.852+0800: 0.754: [GC concurrent-mark-start]
2021-11-13T16:36:17.853+0800: 0.756: [GC concurrent-mark-end, 0.0016381 secs]
2021-11-13T16:36:17.854+0800: 0.756: [GC remark, 0.0015246 secs]
2021-11-13T16:36:17.855+0800: 0.758: [GC cleanup 349M->349M(512M), 0.0004378 secs]
2021-11-13T16:36:17.863+0800: 0.766: [GC pause (G1 Evacuation Pause) (young) 405M->352M(512M), 0.0039565 secs]
2021-11-13T16:36:17.870+0800: 0.773: [GC pause (G1 Evacuation Pause) (mixed) 373M->338M(512M), 0.0054521 secs]
2021-11-13T16:36:17.876+0800: 0.779: [GC pause (G1 Humongous Allocation) (young) (initial-mark) 342M->339M(512M), 0.0012784 secs]
2021-11-13T16:36:17.878+0800: 0.780: [GC concurrent-root-region-scan-start]
2021-11-13T16:36:17.878+0800: 0.780: [GC concurrent-root-region-scan-end, 0.0001130 secs]
2021-11-13T16:36:17.878+0800: 0.780: [GC concurrent-mark-start]
2021-11-13T16:36:17.880+0800: 0.783: [GC concurrent-mark-end, 0.0022348 secs]
2021-11-13T16:36:17.880+0800: 0.783: [GC remark, 0.0015769 secs]
2021-11-13T16:36:17.882+0800: 0.785: [GC cleanup 354M->354M(512M), 0.0004731 secs]
2021-11-13T16:36:17.889+0800: 0.791: [GC pause (G1 Evacuation Pause) (young) 407M->363M(512M), 0.0036806 secs]
2021-11-13T16:36:17.897+0800: 0.799: [GC pause (G1 Evacuation Pause) (mixed) 383M->348M(512M), 0.0054598 secs]
2021-11-13T16:36:17.903+0800: 0.805: [GC pause (G1 Humongous Allocation) (young) (initial-mark) 349M->347M(512M), 0.0011731 secs]
2021-11-13T16:36:17.904+0800: 0.806: [GC concurrent-root-region-scan-start]
2021-11-13T16:36:17.904+0800: 0.806: [GC concurrent-root-region-scan-end, 0.0001012 secs]
2021-11-13T16:36:17.904+0800: 0.806: [GC concurrent-mark-start]
2021-11-13T16:36:17.906+0800: 0.808: [GC concurrent-mark-end, 0.0017154 secs]
2021-11-13T16:36:17.906+0800: 0.808: [GC remark, 0.0015017 secs]
2021-11-13T16:36:17.907+0800: 0.810: [GC cleanup 363M->363M(512M), 0.0004462 secs]
2021-11-13T16:36:17.914+0800: 0.816: [GC pause (G1 Evacuation Pause) (young) 406M->360M(512M), 0.0029524 secs]
2021-11-13T16:36:17.920+0800: 0.822: [GC pause (G1 Evacuation Pause) (mixed) 382M->344M(512M), 0.0055203 secs]
2021-11-13T16:36:17.926+0800: 0.828: [GC pause (G1 Humongous Allocation) (young) (initial-mark) 348M->346M(512M), 0.0013078 secs]
2021-11-13T16:36:17.927+0800: 0.830: [GC concurrent-root-region-scan-start]
2021-11-13T16:36:17.927+0800: 0.830: [GC concurrent-root-region-scan-end, 0.0001085 secs]
2021-11-13T16:36:17.927+0800: 0.830: [GC concurrent-mark-start]
2021-11-13T16:36:17.930+0800: 0.832: [GC concurrent-mark-end, 0.0022606 secs]
2021-11-13T16:36:17.930+0800: 0.832: [GC remark, 0.0016661 secs]
2021-11-13T16:36:17.931+0800: 0.834: [GC cleanup 361M->361M(512M), 0.0004578 secs]
2021-11-13T16:36:17.938+0800: 0.840: [GC pause (G1 Evacuation Pause) (young) 407M->356M(512M), 0.0034984 secs]
2021-11-13T16:36:17.944+0800: 0.847: [GC pause (G1 Evacuation Pause) (mixed) 377M->346M(512M), 0.0048708 secs]
2021-11-13T16:36:17.949+0800: 0.852: [GC pause (G1 Humongous Allocation) (young) (initial-mark) 347M->346M(512M), 0.0011373 secs]
2021-11-13T16:36:17.951+0800: 0.853: [GC concurrent-root-region-scan-start]
2021-11-13T16:36:17.951+0800: 0.853: [GC concurrent-root-region-scan-end, 0.0001306 secs]
2021-11-13T16:36:17.951+0800: 0.853: [GC concurrent-mark-start]
2021-11-13T16:36:17.952+0800: 0.855: [GC concurrent-mark-end, 0.0016601 secs]
2021-11-13T16:36:17.953+0800: 0.855: [GC remark, 0.0014917 secs]
2021-11-13T16:36:17.954+0800: 0.857: [GC cleanup 360M->360M(512M), 0.0005171 secs]
2021-11-13T16:36:17.962+0800: 0.864: [GC pause (G1 Evacuation Pause) (young) 410M->370M(512M), 0.0035429 secs]
2021-11-13T16:36:17.969+0800: 0.871: [GC pause (G1 Evacuation Pause) (mixed) 395M->363M(512M), 0.0051033 secs]
2021-11-13T16:36:17.974+0800: 0.876: [GC pause (G1 Humongous Allocation) (young) (initial-mark) 364M->363M(512M), 0.0011616 secs]
2021-11-13T16:36:17.975+0800: 0.877: [GC concurrent-root-region-scan-start]
2021-11-13T16:36:17.975+0800: 0.877: [GC concurrent-root-region-scan-end, 0.0000077 secs]
2021-11-13T16:36:17.975+0800: 0.878: [GC concurrent-mark-start]
2021-11-13T16:36:17.978+0800: 0.880: [GC concurrent-mark-end, 0.0023633 secs]
2021-11-13T16:36:17.978+0800: 0.880: [GC remark, 0.0015753 secs]
2021-11-13T16:36:17.979+0800: 0.882: [GC cleanup 383M->383M(512M), 0.0005076 secs]
2021-11-13T16:36:17.983+0800: 0.885: [GC pause (G1 Evacuation Pause) (young) 409M->375M(512M), 0.0026302 secs]
2021-11-13T16:36:17.989+0800: 0.891: [GC pause (G1 Evacuation Pause) (mixed) 403M->364M(512M), 0.0068268 secs]
2021-11-13T16:36:17.997+0800: 0.899: [GC pause (G1 Humongous Allocation) (young) (initial-mark) 371M->366M(512M), 0.0014822 secs]
2021-11-13T16:36:17.998+0800: 0.900: [GC concurrent-root-region-scan-start]
2021-11-13T16:36:17.998+0800: 0.901: [GC concurrent-root-region-scan-end, 0.0001169 secs]
2021-11-13T16:36:17.998+0800: 0.901: [GC concurrent-mark-start]
2021-11-13T16:36:18.000+0800: 0.902: [GC concurrent-mark-end, 0.0017755 secs]
2021-11-13T16:36:18.000+0800: 0.902: [GC remark, 0.0018345 secs]
2021-11-13T16:36:18.002+0800: 0.904: [GC cleanup 383M->383M(512M), 0.0005575 secs]
2021-11-13T16:36:18.005+0800: 0.908: [GC pause (G1 Evacuation Pause) (young) 400M->374M(512M), 0.0025155 secs]
2021-11-13T16:36:18.011+0800: 0.913: [GC pause (G1 Evacuation Pause) (mixed) 400M->367M(512M), 0.0061988 secs]
2021-11-13T16:36:18.018+0800: 0.920: [GC pause (G1 Humongous Allocation) (young) (initial-mark) 368M->367M(512M), 0.0013253 secs]
2021-11-13T16:36:18.019+0800: 0.921: [GC concurrent-root-region-scan-start]
2021-11-13T16:36:18.019+0800: 0.921: [GC concurrent-root-region-scan-end, 0.0001145 secs]
2021-11-13T16:36:18.019+0800: 0.921: [GC concurrent-mark-start]
2021-11-13T16:36:18.021+0800: 0.923: [GC concurrent-mark-end, 0.0017560 secs]
2021-11-13T16:36:18.021+0800: 0.923: [GC remark, 0.0016225 secs]
2021-11-13T16:36:18.023+0800: 0.925: [GC cleanup 383M->383M(512M), 0.0005382 secs]
2021-11-13T16:36:18.027+0800: 0.929: [GC pause (G1 Evacuation Pause) (young) 406M->378M(512M), 0.0025951 secs]
2021-11-13T16:36:18.035+0800: 0.937: [GC pause (G1 Evacuation Pause) (mixed) 405M->371M(512M), 0.0056541 secs]
2021-11-13T16:36:18.040+0800: 0.943: [GC pause (G1 Humongous Allocation) (young) (initial-mark) 372M->371M(512M), 0.0013071 secs]
2021-11-13T16:36:18.041+0800: 0.944: [GC concurrent-root-region-scan-start]
2021-11-13T16:36:18.041+0800: 0.944: [GC concurrent-root-region-scan-end, 0.0001415 secs]
2021-11-13T16:36:18.041+0800: 0.944: [GC concurrent-mark-start]
2021-11-13T16:36:18.043+0800: 0.946: [GC concurrent-mark-end, 0.0018971 secs]
2021-11-13T16:36:18.043+0800: 0.946: [GC remark, 0.0016516 secs]
2021-11-13T16:36:18.045+0800: 0.948: [GC cleanup 387M->387M(512M), 0.0006373 secs]
2021-11-13T16:36:18.049+0800: 0.952: [GC pause (G1 Evacuation Pause) (young) 406M->381M(512M), 0.0026303 secs]
2021-11-13T16:36:18.055+0800: 0.958: [GC pause (G1 Evacuation Pause) (mixed) 405M->377M(512M), 0.0054274 secs]
2021-11-13T16:36:18.061+0800: 0.964: [GC pause (G1 Humongous Allocation) (young) (initial-mark) 378M->376M(512M), 0.0011963 secs]
2021-11-13T16:36:18.062+0800: 0.965: [GC concurrent-root-region-scan-start]
2021-11-13T16:36:18.062+0800: 0.965: [GC concurrent-root-region-scan-end, 0.0001473 secs]
2021-11-13T16:36:18.062+0800: 0.965: [GC concurrent-mark-start]
2021-11-13T16:36:18.065+0800: 0.968: [GC concurrent-mark-end, 0.0026953 secs]
2021-11-13T16:36:18.065+0800: 0.968: [GC remark, 0.0016718 secs]
2021-11-13T16:36:18.067+0800: 0.970: [GC cleanup 389M->389M(512M), 0.0005173 secs]
2021-11-13T16:36:18.070+0800: 0.973: [GC pause (G1 Evacuation Pause) (young) 406M->382M(512M), 0.0020319 secs]
2021-11-13T16:36:18.078+0800: 0.981: [GC pause (G1 Evacuation Pause) (mixed) 410M->374M(512M), 0.0055947 secs]
2021-11-13T16:36:18.084+0800: 0.987: [GC pause (G1 Humongous Allocation) (young) (initial-mark) 381M->376M(512M), 0.0015433 secs]
2021-11-13T16:36:18.086+0800: 0.989: [GC concurrent-root-region-scan-start]
2021-11-13T16:36:18.086+0800: 0.989: [GC concurrent-root-region-scan-end, 0.0001181 secs]
2021-11-13T16:36:18.086+0800: 0.989: [GC concurrent-mark-start]
2021-11-13T16:36:18.088+0800: 0.991: [GC concurrent-mark-end, 0.0018003 secs]
2021-11-13T16:36:18.088+0800: 0.991: [GC remark, 0.0017873 secs]
2021-11-13T16:36:18.090+0800: 0.993: [GC cleanup 386M->386M(512M), 0.0004686 secs]
2021-11-13T16:36:18.093+0800: 0.996: [GC pause (G1 Evacuation Pause) (young) 404M->388M(512M), 0.0025561 secs]
2021-11-13T16:36:18.102+0800: 1.005: [GC pause (G1 Evacuation Pause) (mixed)-- 419M->383M(512M), 0.0058253 secs]
2021-11-13T16:36:18.108+0800: 1.011: [GC pause (G1 Humongous Allocation) (young) (initial-mark) 384M->383M(512M), 0.0012494 secs]
2021-11-13T16:36:18.109+0800: 1.012: [GC concurrent-root-region-scan-start]
2021-11-13T16:36:18.109+0800: 1.012: [GC concurrent-root-region-scan-end, 0.0000334 secs]
2021-11-13T16:36:18.109+0800: 1.012: [GC concurrent-mark-start]
2021-11-13T16:36:18.111+0800: 1.014: [GC concurrent-mark-end, 0.0017487 secs]
2021-11-13T16:36:18.111+0800: 1.014: [GC remark, 0.0021712 secs]
2021-11-13T16:36:18.114+0800: 1.016: [GC cleanup 393M->393M(512M), 0.0006656 secs]
2021-11-13T16:36:18.118+0800: 1.021: [GC pause (G1 Evacuation Pause) (young) 415M->395M(512M), 0.0024510 secs]
2021-11-13T16:36:18.125+0800: 1.028: [GC pause (G1 Evacuation Pause) (mixed)-- 421M->396M(512M), 0.0050277 secs]
2021-11-13T16:36:18.131+0800: 1.034: [GC pause (G1 Humongous Allocation) (young) (initial-mark) 396M->396M(512M), 0.0011486 secs]
2021-11-13T16:36:18.132+0800: 1.035: [GC concurrent-root-region-scan-start]
2021-11-13T16:36:18.132+0800: 1.035: [GC concurrent-root-region-scan-end, 0.0001460 secs]
2021-11-13T16:36:18.132+0800: 1.035: [GC concurrent-mark-start]
2021-11-13T16:36:18.134+0800: 1.037: [GC concurrent-mark-end, 0.0020746 secs]
2021-11-13T16:36:18.134+0800: 1.037: [GC remark, 0.0016921 secs]
2021-11-13T16:36:18.136+0800: 1.039: [GC cleanup 413M->413M(512M), 0.0005409 secs]
2021-11-13T16:36:18.139+0800: 1.042: [GC pause (G1 Evacuation Pause) (young) 428M->405M(512M), 0.0020567 secs]
2021-11-13T16:36:18.145+0800: 1.047: [GC pause (G1 Evacuation Pause) (mixed)-- 429M->431M(512M), 0.0040494 secs]
2021-11-13T16:36:18.149+0800: 1.052: [GC pause (G1 Humongous Allocation) (young) (initial-mark) 432M->431M(512M), 0.0011700 secs]
2021-11-13T16:36:18.150+0800: 1.053: [GC concurrent-root-region-scan-start]
2021-11-13T16:36:18.150+0800: 1.053: [GC concurrent-root-region-scan-end, 0.0000067 secs]
2021-11-13T16:36:18.150+0800: 1.053: [GC concurrent-mark-start]
2021-11-13T16:36:18.152+0800: 1.055: [GC concurrent-mark-end, 0.0020175 secs]
2021-11-13T16:36:18.152+0800: 1.055: [GC remark, 0.0018419 secs]
2021-11-13T16:36:18.154+0800: 1.057: [GC cleanup 445M->445M(512M), 0.0005449 secs]
2021-11-13T16:36:18.156+0800: 1.059: [GC pause (G1 Evacuation Pause) (young)-- 451M->446M(512M), 0.0013274 secs]
2021-11-13T16:36:18.159+0800: 1.062: [GC pause (G1 Evacuation Pause) (mixed)-- 454M->452M(512M), 0.0012474 secs]
2021-11-13T16:36:18.160+0800: 1.063: [GC pause (G1 Evacuation Pause) (mixed)-- 454M->454M(512M), 0.0012809 secs]
2021-11-13T16:36:18.162+0800: 1.065: [GC pause (G1 Evacuation Pause) (young)-- 455M->455M(512M), 0.0010628 secs]
2021-11-13T16:36:18.163+0800: 1.066: [Full GC (Allocation Failure)  455M->340M(512M), 0.0366352 secs]
2021-11-13T16:36:18.200+0800: 1.103: [GC pause (G1 Humongous Allocation) (young) (initial-mark) 341M->340M(512M), 0.0009834 secs]
2021-11-13T16:36:18.201+0800: 1.104: [GC concurrent-root-region-scan-start]
2021-11-13T16:36:18.201+0800: 1.104: [GC concurrent-root-region-scan-end, 0.0000066 secs]
2021-11-13T16:36:18.201+0800: 1.104: [GC concurrent-mark-start]
2021-11-13T16:36:18.203+0800: 1.106: [GC concurrent-mark-end, 0.0018481 secs]
2021-11-13T16:36:18.203+0800: 1.106: [GC remark, 0.0017029 secs]
2021-11-13T16:36:18.205+0800: 1.108: [GC cleanup 357M->357M(512M), 0.0004721 secs]
2021-11-13T16:36:18.209+0800: 1.111: [GC pause (G1 Evacuation Pause) (young) 378M->352M(512M), 0.0026578 secs]
2021-11-13T16:36:18.212+0800: 1.115: [GC pause (G1 Humongous Allocation) (young) (initial-mark) 357M->351M(512M), 0.0014529 secs]
2021-11-13T16:36:18.214+0800: 1.116: [GC concurrent-root-region-scan-start]
2021-11-13T16:36:18.214+0800: 1.116: [GC concurrent-root-region-scan-end, 0.0001311 secs]
2021-11-13T16:36:18.214+0800: 1.116: [GC concurrent-mark-start]
2021-11-13T16:36:18.215+0800: 1.118: [GC concurrent-mark-end, 0.0017433 secs]
2021-11-13T16:36:18.216+0800: 1.118: [GC remark, 0.0017614 secs]
2021-11-13T16:36:18.217+0800: 1.120: [GC cleanup 367M->367M(512M), 0.0009368 secs]
2021-11-13T16:36:18.221+0800: 1.123: [GC pause (G1 Evacuation Pause) (young) 380M->358M(512M), 0.0022911 secs]
2021-11-13T16:36:18.227+0800: 1.129: [GC pause (G1 Evacuation Pause) (mixed) 385M->365M(512M), 0.0032220 secs]
2021-11-13T16:36:18.231+0800: 1.133: [GC pause (G1 Humongous Allocation) (young) (initial-mark) 370M->367M(512M), 0.0018537 secs]
2021-11-13T16:36:18.232+0800: 1.135: [GC concurrent-root-region-scan-start]
2021-11-13T16:36:18.233+0800: 1.135: [GC concurrent-root-region-scan-end, 0.0001183 secs]
2021-11-13T16:36:18.233+0800: 1.135: [GC concurrent-mark-start]
2021-11-13T16:36:18.234+0800: 1.137: [GC concurrent-mark-end, 0.0018124 secs]
2021-11-13T16:36:18.234+0800: 1.137: [GC remark, 0.0018255 secs]
2021-11-13T16:36:18.236+0800: 1.139: [GC cleanup 384M->384M(512M), 0.0007103 secs]
2021-11-13T16:36:18.239+0800: 1.142: [GC pause (G1 Evacuation Pause) (young) 397M->375M(512M), 0.0024420 secs]
2021-11-13T16:36:18.245+0800: 1.148: [GC pause (G1 Evacuation Pause) (mixed)-- 397M->386M(512M), 0.0049037 secs]
2021-11-13T16:36:18.250+0800: 1.153: [GC pause (G1 Humongous Allocation) (young) (initial-mark) 388M->386M(512M), 0.0013338 secs]
2021-11-13T16:36:18.252+0800: 1.154: [GC concurrent-root-region-scan-start]
2021-11-13T16:36:18.252+0800: 1.154: [GC concurrent-root-region-scan-end, 0.0000397 secs]
2021-11-13T16:36:18.252+0800: 1.154: [GC concurrent-mark-start]
2021-11-13T16:36:18.254+0800: 1.156: [GC concurrent-mark-end, 0.0019205 secs]
2021-11-13T16:36:18.254+0800: 1.156: [GC remark, 0.0017368 secs]
2021-11-13T16:36:18.256+0800: 1.158: [GC cleanup 401M->401M(512M), 0.0005320 secs]
2021-11-13T16:36:18.259+0800: 1.162: [GC pause (G1 Evacuation Pause) (young) 418M->396M(512M), 0.0025325 secs]
2021-11-13T16:36:18.265+0800: 1.167: [GC pause (G1 Humongous Allocation) (mixed)-- 425M->417M(512M), 0.0020732 secs]
2021-11-13T16:36:18.268+0800: 1.171: [GC pause (G1 Evacuation Pause) (mixed)-- 428M->425M(512M), 0.0014017 secs]
2021-11-13T16:36:18.271+0800: 1.173: [GC pause (G1 Humongous Allocation) (young) (initial-mark)-- 429M->427M(512M), 0.0011059 secs]
2021-11-13T16:36:18.272+0800: 1.174: [GC concurrent-root-region-scan-start]
2021-11-13T16:36:18.272+0800: 1.174: [GC concurrent-root-region-scan-end, 0.0000067 secs]
2021-11-13T16:36:18.272+0800: 1.174: [GC concurrent-mark-start]
2021-11-13T16:36:18.272+0800: 1.175: [GC pause (G1 Humongous Allocation) (young)-- 429M->427M(512M), 0.0010658 secs]
2021-11-13T16:36:18.274+0800: 1.176: [GC pause (G1 Evacuation Pause) (young)-- 429M->429M(512M), 0.0011024 secs]
2021-11-13T16:36:18.275+0800: 1.178: [Full GC (Allocation Failure)  429M->346M(512M), 0.0366400 secs]
2021-11-13T16:36:18.312+0800: 1.214: [GC concurrent-mark-abort]
2021-11-13T16:36:18.312+0800: 1.215: [GC pause (G1 Humongous Allocation) (young) (initial-mark) 349M->347M(512M), 0.0010072 secs]
2021-11-13T16:36:18.313+0800: 1.216: [GC concurrent-root-region-scan-start]
2021-11-13T16:36:18.313+0800: 1.216: [GC concurrent-root-region-scan-end, 0.0000426 secs]
2021-11-13T16:36:18.313+0800: 1.216: [GC concurrent-mark-start]
2021-11-13T16:36:18.316+0800: 1.218: [GC concurrent-mark-end, 0.0027193 secs]
2021-11-13T16:36:18.316+0800: 1.219: [GC remark, 0.0017236 secs]
2021-11-13T16:36:18.318+0800: 1.220: [GC cleanup 370M->370M(512M), 0.0005405 secs]
2021-11-13T16:36:18.320+0800: 1.222: [GC pause (G1 Evacuation Pause) (young) 378M->355M(512M), 0.0022820 secs]
2021-11-13T16:36:18.323+0800: 1.225: [GC pause (G1 Humongous Allocation) (young) (initial-mark) 356M->355M(512M), 0.0012216 secs]
2021-11-13T16:36:18.324+0800: 1.226: [GC concurrent-root-region-scan-start]
2021-11-13T16:36:18.324+0800: 1.226: [GC concurrent-root-region-scan-end, 0.0000118 secs]
2021-11-13T16:36:18.324+0800: 1.226: [GC concurrent-mark-start]
2021-11-13T16:36:18.326+0800: 1.228: [GC concurrent-mark-end, 0.0018392 secs]
2021-11-13T16:36:18.326+0800: 1.228: [GC remark, 0.0016513 secs]
2021-11-13T16:36:18.328+0800: 1.230: [GC cleanup 356M->356M(512M), 0.0006595 secs]
