Java HotSpot(TM) 64-Bit Server VM (25.151-b12) for windows-amd64 JRE (1.8.0_151-b12), built on Sep  5 2017 19:33:46 by "java_re" with MS VC++ 10.0 (VS2010)
Memory: 4k page, physical 8295652k(2341728k free), swap 14587108k(4331084k free)
CommandLine flags: -XX:InitialHeapSize=536870912 -XX:MaxHeapSize=536870912 -XX:MaxNewSize=178958336 -XX:MaxTenuringThreshold=6 -XX:NewSize=178958336 -XX:OldPLABSize=16 -XX:OldSize=357912576 -XX:+PrintGC -XX:+PrintGCDateStamps -XX:+PrintGCDetails -XX:+PrintGCTimeStamps -XX:+UseCompressedClassPointers -XX:+UseCompressedOops -XX:+UseConcMarkSweepGC -XX:-UseLargePagesIndividualAllocation -XX:+UseParNewGC 
2021-11-13T16:18:59.407+0800: 0.316: [GC (Allocation Failure) 2021-11-13T16:18:59.410+0800: 0.318: [ParNew: 139776K->17472K(157248K), 0.0103318 secs] 139776K->43656K(506816K), 0.0126908 secs] [Times: user=0.02 sys=0.06, real=0.01 secs] 
2021-11-13T16:18:59.441+0800: 0.349: [GC (Allocation Failure) 2021-11-13T16:18:59.441+0800: 0.349: [ParNew: 157248K->17472K(157248K), 0.0151402 secs] 183432K->90675K(506816K), 0.0152367 secs] [Times: user=0.00 sys=0.05, real=0.02 secs] 
2021-11-13T16:18:59.474+0800: 0.382: [GC (Allocation Failure) 2021-11-13T16:18:59.474+0800: 0.382: [ParNew: 157248K->17472K(157248K), 0.0315950 secs] 230451K->136645K(506816K), 0.0317195 secs] [Times: user=0.19 sys=0.02, real=0.03 secs] 
2021-11-13T16:18:59.536+0800: 0.445: [GC (Allocation Failure) 2021-11-13T16:18:59.537+0800: 0.445: [ParNew: 157248K->17471K(157248K), 0.0325242 secs] 276421K->182431K(506816K), 0.0326748 secs] [Times: user=0.14 sys=0.03, real=0.03 secs] 
2021-11-13T16:18:59.597+0800: 0.506: [GC (Allocation Failure) 2021-11-13T16:18:59.597+0800: 0.506: [ParNew: 157247K->17470K(157248K), 0.0296552 secs] 322207K->226625K(506816K), 0.0297832 secs] [Times: user=0.17 sys=0.00, real=0.03 secs] 
2021-11-13T16:18:59.627+0800: 0.536: [GC (CMS Initial Mark) [1 CMS-initial-mark: 209154K(349568K)] 226769K(506816K), 0.0002837 secs] [Times: user=0.00 sys=0.00, real=0.00 secs] 
2021-11-13T16:18:59.628+0800: 0.537: [CMS-concurrent-mark-start]
2021-11-13T16:18:59.630+0800: 0.539: [CMS-concurrent-mark: 0.002/0.002 secs] [Times: user=0.00 sys=0.00, real=0.00 secs] 
2021-11-13T16:18:59.630+0800: 0.539: [CMS-concurrent-preclean-start]
2021-11-13T16:18:59.631+0800: 0.540: [CMS-concurrent-preclean: 0.001/0.001 secs] [Times: user=0.00 sys=0.00, real=0.00 secs] 
2021-11-13T16:18:59.631+0800: 0.540: [CMS-concurrent-abortable-preclean-start]
2021-11-13T16:18:59.655+0800: 0.564: [GC (Allocation Failure) 2021-11-13T16:18:59.655+0800: 0.564: [ParNew: 156963K->17472K(157248K), 0.0308263 secs] 366118K->270441K(506816K), 0.0309429 secs] [Times: user=0.17 sys=0.01, real=0.03 secs] 
2021-11-13T16:18:59.710+0800: 0.619: [GC (Allocation Failure) 2021-11-13T16:18:59.710+0800: 0.619: [ParNew: 157248K->17469K(157248K), 0.0303908 secs] 410217K->314812K(506816K), 0.0305129 secs] [Times: user=0.14 sys=0.02, real=0.03 secs] 
2021-11-13T16:18:59.763+0800: 0.672: [GC (Allocation Failure) 2021-11-13T16:18:59.763+0800: 0.672: [ParNew: 157168K->17468K(157248K), 0.0308424 secs] 454510K->360731K(506816K), 0.0309414 secs] [Times: user=0.13 sys=0.03, real=0.03 secs] 
2021-11-13T16:18:59.794+0800: 0.703: [CMS-concurrent-abortable-preclean: 0.003/0.163 secs] [Times: user=0.51 sys=0.06, real=0.16 secs] 
2021-11-13T16:18:59.794+0800: 0.703: [GC (CMS Final Remark) [YG occupancy: 20520 K (157248 K)]2021-11-13T16:18:59.794+0800: 0.703: [Rescan (parallel) , 0.0003970 secs]2021-11-13T16:18:59.795+0800: 0.703: [weak refs processing, 0.0000560 secs]2021-11-13T16:18:59.795+0800: 0.703: [class unloading, 0.0002765 secs]2021-11-13T16:18:59.795+0800: 0.704: [scrub symbol table, 0.0005937 secs]2021-11-13T16:18:59.796+0800: 0.704: [scrub string table, 0.0001845 secs][1 CMS-remark: 343263K(349568K)] 363783K(506816K), 0.0017105 secs] [Times: user=0.00 sys=0.00, real=0.00 secs] 
2021-11-13T16:18:59.796+0800: 0.705: [CMS-concurrent-sweep-start]
2021-11-13T16:18:59.797+0800: 0.706: [CMS-concurrent-sweep: 0.001/0.001 secs] [Times: user=0.00 sys=0.00, real=0.00 secs] 
2021-11-13T16:18:59.797+0800: 0.706: [CMS-concurrent-reset-start]
2021-11-13T16:18:59.798+0800: 0.707: [CMS-concurrent-reset: 0.001/0.001 secs] [Times: user=0.00 sys=0.00, real=0.00 secs] 
2021-11-13T16:18:59.818+0800: 0.726: [GC (Allocation Failure) 2021-11-13T16:18:59.818+0800: 0.726: [ParNew: 157244K->17471K(157248K), 0.0105920 secs] 456153K->360950K(506816K), 0.0107037 secs] [Times: user=0.09 sys=0.00, real=0.01 secs] 
2021-11-13T16:18:59.829+0800: 0.737: [GC (CMS Initial Mark) [1 CMS-initial-mark: 343478K(349568K)] 361022K(506816K), 0.0001429 secs] [Times: user=0.00 sys=0.00, real=0.00 secs] 
2021-11-13T16:18:59.829+0800: 0.737: [CMS-concurrent-mark-start]
2021-11-13T16:18:59.831+0800: 0.739: [CMS-concurrent-mark: 0.002/0.002 secs] [Times: user=0.00 sys=0.00, real=0.00 secs] 
2021-11-13T16:18:59.831+0800: 0.739: [CMS-concurrent-preclean-start]
2021-11-13T16:18:59.831+0800: 0.739: [CMS-concurrent-preclean: 0.000/0.000 secs] [Times: user=0.00 sys=0.00, real=0.00 secs] 
2021-11-13T16:18:59.831+0800: 0.740: [CMS-concurrent-abortable-preclean-start]
2021-11-13T16:18:59.831+0800: 0.740: [CMS-concurrent-abortable-preclean: 0.000/0.000 secs] [Times: user=0.00 sys=0.00, real=0.00 secs] 
2021-11-13T16:18:59.831+0800: 0.740: [GC (CMS Final Remark) [YG occupancy: 33688 K (157248 K)]2021-11-13T16:18:59.831+0800: 0.740: [Rescan (parallel) , 0.0003126 secs]2021-11-13T16:18:59.832+0800: 0.740: [weak refs processing, 0.0000222 secs]2021-11-13T16:18:59.832+0800: 0.740: [class unloading, 0.0002550 secs]2021-11-13T16:18:59.832+0800: 0.740: [scrub symbol table, 0.0003629 secs]2021-11-13T16:18:59.832+0800: 0.741: [scrub string table, 0.0001063 secs][1 CMS-remark: 343478K(349568K)] 377166K(506816K), 0.0011871 secs] [Times: user=0.00 sys=0.00, real=0.00 secs] 
2021-11-13T16:18:59.833+0800: 0.741: [CMS-concurrent-sweep-start]
2021-11-13T16:18:59.834+0800: 0.742: [CMS-concurrent-sweep: 0.001/0.001 secs] [Times: user=0.00 sys=0.00, real=0.00 secs] 
2021-11-13T16:18:59.834+0800: 0.742: [CMS-concurrent-reset-start]
2021-11-13T16:18:59.834+0800: 0.743: [CMS-concurrent-reset: 0.001/0.001 secs] [Times: user=0.00 sys=0.00, real=0.00 secs] 
2021-11-13T16:18:59.850+0800: 0.759: [GC (Allocation Failure) 2021-11-13T16:18:59.850+0800: 0.759: [ParNew: 157247K->17471K(157248K), 0.0092532 secs] 406478K->307689K(506816K), 0.0093774 secs] [Times: user=0.09 sys=0.00, real=0.01 secs] 
2021-11-13T16:18:59.860+0800: 0.768: [GC (CMS Initial Mark) [1 CMS-initial-mark: 290218K(349568K)] 308113K(506816K), 0.0002202 secs] [Times: user=0.00 sys=0.00, real=0.00 secs] 
2021-11-13T16:18:59.860+0800: 0.768: [CMS-concurrent-mark-start]
2021-11-13T16:18:59.862+0800: 0.770: [CMS-concurrent-mark: 0.001/0.001 secs] [Times: user=0.00 sys=0.00, real=0.00 secs] 
2021-11-13T16:18:59.862+0800: 0.770: [CMS-concurrent-preclean-start]
2021-11-13T16:18:59.862+0800: 0.770: [CMS-concurrent-preclean: 0.000/0.000 secs] [Times: user=0.00 sys=0.00, real=0.00 secs] 
2021-11-13T16:18:59.862+0800: 0.770: [CMS-concurrent-abortable-preclean-start]
2021-11-13T16:18:59.883+0800: 0.791: [GC (Allocation Failure) 2021-11-13T16:18:59.883+0800: 0.791: [ParNew: 157247K->17471K(157248K), 0.0102932 secs] 447465K->351043K(506816K), 0.0104037 secs] [Times: user=0.08 sys=0.02, real=0.01 secs] 
2021-11-13T16:18:59.893+0800: 0.801: [CMS-concurrent-abortable-preclean: 0.000/0.031 secs] [Times: user=0.09 sys=0.02, real=0.03 secs] 
2021-11-13T16:18:59.893+0800: 0.802: [GC (CMS Final Remark) [YG occupancy: 17615 K (157248 K)]2021-11-13T16:18:59.893+0800: 0.802: [Rescan (parallel) , 0.0003166 secs]2021-11-13T16:18:59.894+0800: 0.802: [weak refs processing, 0.0000231 secs]2021-11-13T16:18:59.894+0800: 0.802: [class unloading, 0.0002477 secs]2021-11-13T16:18:59.894+0800: 0.802: [scrub symbol table, 0.0003916 secs]2021-11-13T16:18:59.894+0800: 0.803: [scrub string table, 0.0001056 secs][1 CMS-remark: 333571K(349568K)] 351187K(506816K), 0.0012238 secs] [Times: user=0.00 sys=0.00, real=0.00 secs] 
2021-11-13T16:18:59.895+0800: 0.803: [CMS-concurrent-sweep-start]
2021-11-13T16:18:59.896+0800: 0.804: [CMS-concurrent-sweep: 0.001/0.001 secs] [Times: user=0.00 sys=0.00, real=0.00 secs] 
2021-11-13T16:18:59.896+0800: 0.804: [CMS-concurrent-reset-start]
2021-11-13T16:18:59.897+0800: 0.805: [CMS-concurrent-reset: 0.000/0.000 secs] [Times: user=0.00 sys=0.00, real=0.00 secs] 
2021-11-13T16:18:59.914+0800: 0.822: [GC (Allocation Failure) 2021-11-13T16:18:59.914+0800: 0.822: [ParNew (promotion failed): 157247K->157247K(157248K), 0.0114200 secs]2021-11-13T16:18:59.924+0800: 0.833: [CMS: 345862K->306464K(349568K), 0.0422579 secs] 460317K->306464K(506816K), [Metaspace: 3542K->3542K(1056768K)], 0.0538202 secs] [Times: user=0.16 sys=0.00, real=0.05 secs] 
2021-11-13T16:18:59.967+0800: 0.876: [GC (CMS Initial Mark) [1 CMS-initial-mark: 306464K(349568K)] 306741K(506816K), 0.0001496 secs] [Times: user=0.00 sys=0.00, real=0.00 secs] 
2021-11-13T16:18:59.967+0800: 0.876: [CMS-concurrent-mark-start]
2021-11-13T16:18:59.968+0800: 0.877: [CMS-concurrent-mark: 0.001/0.001 secs] [Times: user=0.00 sys=0.00, real=0.00 secs] 
2021-11-13T16:18:59.968+0800: 0.877: [CMS-concurrent-preclean-start]
2021-11-13T16:18:59.969+0800: 0.878: [CMS-concurrent-preclean: 0.001/0.001 secs] [Times: user=0.00 sys=0.00, real=0.00 secs] 
2021-11-13T16:18:59.969+0800: 0.878: [CMS-concurrent-abortable-preclean-start]
2021-11-13T16:18:59.989+0800: 0.898: [GC (Allocation Failure) 2021-11-13T16:18:59.990+0800: 0.898: [ParNew: 139776K->139776K(157248K), 0.0000304 secs]2021-11-13T16:18:59.990+0800: 0.899: [CMS2021-11-13T16:18:59.990+0800: 0.899: [CMS-concurrent-abortable-preclean: 0.000/0.021 secs] [Times: user=0.01 sys=0.00, real=0.02 secs] 
 (concurrent mode failure): 306464K->318514K(349568K), 0.0458988 secs] 446240K->318514K(506816K), [Metaspace: 3542K->3542K(1056768K)], 0.0460558 secs] [Times: user=0.05 sys=0.00, real=0.05 secs] 
2021-11-13T16:19:00.052+0800: 0.961: [GC (Allocation Failure) 2021-11-13T16:19:00.052+0800: 0.961: [ParNew (promotion failed): 139776K->157246K(157248K), 0.0078208 secs]2021-11-13T16:19:00.060+0800: 0.969: [CMS: 349418K->325608K(349568K), 0.0415780 secs] 458290K->325608K(506816K), [Metaspace: 3542K->3542K(1056768K)], 0.0495388 secs] [Times: user=0.13 sys=0.00, real=0.05 secs] 
2021-11-13T16:19:00.102+0800: 1.011: [GC (CMS Initial Mark) [1 CMS-initial-mark: 325608K(349568K)] 328519K(506816K), 0.0004296 secs] [Times: user=0.00 sys=0.00, real=0.00 secs] 
2021-11-13T16:19:00.102+0800: 1.011: [CMS-concurrent-mark-start]
2021-11-13T16:19:00.104+0800: 1.013: [CMS-concurrent-mark: 0.001/0.001 secs] [Times: user=0.00 sys=0.00, real=0.00 secs] 
2021-11-13T16:19:00.104+0800: 1.013: [CMS-concurrent-preclean-start]
2021-11-13T16:19:00.104+0800: 1.013: [CMS-concurrent-preclean: 0.000/0.000 secs] [Times: user=0.00 sys=0.00, real=0.00 secs] 
2021-11-13T16:19:00.104+0800: 1.013: [CMS-concurrent-abortable-preclean-start]
2021-11-13T16:19:00.119+0800: 1.028: [GC (Allocation Failure) 2021-11-13T16:19:00.119+0800: 1.028: [ParNew: 139776K->139776K(157248K), 0.0000285 secs]2021-11-13T16:19:00.119+0800: 1.028: [CMS2021-11-13T16:19:00.119+0800: 1.028: [CMS-concurrent-abortable-preclean: 0.000/0.015 secs] [Times: user=0.02 sys=0.00, real=0.01 secs] 
 (concurrent mode failure): 325608K->331934K(349568K), 0.0447535 secs] 465384K->331934K(506816K), [Metaspace: 3542K->3542K(1056768K)], 0.0449008 secs] [Times: user=0.05 sys=0.00, real=0.05 secs] 
2021-11-13T16:19:00.182+0800: 1.090: [GC (Allocation Failure) 2021-11-13T16:19:00.182+0800: 1.090: [ParNew: 139776K->139776K(157248K), 0.0000297 secs]2021-11-13T16:19:00.182+0800: 1.091: [CMS: 331934K->336422K(349568K), 0.0478226 secs] 471710K->336422K(506816K), [Metaspace: 3542K->3542K(1056768K)], 0.0479778 secs] [Times: user=0.05 sys=0.00, real=0.05 secs] 
2021-11-13T16:19:00.230+0800: 1.139: [GC (CMS Initial Mark) [1 CMS-initial-mark: 336422K(349568K)] 339274K(506816K), 0.0004680 secs] [Times: user=0.00 sys=0.00, real=0.00 secs] 
2021-11-13T16:19:00.231+0800: 1.139: [CMS-concurrent-mark-start]
2021-11-13T16:19:00.232+0800: 1.141: [CMS-concurrent-mark: 0.001/0.001 secs] [Times: user=0.05 sys=0.00, real=0.00 secs] 
2021-11-13T16:19:00.232+0800: 1.141: [CMS-concurrent-preclean-start]
2021-11-13T16:19:00.233+0800: 1.141: [CMS-concurrent-preclean: 0.000/0.000 secs] [Times: user=0.00 sys=0.00, real=0.00 secs] 
2021-11-13T16:19:00.233+0800: 1.141: [CMS-concurrent-abortable-preclean-start]
2021-11-13T16:19:00.249+0800: 1.157: [GC (Allocation Failure) 2021-11-13T16:19:00.249+0800: 1.158: [ParNew: 139776K->139776K(157248K), 0.0000311 secs]2021-11-13T16:19:00.249+0800: 1.158: [CMS2021-11-13T16:19:00.249+0800: 1.158: [CMS-concurrent-abortable-preclean: 0.000/0.017 secs] [Times: user=0.01 sys=0.00, real=0.02 secs] 
 (concurrent mode failure): 336422K->341856K(349568K), 0.0453928 secs] 476198K->341856K(506816K), [Metaspace: 3542K->3542K(1056768K)], 0.0455440 secs] [Times: user=0.05 sys=0.00, real=0.04 secs] 
2021-11-13T16:19:00.313+0800: 1.222: [GC (Allocation Failure) 2021-11-13T16:19:00.313+0800: 1.222: [ParNew: 139776K->139776K(157248K), 0.0000287 secs]2021-11-13T16:19:00.313+0800: 1.222: [CMS: 341856K->349537K(349568K), 0.0446656 secs] 481632K->352593K(506816K), [Metaspace: 3542K->3542K(1056768K)], 0.0448174 secs] [Times: user=0.05 sys=0.00, real=0.05 secs] 
2021-11-13T16:19:00.358+0800: 1.267: [GC (CMS Initial Mark) [1 CMS-initial-mark: 349537K(349568K)] 355530K(506816K), 0.0007970 secs] [Times: user=0.00 sys=0.00, real=0.00 secs] 
2021-11-13T16:19:00.359+0800: 1.268: [CMS-concurrent-mark-start]
Heap
 par new generation   total 157248K, used 8789K [0x00000000e0000000, 0x00000000eaaa0000, 0x00000000eaaa0000)
  eden space 139776K,   6% used [0x00000000e0000000, 0x00000000e0895440, 0x00000000e8880000)
  from space 17472K,   0% used [0x00000000e9990000, 0x00000000e9990000, 0x00000000eaaa0000)
  to   space 17472K,   0% used [0x00000000e8880000, 0x00000000e8880000, 0x00000000e9990000)
 concurrent mark-sweep generation total 349568K, used 349537K [0x00000000eaaa0000, 0x0000000100000000, 0x0000000100000000)
 Metaspace       used 3548K, capacity 4506K, committed 4864K, reserved 1056768K
  class space    used 391K, capacity 394K, committed 512K, reserved 1048576K
