Java HotSpot(TM) 64-Bit Server VM (25.151-b12) for windows-amd64 JRE (1.8.0_151-b12), built on Sep  5 2017 19:33:46 by "java_re" with MS VC++ 10.0 (VS2010)
Memory: 4k page, physical 8295652k(2553088k free), swap 14587108k(5261176k free)
CommandLine flags: -XX:InitialHeapSize=536870912 -XX:MaxHeapSize=536870912 -XX:+PrintGC -XX:+PrintGCDateStamps
-XX:+PrintGCDetails -XX:+PrintGCTimeStamps -XX:+UseCompressedClassPointers -XX:+UseCompressedOops
-XX:-UseLargePagesIndividualAllocation -XX:+UseSerialGC
2021-11-13T16:03:02.439+0800: 0.298: [GC (Allocation Failure) 2021-11-13T16:03:02.439+0800: 0.298: [DefNew: 139776K->17472K(157248K), 0.0280470 secs] 139776K->48053K(506816K), 0.0282318 secs] [Times: user=0.02 sys=0.02, real=0.03 secs] 
2021-11-13T16:03:02.490+0800: 0.350: [GC (Allocation Failure) 2021-11-13T16:03:02.490+0800: 0.350: [DefNew: 157143K->17471K(157248K), 0.0406730 secs] 187725K->91068K(506816K), 0.0407737 secs] [Times: user=0.03 sys=0.02, real=0.04 secs] 
2021-11-13T16:03:02.551+0800: 0.411: [GC (Allocation Failure) 2021-11-13T16:03:02.551+0800: 0.411: [DefNew: 157247K->17471K(157248K), 0.0306609 secs] 230844K->134693K(506816K), 0.0307535 secs] [Times: user=0.02 sys=0.01, real=0.03 secs] 
2021-11-13T16:03:02.607+0800: 0.467: [GC (Allocation Failure) 2021-11-13T16:03:02.607+0800: 0.467: [DefNew: 157247K->17471K(157248K), 0.0286179 secs] 274469K->179306K(506816K), 0.0286959 secs] [Times: user=0.02 sys=0.00, real=0.03 secs] 
2021-11-13T16:03:02.654+0800: 0.514: [GC (Allocation Failure) 2021-11-13T16:03:02.654+0800: 0.514: [DefNew: 157247K->17468K(157248K), 0.0328893 secs] 319082K->223412K(506816K), 0.0329715 secs] [Times: user=0.02 sys=0.02, real=0.03 secs] 
2021-11-13T16:03:02.708+0800: 0.568: [GC (Allocation Failure) 2021-11-13T16:03:02.709+0800: 0.568: [DefNew: 157244K->17471K(157248K), 0.0310208 secs] 363188K->270459K(506816K), 0.0311232 secs] [Times: user=0.02 sys=0.01, real=0.03 secs] 
2021-11-13T16:03:02.757+0800: 0.617: [GC (Allocation Failure) 2021-11-13T16:03:02.757+0800: 0.617: [DefNew: 157246K->17471K(157248K), 0.0271309 secs] 410234K->318234K(506816K), 0.0272281 secs] [Times: user=0.02 sys=0.02, real=0.03 secs] 
2021-11-13T16:03:02.802+0800: 0.662: [GC (Allocation Failure) 2021-11-13T16:03:02.802+0800: 0.662: [DefNew: 157247K->157247K(157248K), 0.0000261 secs]2021-11-13T16:03:02.802+0800: 0.662: [Tenured: 300762K->262428K(349568K), 0.0325107 secs] 458010K->262428K(506816K), [Metaspace: 3542K->3542K(1056768K)], 0.0326628 secs] [Times: user=0.03 sys=0.00, real=0.03 secs] 
2021-11-13T16:03:02.852+0800: 0.711: [GC (Allocation Failure) 2021-11-13T16:03:02.852+0800: 0.712: [DefNew: 139584K->17472K(157248K), 0.0051694 secs] 402012K->302048K(506816K), 0.0052567 secs] [Times: user=0.01 sys=0.00, real=0.01 secs] 
2021-11-13T16:03:02.875+0800: 0.734: [GC (Allocation Failure) 2021-11-13T16:03:02.875+0800: 0.734: [DefNew: 157248K->17469K(157248K), 0.0187672 secs] 441824K->345648K(506816K), 0.0188594 secs] [Times: user=0.00 sys=0.02, real=0.02 secs] 
2021-11-13T16:03:02.912+0800: 0.772: [GC (Allocation Failure) 2021-11-13T16:03:02.913+0800: 0.772: [DefNew: 157245K->157245K(157248K), 0.0000250 secs]2021-11-13T16:03:02.913+0800: 0.772: [Tenured: 328178K->303807K(349568K), 0.0361002 secs] 485424K->303807K(506816K), [Metaspace: 3542K->3542K(1056768K)], 0.0362423 secs] [Times: user=0.03 sys=0.00, real=0.04 secs] 
2021-11-13T16:03:02.966+0800: 0.825: [GC (Allocation Failure) 2021-11-13T16:03:02.966+0800: 0.825: [DefNew: 139776K->139776K(157248K), 0.0000256 secs]2021-11-13T16:03:02.966+0800: 0.825: [Tenured: 303807K->309763K(349568K), 0.0369083 secs] 443583K->309763K(506816K), [Metaspace: 3542K->3542K(1056768K)], 0.0370575 secs] [Times: user=0.03 sys=0.00, real=0.04 secs] 
2021-11-13T16:03:03.020+0800: 0.879: [GC (Allocation Failure) 2021-11-13T16:03:03.020+0800: 0.879: [DefNew: 139584K->139584K(157248K), 0.0000255 secs]2021-11-13T16:03:03.020+0800: 0.880: [Tenured: 309763K->306728K(349568K), 0.0392763 secs] 449347K->306728K(506816K), [Metaspace: 3542K->3542K(1056768K)], 0.0394148 secs] [Times: user=0.05 sys=0.00, real=0.04 secs] 
2021-11-13T16:03:03.104+0800: 0.963: [GC (Allocation Failure) 2021-11-13T16:03:03.104+0800: 0.963: [DefNew: 139776K->17471K(157248K), 0.0121001 secs] 446504K->357652K(506816K), 0.0121981 secs] [Times: user=0.01 sys=0.00, real=0.01 secs] 
2021-11-13T16:03:03.133+0800: 0.992: [GC (Allocation Failure) 2021-11-13T16:03:03.133+0800: 0.992: [DefNew: 157247K->157247K(157248K), 0.0000274 secs]2021-11-13T16:03:03.133+0800: 0.992: [Tenured: 340180K->346404K(349568K), 0.0401171 secs] 497428K->346404K(506816K), [Metaspace: 3542K->3542K(1056768K)], 0.0402843 secs] [Times: user=0.05 sys=0.00, real=0.04 secs] 
2021-11-13T16:03:03.192+0800: 1.051: [GC (Allocation Failure) 2021-11-13T16:03:03.192+0800: 1.051: [DefNew: 139671K->139671K(157248K), 0.0000252 secs]2021-11-13T16:03:03.192+0800: 1.051: [Tenured: 346404K->348710K(349568K), 0.0388542 secs] 486075K->348710K(506816K), [Metaspace: 3542K->3542K(1056768K)], 0.0389931 secs] [Times: user=0.03 sys=0.00, real=0.04 secs] 
2021-11-13T16:03:03.252+0800: 1.111: [GC (Allocation Failure) 2021-11-13T16:03:03.252+0800: 1.111: [DefNew: 139516K->139516K(157248K), 0.0000254 secs]2021-11-13T16:03:03.252+0800: 1.111: [Tenured: 348710K->349475K(349568K), 0.0402793 secs] 488226K->354183K(506816K), [Metaspace: 3542K->3542K(1056768K)], 0.0404159 secs] [Times: user=0.03 sys=0.00, real=0.04 secs] 
2021-11-13T16:03:03.316+0800: 1.175: [Full GC (Allocation Failure) 2021-11-13T16:03:03.316+0800: 1.175: [Tenured: 349475K->338651K(349568K), 0.0423087 secs] 506658K->338651K(506816K), [Metaspace: 3542K->3542K(1056768K)], 0.0424066 secs] [Times: user=0.05 sys=0.00, real=0.04 secs] 
Heap
 def new generation   total 157248K, used 6201K [0x00000000e0000000, 0x00000000eaaa0000, 0x00000000eaaa0000)
  eden space 139776K,   4% used [0x00000000e0000000, 0x00000000e060e550, 0x00000000e8880000)
  from space 17472K,   0% used [0x00000000e8880000, 0x00000000e8880000, 0x00000000e9990000)
  to   space 17472K,   0% used [0x00000000e9990000, 0x00000000e9990000, 0x00000000eaaa0000)
 tenured generation   total 349568K, used 338651K [0x00000000eaaa0000, 0x0000000100000000, 0x0000000100000000)
   the space 349568K,  96% used [0x00000000eaaa0000, 0x00000000ff556fd0, 0x00000000ff557000, 0x0000000100000000)
 Metaspace       used 3548K, capacity 4506K, committed 4864K, reserved 1056768K
  class space    used 391K, capacity 394K, committed 512K, reserved 1048576K
